/data/courses/2025_dat450_dit247/venvs/dat450_venv/bin/python3
Job started at: Thu Jan  8 10:56:22 AM CET 2026
Running on node: neptune
Job ID: 116049
GPU: 1
Loaded student dataset from: ./outputs/seed101_frac0.1/student_dataset_bertmini
Loading student model prajjwal1/bert-mini for distillation...
Loaded teacher and student models.
{'loss': 3.9891, 'grad_norm': 4.923877716064453, 'learning_rate': 4.7525e-05, 'epoch': 1.0}
{'eval_loss': 3.763371467590332, 'eval_accuracy': 0.41, 'eval_f1': 0.31971494948203527, 'eval_runtime': 2.4471, 'eval_samples_per_second': 817.28, 'eval_steps_per_second': 51.08, 'epoch': 1.0}
{'loss': 3.451, 'grad_norm': 9.911048889160156, 'learning_rate': 4.5025000000000003e-05, 'epoch': 2.0}
{'eval_loss': 3.062420129776001, 'eval_accuracy': 0.5675, 'eval_f1': 0.4439837765333435, 'eval_runtime': 2.3862, 'eval_samples_per_second': 838.159, 'eval_steps_per_second': 52.385, 'epoch': 2.0}
{'loss': 2.8497, 'grad_norm': 6.926146507263184, 'learning_rate': 4.2525000000000004e-05, 'epoch': 3.0}
{'eval_loss': 2.6493194103240967, 'eval_accuracy': 0.695, 'eval_f1': 0.6476259429440447, 'eval_runtime': 2.3922, 'eval_samples_per_second': 836.063, 'eval_steps_per_second': 52.254, 'epoch': 3.0}
{'loss': 2.3526, 'grad_norm': 9.808321952819824, 'learning_rate': 4.0025000000000004e-05, 'epoch': 4.0}
{'eval_loss': 2.1683456897735596, 'eval_accuracy': 0.7705, 'eval_f1': 0.7494529235777853, 'eval_runtime': 2.3886, 'eval_samples_per_second': 837.319, 'eval_steps_per_second': 52.332, 'epoch': 4.0}
{'loss': 1.8956, 'grad_norm': 8.423519134521484, 'learning_rate': 3.7525e-05, 'epoch': 5.0}
{'eval_loss': 1.893556833267212, 'eval_accuracy': 0.788, 'eval_f1': 0.7685150095613115, 'eval_runtime': 2.4038, 'eval_samples_per_second': 832.009, 'eval_steps_per_second': 52.001, 'epoch': 5.0}
{'loss': 1.5251, 'grad_norm': 16.062503814697266, 'learning_rate': 3.5025000000000004e-05, 'epoch': 6.0}
{'eval_loss': 1.6322298049926758, 'eval_accuracy': 0.8295, 'eval_f1': 0.8248830313716059, 'eval_runtime': 2.3929, 'eval_samples_per_second': 835.79, 'eval_steps_per_second': 52.237, 'epoch': 6.0}
{'loss': 1.2537, 'grad_norm': 4.524679183959961, 'learning_rate': 3.2525e-05, 'epoch': 7.0}
{'eval_loss': 1.4623141288757324, 'eval_accuracy': 0.852, 'eval_f1': 0.8503569628033981, 'eval_runtime': 2.367, 'eval_samples_per_second': 844.965, 'eval_steps_per_second': 52.81, 'epoch': 7.0}
{'loss': 1.0148, 'grad_norm': 14.000560760498047, 'learning_rate': 3.0025000000000005e-05, 'epoch': 8.0}
{'eval_loss': 1.3179467916488647, 'eval_accuracy': 0.855, 'eval_f1': 0.8510831038196122, 'eval_runtime': 2.2258, 'eval_samples_per_second': 898.545, 'eval_steps_per_second': 56.159, 'epoch': 8.0}
{'loss': 0.8369, 'grad_norm': 28.34450912475586, 'learning_rate': 2.7525e-05, 'epoch': 9.0}
{'eval_loss': 1.2307939529418945, 'eval_accuracy': 0.8595, 'eval_f1': 0.8579001096080958, 'eval_runtime': 2.2337, 'eval_samples_per_second': 895.388, 'eval_steps_per_second': 55.962, 'epoch': 9.0}
{'loss': 0.698, 'grad_norm': 4.262890338897705, 'learning_rate': 2.5025e-05, 'epoch': 10.0}
{'eval_loss': 1.1634302139282227, 'eval_accuracy': 0.8695, 'eval_f1': 0.8684301511934815, 'eval_runtime': 2.2364, 'eval_samples_per_second': 894.288, 'eval_steps_per_second': 55.893, 'epoch': 10.0}
{'loss': 0.562, 'grad_norm': 5.127992630004883, 'learning_rate': 2.2525000000000002e-05, 'epoch': 11.0}
{'eval_loss': 1.0759283304214478, 'eval_accuracy': 0.8755, 'eval_f1': 0.8747785835817824, 'eval_runtime': 2.2327, 'eval_samples_per_second': 895.773, 'eval_steps_per_second': 55.986, 'epoch': 11.0}
{'loss': 0.4409, 'grad_norm': 1.9345371723175049, 'learning_rate': 2.0025000000000002e-05, 'epoch': 12.0}
{'eval_loss': 1.0907238721847534, 'eval_accuracy': 0.867, 'eval_f1': 0.8656540456000948, 'eval_runtime': 2.2347, 'eval_samples_per_second': 894.98, 'eval_steps_per_second': 55.936, 'epoch': 12.0}
{'loss': 0.3642, 'grad_norm': 54.89670181274414, 'learning_rate': 1.7525e-05, 'epoch': 13.0}
{'eval_loss': 1.0365078449249268, 'eval_accuracy': 0.871, 'eval_f1': 0.8702720035432175, 'eval_runtime': 2.2456, 'eval_samples_per_second': 890.614, 'eval_steps_per_second': 55.663, 'epoch': 13.0}
{'loss': 0.289, 'grad_norm': 2.445617198944092, 'learning_rate': 1.5025000000000001e-05, 'epoch': 14.0}
{'eval_loss': 1.0429999828338623, 'eval_accuracy': 0.877, 'eval_f1': 0.8767357099614311, 'eval_runtime': 2.2438, 'eval_samples_per_second': 891.326, 'eval_steps_per_second': 55.708, 'epoch': 14.0}
{'loss': 0.2397, 'grad_norm': 9.733418464660645, 'learning_rate': 1.2525000000000001e-05, 'epoch': 15.0}
{'eval_loss': 1.0725303888320923, 'eval_accuracy': 0.879, 'eval_f1': 0.8776718226509959, 'eval_runtime': 2.2458, 'eval_samples_per_second': 890.541, 'eval_steps_per_second': 55.659, 'epoch': 15.0}
{'loss': 0.2068, 'grad_norm': 67.32381439208984, 'learning_rate': 1.0025000000000001e-05, 'epoch': 16.0}
{'eval_loss': 1.0434715747833252, 'eval_accuracy': 0.878, 'eval_f1': 0.8775459211043414, 'eval_runtime': 2.2379, 'eval_samples_per_second': 893.69, 'eval_steps_per_second': 55.856, 'epoch': 16.0}
{'loss': 0.2062, 'grad_norm': 5.743452548980713, 'learning_rate': 7.525e-06, 'epoch': 17.0}
{'eval_loss': 1.038449764251709, 'eval_accuracy': 0.8775, 'eval_f1': 0.8771003468596416, 'eval_runtime': 2.2438, 'eval_samples_per_second': 891.33, 'eval_steps_per_second': 55.708, 'epoch': 17.0}
{'loss': 0.1639, 'grad_norm': 0.9848107695579529, 'learning_rate': 5.025e-06, 'epoch': 18.0}
{'eval_loss': 1.0684174299240112, 'eval_accuracy': 0.882, 'eval_f1': 0.8815842354591664, 'eval_runtime': 2.247, 'eval_samples_per_second': 890.085, 'eval_steps_per_second': 55.63, 'epoch': 18.0}
{'loss': 0.1469, 'grad_norm': 4.440853595733643, 'learning_rate': 2.5250000000000004e-06, 'epoch': 19.0}
{'eval_loss': 1.0428708791732788, 'eval_accuracy': 0.881, 'eval_f1': 0.8804189539701712, 'eval_runtime': 2.25, 'eval_samples_per_second': 888.908, 'eval_steps_per_second': 55.557, 'epoch': 19.0}
{'loss': 0.1412, 'grad_norm': 2.169546365737915, 'learning_rate': 2.5000000000000002e-08, 'epoch': 20.0}
{'eval_loss': 1.0405224561691284, 'eval_accuracy': 0.882, 'eval_f1': 0.8814513201525915, 'eval_runtime': 2.2475, 'eval_samples_per_second': 889.867, 'eval_steps_per_second': 55.617, 'epoch': 20.0}
{'train_runtime': 98.393, 'train_samples_per_second': 325.226, 'train_steps_per_second': 20.327, 'train_loss': 1.1313655276298522, 'epoch': 20.0}
Distillation training completed. Evaluation metrics: {'val': {'eval_loss': 1.0684174299240112, 'eval_accuracy': 0.882, 'eval_f1': 0.8815842354591664, 'eval_runtime': 2.2481, 'eval_samples_per_second': 889.647, 'eval_steps_per_second': 55.603, 'epoch': 20.0}, 'test': {'eval_loss': 1.0840046405792236, 'eval_accuracy': 0.875, 'eval_f1': 0.8742089422062321, 'eval_runtime': 2.2504, 'eval_samples_per_second': 888.726, 'eval_steps_per_second': 55.545, 'epoch': 20.0}}
Job finished at: Thu Jan  8 10:58:24 AM CET 2026
