/data/courses/2025_dat450_dit247/venvs/dat450_venv/bin/python3
Job started at: Thu Dec 25 03:55:38 PM CET 2025
Running on node: europa
Job ID: 115336
GPU: 0

============================== LOADED DATASET ==============================
Fraction of training data:  1.0
Train: 16000, Val: 2000, Test: 2000

============================== LOADED DATASET ==============================
Fraction of training data:  1.0
Train: 16000, Val: 2000, Test: 2000

============================== LOADED DATASET ==============================
Fraction of training data:  1.0
Train: 16000, Val: 2000, Test: 2000
Saved student datasets to:
  ./outputs/seed101_frac1.0/student_dataset_distilbert
  ./outputs/seed101_frac1.0/student_dataset_bertmini

============================== Training teacher model ==============================
{'loss': 0.4445, 'grad_norm': 6.4801130294799805, 'learning_rate': 4.7505e-05, 'epoch': 1.0}
{'eval_loss': 0.18222907185554504, 'eval_accuracy': 0.9255, 'eval_f1': 0.9259002592084338, 'eval_runtime': 1.6945, 'eval_samples_per_second': 1180.262, 'eval_steps_per_second': 37.178, 'epoch': 1.0}
{'loss': 0.1451, 'grad_norm': 9.907821655273438, 'learning_rate': 4.5005e-05, 'epoch': 2.0}
{'eval_loss': 0.14960569143295288, 'eval_accuracy': 0.9345, 'eval_f1': 0.9333550553925672, 'eval_runtime': 1.9032, 'eval_samples_per_second': 1050.885, 'eval_steps_per_second': 33.103, 'epoch': 2.0}
{'loss': 0.1096, 'grad_norm': 3.2277121543884277, 'learning_rate': 4.2505e-05, 'epoch': 3.0}
{'eval_loss': 0.16015039384365082, 'eval_accuracy': 0.9375, 'eval_f1': 0.9380641164768221, 'eval_runtime': 1.729, 'eval_samples_per_second': 1156.761, 'eval_steps_per_second': 36.438, 'epoch': 3.0}
{'loss': 0.0938, 'grad_norm': 8.175902366638184, 'learning_rate': 4.0005e-05, 'epoch': 4.0}
{'eval_loss': 0.1709023416042328, 'eval_accuracy': 0.9315, 'eval_f1': 0.9318637501453882, 'eval_runtime': 1.7527, 'eval_samples_per_second': 1141.092, 'eval_steps_per_second': 35.944, 'epoch': 4.0}
{'loss': 0.073, 'grad_norm': 0.11445578187704086, 'learning_rate': 3.7505e-05, 'epoch': 5.0}
{'eval_loss': 0.2306894063949585, 'eval_accuracy': 0.932, 'eval_f1': 0.9319261082557435, 'eval_runtime': 1.7423, 'eval_samples_per_second': 1147.906, 'eval_steps_per_second': 36.159, 'epoch': 5.0}
{'loss': 0.0459, 'grad_norm': 0.8414050340652466, 'learning_rate': 3.5005e-05, 'epoch': 6.0}
{'eval_loss': 0.24960318207740784, 'eval_accuracy': 0.9415, 'eval_f1': 0.9410108521965512, 'eval_runtime': 1.7553, 'eval_samples_per_second': 1139.437, 'eval_steps_per_second': 35.892, 'epoch': 6.0}
{'loss': 0.0308, 'grad_norm': 39.7415657043457, 'learning_rate': 3.2505e-05, 'epoch': 7.0}
{'eval_loss': 0.34012097120285034, 'eval_accuracy': 0.9365, 'eval_f1': 0.9362586163146708, 'eval_runtime': 1.7291, 'eval_samples_per_second': 1156.641, 'eval_steps_per_second': 36.434, 'epoch': 7.0}
{'loss': 0.0197, 'grad_norm': 0.0211175587028265, 'learning_rate': 3.0004999999999998e-05, 'epoch': 8.0}
{'eval_loss': 0.3721676170825958, 'eval_accuracy': 0.9335, 'eval_f1': 0.9333740112048684, 'eval_runtime': 1.7324, 'eval_samples_per_second': 1154.5, 'eval_steps_per_second': 36.367, 'epoch': 8.0}
{'loss': 0.0156, 'grad_norm': 0.004052915144711733, 'learning_rate': 2.7505000000000002e-05, 'epoch': 9.0}
{'eval_loss': 0.3910521864891052, 'eval_accuracy': 0.939, 'eval_f1': 0.9391912626109626, 'eval_runtime': 1.7345, 'eval_samples_per_second': 1153.102, 'eval_steps_per_second': 36.323, 'epoch': 9.0}
{'loss': 0.018, 'grad_norm': 0.03202842175960541, 'learning_rate': 2.5005000000000002e-05, 'epoch': 10.0}
{'eval_loss': 0.38041943311691284, 'eval_accuracy': 0.937, 'eval_f1': 0.9372033467440612, 'eval_runtime': 1.7366, 'eval_samples_per_second': 1151.661, 'eval_steps_per_second': 36.277, 'epoch': 10.0}
{'loss': 0.0123, 'grad_norm': 0.0015135693829506636, 'learning_rate': 2.2505000000000002e-05, 'epoch': 11.0}
{'eval_loss': 0.4252453148365021, 'eval_accuracy': 0.9375, 'eval_f1': 0.9374475002782696, 'eval_runtime': 1.8222, 'eval_samples_per_second': 1097.558, 'eval_steps_per_second': 34.573, 'epoch': 11.0}
{'loss': 0.0124, 'grad_norm': 0.041656702756881714, 'learning_rate': 2.0005000000000002e-05, 'epoch': 12.0}
{'eval_loss': 0.3905591368675232, 'eval_accuracy': 0.9345, 'eval_f1': 0.9341840916803279, 'eval_runtime': 1.7697, 'eval_samples_per_second': 1130.148, 'eval_steps_per_second': 35.6, 'epoch': 12.0}
{'loss': 0.0068, 'grad_norm': 0.005134199745953083, 'learning_rate': 1.7505000000000003e-05, 'epoch': 13.0}
{'eval_loss': 0.4576692581176758, 'eval_accuracy': 0.9355, 'eval_f1': 0.9351984261089579, 'eval_runtime': 1.7453, 'eval_samples_per_second': 1145.939, 'eval_steps_per_second': 36.097, 'epoch': 13.0}
{'loss': 0.0069, 'grad_norm': 0.00234267208725214, 'learning_rate': 1.5005e-05, 'epoch': 14.0}
{'eval_loss': 0.46127191185951233, 'eval_accuracy': 0.9335, 'eval_f1': 0.9336720322233533, 'eval_runtime': 1.7484, 'eval_samples_per_second': 1143.927, 'eval_steps_per_second': 36.034, 'epoch': 14.0}
{'loss': 0.0053, 'grad_norm': 0.0009637635084800422, 'learning_rate': 1.2505e-05, 'epoch': 15.0}
{'eval_loss': 0.5183961987495422, 'eval_accuracy': 0.9325, 'eval_f1': 0.9320767937744524, 'eval_runtime': 1.7712, 'eval_samples_per_second': 1129.188, 'eval_steps_per_second': 35.569, 'epoch': 15.0}
{'loss': 0.0053, 'grad_norm': 0.0014036735519766808, 'learning_rate': 1.0005e-05, 'epoch': 16.0}
{'eval_loss': 0.48858821392059326, 'eval_accuracy': 0.9345, 'eval_f1': 0.93440511311455, 'eval_runtime': 1.7328, 'eval_samples_per_second': 1154.214, 'eval_steps_per_second': 36.358, 'epoch': 16.0}
{'loss': 0.0036, 'grad_norm': 0.47243574261665344, 'learning_rate': 7.505000000000001e-06, 'epoch': 17.0}
{'eval_loss': 0.513982892036438, 'eval_accuracy': 0.932, 'eval_f1': 0.9319249515279552, 'eval_runtime': 1.739, 'eval_samples_per_second': 1150.101, 'eval_steps_per_second': 36.228, 'epoch': 17.0}
{'loss': 0.0033, 'grad_norm': 0.6148014068603516, 'learning_rate': 5.005e-06, 'epoch': 18.0}
{'eval_loss': 0.5239211320877075, 'eval_accuracy': 0.9325, 'eval_f1': 0.9322667505390112, 'eval_runtime': 1.7436, 'eval_samples_per_second': 1147.038, 'eval_steps_per_second': 36.132, 'epoch': 18.0}
{'loss': 0.004, 'grad_norm': 0.0017647542990744114, 'learning_rate': 2.505e-06, 'epoch': 19.0}
{'eval_loss': 0.5250217318534851, 'eval_accuracy': 0.9325, 'eval_f1': 0.9322473389739707, 'eval_runtime': 1.7398, 'eval_samples_per_second': 1149.542, 'eval_steps_per_second': 36.211, 'epoch': 19.0}
{'loss': 0.0028, 'grad_norm': 0.0008637233404442668, 'learning_rate': 5e-09, 'epoch': 20.0}
{'eval_loss': 0.5271636843681335, 'eval_accuracy': 0.934, 'eval_f1': 0.9338040059851522, 'eval_runtime': 1.7482, 'eval_samples_per_second': 1144.029, 'eval_steps_per_second': 36.037, 'epoch': 20.0}
{'train_runtime': 1087.8372, 'train_samples_per_second': 294.162, 'train_steps_per_second': 9.193, 'train_loss': 0.05293411768674851, 'epoch': 20.0}

============================== Training student base model ==============================
{'loss': 0.4404, 'grad_norm': 2.154751777648926, 'learning_rate': 4.7505e-05, 'epoch': 1.0}
{'eval_loss': 0.18654268980026245, 'eval_accuracy': 0.926, 'eval_f1': 0.9265305118794211, 'eval_runtime': 0.9274, 'eval_samples_per_second': 2156.506, 'eval_steps_per_second': 67.93, 'epoch': 1.0}
{'loss': 0.1459, 'grad_norm': 1.3987833261489868, 'learning_rate': 4.5005e-05, 'epoch': 2.0}
{'eval_loss': 0.17494235932826996, 'eval_accuracy': 0.9305, 'eval_f1': 0.9291026906102514, 'eval_runtime': 0.9416, 'eval_samples_per_second': 2124.064, 'eval_steps_per_second': 66.908, 'epoch': 2.0}
{'loss': 0.1082, 'grad_norm': 1.225271463394165, 'learning_rate': 4.2505e-05, 'epoch': 3.0}
{'eval_loss': 0.14502234756946564, 'eval_accuracy': 0.941, 'eval_f1': 0.9411466689065502, 'eval_runtime': 0.9878, 'eval_samples_per_second': 2024.697, 'eval_steps_per_second': 63.778, 'epoch': 3.0}
{'loss': 0.0883, 'grad_norm': 29.46584129333496, 'learning_rate': 4.0005e-05, 'epoch': 4.0}
{'eval_loss': 0.15533392131328583, 'eval_accuracy': 0.938, 'eval_f1': 0.9389475902563305, 'eval_runtime': 0.9365, 'eval_samples_per_second': 2135.574, 'eval_steps_per_second': 67.271, 'epoch': 4.0}
{'loss': 0.06, 'grad_norm': 0.24713006615638733, 'learning_rate': 3.7505e-05, 'epoch': 5.0}
{'eval_loss': 0.2283942550420761, 'eval_accuracy': 0.9385, 'eval_f1': 0.9383945774676162, 'eval_runtime': 0.9321, 'eval_samples_per_second': 2145.768, 'eval_steps_per_second': 67.592, 'epoch': 5.0}
{'loss': 0.0469, 'grad_norm': 2.1060869693756104, 'learning_rate': 3.5005e-05, 'epoch': 6.0}
{'eval_loss': 0.2442241758108139, 'eval_accuracy': 0.939, 'eval_f1': 0.9384469646151558, 'eval_runtime': 0.928, 'eval_samples_per_second': 2155.242, 'eval_steps_per_second': 67.89, 'epoch': 6.0}
{'loss': 0.0311, 'grad_norm': 0.12048551440238953, 'learning_rate': 3.2505e-05, 'epoch': 7.0}
{'eval_loss': 0.24404212832450867, 'eval_accuracy': 0.9405, 'eval_f1': 0.9404786179784105, 'eval_runtime': 0.9274, 'eval_samples_per_second': 2156.565, 'eval_steps_per_second': 67.932, 'epoch': 7.0}
{'loss': 0.0207, 'grad_norm': 0.06277266889810562, 'learning_rate': 3.0004999999999998e-05, 'epoch': 8.0}
{'eval_loss': 0.31349241733551025, 'eval_accuracy': 0.938, 'eval_f1': 0.9377796509709614, 'eval_runtime': 0.9335, 'eval_samples_per_second': 2142.434, 'eval_steps_per_second': 67.487, 'epoch': 8.0}
{'loss': 0.0179, 'grad_norm': 0.4703930914402008, 'learning_rate': 2.7505000000000002e-05, 'epoch': 9.0}
{'eval_loss': 0.3105042278766632, 'eval_accuracy': 0.9425, 'eval_f1': 0.9424131884072025, 'eval_runtime': 0.9206, 'eval_samples_per_second': 2172.598, 'eval_steps_per_second': 68.437, 'epoch': 9.0}
{'loss': 0.0136, 'grad_norm': 0.179463729262352, 'learning_rate': 2.5005000000000002e-05, 'epoch': 10.0}
{'eval_loss': 0.3597713112831116, 'eval_accuracy': 0.9355, 'eval_f1': 0.9356181373513148, 'eval_runtime': 0.9335, 'eval_samples_per_second': 2142.49, 'eval_steps_per_second': 67.488, 'epoch': 10.0}
{'loss': 0.0105, 'grad_norm': 0.003097439417615533, 'learning_rate': 2.2505000000000002e-05, 'epoch': 11.0}
{'eval_loss': 0.38739365339279175, 'eval_accuracy': 0.9375, 'eval_f1': 0.9371382241302993, 'eval_runtime': 0.9423, 'eval_samples_per_second': 2122.431, 'eval_steps_per_second': 66.857, 'epoch': 11.0}
{'loss': 0.0086, 'grad_norm': 0.011347062885761261, 'learning_rate': 2.0005000000000002e-05, 'epoch': 12.0}
{'eval_loss': 0.36373114585876465, 'eval_accuracy': 0.943, 'eval_f1': 0.9430075104797117, 'eval_runtime': 0.9145, 'eval_samples_per_second': 2186.898, 'eval_steps_per_second': 68.887, 'epoch': 12.0}
{'loss': 0.0074, 'grad_norm': 0.0016519716009497643, 'learning_rate': 1.7505000000000003e-05, 'epoch': 13.0}
{'eval_loss': 0.3542771637439728, 'eval_accuracy': 0.9425, 'eval_f1': 0.9419597781466801, 'eval_runtime': 0.9118, 'eval_samples_per_second': 2193.441, 'eval_steps_per_second': 69.093, 'epoch': 13.0}
{'loss': 0.0053, 'grad_norm': 0.004902184009552002, 'learning_rate': 1.5005e-05, 'epoch': 14.0}
{'eval_loss': 0.4164102077484131, 'eval_accuracy': 0.943, 'eval_f1': 0.9427011502539717, 'eval_runtime': 0.9491, 'eval_samples_per_second': 2107.232, 'eval_steps_per_second': 66.378, 'epoch': 14.0}
{'loss': 0.0052, 'grad_norm': 0.0010046105599030852, 'learning_rate': 1.2505e-05, 'epoch': 15.0}
{'eval_loss': 0.39076822996139526, 'eval_accuracy': 0.9395, 'eval_f1': 0.9389817733569856, 'eval_runtime': 1.0528, 'eval_samples_per_second': 1899.669, 'eval_steps_per_second': 59.84, 'epoch': 15.0}
{'loss': 0.0047, 'grad_norm': 0.0004715976247098297, 'learning_rate': 1.0005e-05, 'epoch': 16.0}
{'eval_loss': 0.42360806465148926, 'eval_accuracy': 0.941, 'eval_f1': 0.9405022676632916, 'eval_runtime': 0.9363, 'eval_samples_per_second': 2136.01, 'eval_steps_per_second': 67.284, 'epoch': 16.0}
{'loss': 0.0039, 'grad_norm': 0.5403059124946594, 'learning_rate': 7.505000000000001e-06, 'epoch': 17.0}
{'eval_loss': 0.4401402473449707, 'eval_accuracy': 0.941, 'eval_f1': 0.9407055128263301, 'eval_runtime': 0.9862, 'eval_samples_per_second': 2027.916, 'eval_steps_per_second': 63.879, 'epoch': 17.0}
{'loss': 0.0037, 'grad_norm': 0.45762497186660767, 'learning_rate': 5.005e-06, 'epoch': 18.0}
{'eval_loss': 0.42752382159233093, 'eval_accuracy': 0.9405, 'eval_f1': 0.9402903658864558, 'eval_runtime': 0.9324, 'eval_samples_per_second': 2144.908, 'eval_steps_per_second': 67.565, 'epoch': 18.0}
{'loss': 0.0041, 'grad_norm': 0.00044301323941908777, 'learning_rate': 2.505e-06, 'epoch': 19.0}
{'eval_loss': 0.4324561059474945, 'eval_accuracy': 0.94, 'eval_f1': 0.9395233469923759, 'eval_runtime': 0.9441, 'eval_samples_per_second': 2118.408, 'eval_steps_per_second': 66.73, 'epoch': 19.0}
{'loss': 0.0027, 'grad_norm': 0.0005619165021926165, 'learning_rate': 5e-09, 'epoch': 20.0}
{'eval_loss': 0.4386313557624817, 'eval_accuracy': 0.9415, 'eval_f1': 0.9412354725877115, 'eval_runtime': 0.9461, 'eval_samples_per_second': 2113.833, 'eval_steps_per_second': 66.586, 'epoch': 20.0}
{'train_runtime': 590.4471, 'train_samples_per_second': 541.962, 'train_steps_per_second': 16.936, 'train_loss': 0.05145253937244415, 'epoch': 20.0}

============================== Training BERT tiny student base model ==============================
{'loss': 0.9771, 'grad_norm': 6.038383483886719, 'learning_rate': 4.7505e-05, 'epoch': 1.0}
{'eval_loss': 0.40856894850730896, 'eval_accuracy': 0.8835, 'eval_f1': 0.8820519028112076, 'eval_runtime': 0.3684, 'eval_samples_per_second': 5429.446, 'eval_steps_per_second': 171.028, 'epoch': 1.0}
{'loss': 0.3177, 'grad_norm': 13.088610649108887, 'learning_rate': 4.5005e-05, 'epoch': 2.0}
{'eval_loss': 0.2309807687997818, 'eval_accuracy': 0.924, 'eval_f1': 0.9242718943498681, 'eval_runtime': 0.37, 'eval_samples_per_second': 5406.031, 'eval_steps_per_second': 170.29, 'epoch': 2.0}
{'loss': 0.204, 'grad_norm': 5.906744956970215, 'learning_rate': 4.2505e-05, 'epoch': 3.0}
{'eval_loss': 0.20189908146858215, 'eval_accuracy': 0.926, 'eval_f1': 0.9264940811630545, 'eval_runtime': 0.3654, 'eval_samples_per_second': 5472.985, 'eval_steps_per_second': 172.399, 'epoch': 3.0}
{'loss': 0.1538, 'grad_norm': 11.240914344787598, 'learning_rate': 4.0005e-05, 'epoch': 4.0}
{'eval_loss': 0.193370521068573, 'eval_accuracy': 0.9305, 'eval_f1': 0.931397215354432, 'eval_runtime': 0.33, 'eval_samples_per_second': 6061.369, 'eval_steps_per_second': 190.933, 'epoch': 4.0}
{'loss': 0.1297, 'grad_norm': 5.514741897583008, 'learning_rate': 3.7505e-05, 'epoch': 5.0}
{'eval_loss': 0.18192975223064423, 'eval_accuracy': 0.929, 'eval_f1': 0.9293930449660306, 'eval_runtime': 0.3284, 'eval_samples_per_second': 6090.118, 'eval_steps_per_second': 191.839, 'epoch': 5.0}
{'loss': 0.1097, 'grad_norm': 6.3103861808776855, 'learning_rate': 3.5005e-05, 'epoch': 6.0}
{'eval_loss': 0.17028729617595673, 'eval_accuracy': 0.94, 'eval_f1': 0.9401323349887919, 'eval_runtime': 0.4163, 'eval_samples_per_second': 4804.378, 'eval_steps_per_second': 151.338, 'epoch': 6.0}
{'loss': 0.0927, 'grad_norm': 0.9308227896690369, 'learning_rate': 3.2505e-05, 'epoch': 7.0}
{'eval_loss': 0.2144068330526352, 'eval_accuracy': 0.931, 'eval_f1': 0.9297595254619804, 'eval_runtime': 0.3266, 'eval_samples_per_second': 6123.228, 'eval_steps_per_second': 192.882, 'epoch': 7.0}
{'loss': 0.0788, 'grad_norm': 1.607988953590393, 'learning_rate': 3.0004999999999998e-05, 'epoch': 8.0}
{'eval_loss': 0.23473365604877472, 'eval_accuracy': 0.926, 'eval_f1': 0.9267065532988827, 'eval_runtime': 0.3571, 'eval_samples_per_second': 5599.988, 'eval_steps_per_second': 176.4, 'epoch': 8.0}
{'loss': 0.0686, 'grad_norm': 2.87911057472229, 'learning_rate': 2.7505000000000002e-05, 'epoch': 9.0}
{'eval_loss': 0.24580901861190796, 'eval_accuracy': 0.93, 'eval_f1': 0.9302518238596901, 'eval_runtime': 0.3647, 'eval_samples_per_second': 5483.686, 'eval_steps_per_second': 172.736, 'epoch': 9.0}
{'loss': 0.0556, 'grad_norm': 11.71079158782959, 'learning_rate': 2.5005000000000002e-05, 'epoch': 10.0}
{'eval_loss': 0.2504728436470032, 'eval_accuracy': 0.934, 'eval_f1': 0.9346463425065471, 'eval_runtime': 0.3265, 'eval_samples_per_second': 6124.802, 'eval_steps_per_second': 192.931, 'epoch': 10.0}
{'loss': 0.0565, 'grad_norm': 10.232832908630371, 'learning_rate': 2.2505000000000002e-05, 'epoch': 11.0}
{'eval_loss': 0.24581722915172577, 'eval_accuracy': 0.936, 'eval_f1': 0.9360799747452606, 'eval_runtime': 0.3493, 'eval_samples_per_second': 5725.836, 'eval_steps_per_second': 180.364, 'epoch': 11.0}
{'loss': 0.0437, 'grad_norm': 8.106545448303223, 'learning_rate': 2.0005000000000002e-05, 'epoch': 12.0}
{'eval_loss': 0.27498069405555725, 'eval_accuracy': 0.9295, 'eval_f1': 0.9300214387335624, 'eval_runtime': 0.3612, 'eval_samples_per_second': 5537.426, 'eval_steps_per_second': 174.429, 'epoch': 12.0}
{'loss': 0.0378, 'grad_norm': 0.4252728819847107, 'learning_rate': 1.7505000000000003e-05, 'epoch': 13.0}
{'eval_loss': 0.2896297574043274, 'eval_accuracy': 0.929, 'eval_f1': 0.9292360199461118, 'eval_runtime': 0.3445, 'eval_samples_per_second': 5804.956, 'eval_steps_per_second': 182.856, 'epoch': 13.0}
{'loss': 0.0293, 'grad_norm': 1.5442787408828735, 'learning_rate': 1.5005e-05, 'epoch': 14.0}
{'eval_loss': 0.3204748034477234, 'eval_accuracy': 0.934, 'eval_f1': 0.9342517624041873, 'eval_runtime': 0.3263, 'eval_samples_per_second': 6128.744, 'eval_steps_per_second': 193.055, 'epoch': 14.0}
{'loss': 0.0323, 'grad_norm': 1.0254836082458496, 'learning_rate': 1.2505e-05, 'epoch': 15.0}
{'eval_loss': 0.31712836027145386, 'eval_accuracy': 0.932, 'eval_f1': 0.9320459323553686, 'eval_runtime': 0.39, 'eval_samples_per_second': 5127.828, 'eval_steps_per_second': 161.527, 'epoch': 15.0}
{'loss': 0.0271, 'grad_norm': 0.03537536785006523, 'learning_rate': 1.0005e-05, 'epoch': 16.0}
{'eval_loss': 0.3213961124420166, 'eval_accuracy': 0.9345, 'eval_f1': 0.934721848635878, 'eval_runtime': 0.3597, 'eval_samples_per_second': 5559.43, 'eval_steps_per_second': 175.122, 'epoch': 16.0}
{'loss': 0.0313, 'grad_norm': 8.474417686462402, 'learning_rate': 7.505000000000001e-06, 'epoch': 17.0}
{'eval_loss': 0.3356206715106964, 'eval_accuracy': 0.935, 'eval_f1': 0.9351422541974885, 'eval_runtime': 0.3296, 'eval_samples_per_second': 6067.88, 'eval_steps_per_second': 191.138, 'epoch': 17.0}
{'loss': 0.0228, 'grad_norm': 8.29078483581543, 'learning_rate': 5.005e-06, 'epoch': 18.0}
{'eval_loss': 0.34240472316741943, 'eval_accuracy': 0.9315, 'eval_f1': 0.9316924047050029, 'eval_runtime': 0.3603, 'eval_samples_per_second': 5550.646, 'eval_steps_per_second': 174.845, 'epoch': 18.0}
{'loss': 0.0198, 'grad_norm': 0.06500449031591415, 'learning_rate': 2.505e-06, 'epoch': 19.0}
{'eval_loss': 0.34578990936279297, 'eval_accuracy': 0.9355, 'eval_f1': 0.9354544938087725, 'eval_runtime': 0.3432, 'eval_samples_per_second': 5827.053, 'eval_steps_per_second': 183.552, 'epoch': 19.0}
{'loss': 0.0178, 'grad_norm': 0.1437871754169464, 'learning_rate': 5e-09, 'epoch': 20.0}
{'eval_loss': 0.3458379805088043, 'eval_accuracy': 0.935, 'eval_f1': 0.9349578078975718, 'eval_runtime': 0.6363, 'eval_samples_per_second': 3143.279, 'eval_steps_per_second': 99.013, 'epoch': 20.0}
{'train_runtime': 134.2912, 'train_samples_per_second': 2382.881, 'train_steps_per_second': 74.465, 'train_loss': 0.1253080949783325, 'epoch': 20.0}
Job finished at: Thu Dec 25 04:26:48 PM CET 2025
