/data/courses/2025_dat450_dit247/venvs/dat450_venv/bin/python3
Job started at: Fri Dec 26 12:44:20 PM CET 2025
Running on node: uranus
Job ID: 115347
GPU: 0
Loaded student dataset from: ./outputs/seed101_frac0.1/student_dataset_bertmini
Loading student model prajjwal1/bert-mini for distillation...
Loaded teacher and student models.
{'loss': 4.2624, 'grad_norm': 4.42255163192749, 'learning_rate': 4.7525e-05, 'epoch': 1.0}
{'eval_loss': 4.0514421463012695, 'eval_accuracy': 0.4705, 'eval_f1': 0.3582038166437143, 'eval_runtime': 2.5146, 'eval_samples_per_second': 795.362, 'eval_steps_per_second': 49.71, 'epoch': 1.0}
{'loss': 3.7824, 'grad_norm': 6.260984420776367, 'learning_rate': 4.5025000000000003e-05, 'epoch': 2.0}
{'eval_loss': 3.428144931793213, 'eval_accuracy': 0.561, 'eval_f1': 0.4416838451057982, 'eval_runtime': 2.4808, 'eval_samples_per_second': 806.198, 'eval_steps_per_second': 50.387, 'epoch': 2.0}
{'loss': 3.2573, 'grad_norm': 7.046616554260254, 'learning_rate': 4.2525000000000004e-05, 'epoch': 3.0}
{'eval_loss': 3.0293262004852295, 'eval_accuracy': 0.678, 'eval_f1': 0.609528944475618, 'eval_runtime': 2.3907, 'eval_samples_per_second': 836.559, 'eval_steps_per_second': 52.285, 'epoch': 3.0}
{'loss': 2.8056, 'grad_norm': 6.034955978393555, 'learning_rate': 4.0025000000000004e-05, 'epoch': 4.0}
{'eval_loss': 2.6377172470092773, 'eval_accuracy': 0.726, 'eval_f1': 0.6715449601963194, 'eval_runtime': 2.3653, 'eval_samples_per_second': 845.551, 'eval_steps_per_second': 52.847, 'epoch': 4.0}
{'loss': 2.3668, 'grad_norm': 10.446015357971191, 'learning_rate': 3.7525e-05, 'epoch': 5.0}
{'eval_loss': 2.3594470024108887, 'eval_accuracy': 0.748, 'eval_f1': 0.7033056074329874, 'eval_runtime': 2.3853, 'eval_samples_per_second': 838.464, 'eval_steps_per_second': 52.404, 'epoch': 5.0}
{'loss': 1.945, 'grad_norm': 20.20347023010254, 'learning_rate': 3.5025000000000004e-05, 'epoch': 6.0}
{'eval_loss': 2.029219150543213, 'eval_accuracy': 0.8045, 'eval_f1': 0.792478498886758, 'eval_runtime': 2.3955, 'eval_samples_per_second': 834.884, 'eval_steps_per_second': 52.18, 'epoch': 6.0}
{'loss': 1.636, 'grad_norm': 4.924336910247803, 'learning_rate': 3.2525e-05, 'epoch': 7.0}
{'eval_loss': 1.8271441459655762, 'eval_accuracy': 0.837, 'eval_f1': 0.8351187883032187, 'eval_runtime': 2.3324, 'eval_samples_per_second': 857.493, 'eval_steps_per_second': 53.593, 'epoch': 7.0}
{'loss': 1.3462, 'grad_norm': 17.86226463317871, 'learning_rate': 3.0025000000000005e-05, 'epoch': 8.0}
{'eval_loss': 1.7012338638305664, 'eval_accuracy': 0.8175, 'eval_f1': 0.8037599319210053, 'eval_runtime': 2.2453, 'eval_samples_per_second': 890.757, 'eval_steps_per_second': 55.672, 'epoch': 8.0}
{'loss': 1.1594, 'grad_norm': 28.994125366210938, 'learning_rate': 2.7525e-05, 'epoch': 9.0}
{'eval_loss': 1.5382583141326904, 'eval_accuracy': 0.8515, 'eval_f1': 0.8494251521597832, 'eval_runtime': 2.206, 'eval_samples_per_second': 906.6, 'eval_steps_per_second': 56.663, 'epoch': 9.0}
{'loss': 0.9745, 'grad_norm': 4.660840034484863, 'learning_rate': 2.5025e-05, 'epoch': 10.0}
{'eval_loss': 1.4197399616241455, 'eval_accuracy': 0.861, 'eval_f1': 0.8604657346165898, 'eval_runtime': 2.2517, 'eval_samples_per_second': 888.232, 'eval_steps_per_second': 55.515, 'epoch': 10.0}
{'loss': 0.8202, 'grad_norm': 17.908334732055664, 'learning_rate': 2.2525000000000002e-05, 'epoch': 11.0}
{'eval_loss': 1.3208202123641968, 'eval_accuracy': 0.871, 'eval_f1': 0.8705112401344641, 'eval_runtime': 2.2545, 'eval_samples_per_second': 887.131, 'eval_steps_per_second': 55.446, 'epoch': 11.0}
{'loss': 0.6686, 'grad_norm': 6.422709941864014, 'learning_rate': 2.0025000000000002e-05, 'epoch': 12.0}
{'eval_loss': 1.314068078994751, 'eval_accuracy': 0.8725, 'eval_f1': 0.8712537279933261, 'eval_runtime': 2.2055, 'eval_samples_per_second': 906.808, 'eval_steps_per_second': 56.676, 'epoch': 12.0}
{'loss': 0.5566, 'grad_norm': 3.2055435180664062, 'learning_rate': 1.7525e-05, 'epoch': 13.0}
{'eval_loss': 1.2894047498703003, 'eval_accuracy': 0.873, 'eval_f1': 0.871914897757198, 'eval_runtime': 2.2301, 'eval_samples_per_second': 896.804, 'eval_steps_per_second': 56.05, 'epoch': 13.0}
{'loss': 0.4808, 'grad_norm': 2.4623396396636963, 'learning_rate': 1.5025000000000001e-05, 'epoch': 14.0}
{'eval_loss': 1.298883080482483, 'eval_accuracy': 0.8685, 'eval_f1': 0.8679223205568114, 'eval_runtime': 2.2211, 'eval_samples_per_second': 900.46, 'eval_steps_per_second': 56.279, 'epoch': 14.0}
{'loss': 0.4123, 'grad_norm': 3.5168137550354004, 'learning_rate': 1.2525000000000001e-05, 'epoch': 15.0}
{'eval_loss': 1.2945301532745361, 'eval_accuracy': 0.87, 'eval_f1': 0.8692793464867797, 'eval_runtime': 2.2178, 'eval_samples_per_second': 901.777, 'eval_steps_per_second': 56.361, 'epoch': 15.0}
{'loss': 0.3477, 'grad_norm': 3.1916990280151367, 'learning_rate': 1.0025000000000001e-05, 'epoch': 16.0}
{'eval_loss': 1.302939534187317, 'eval_accuracy': 0.8685, 'eval_f1': 0.8676678044439298, 'eval_runtime': 2.2433, 'eval_samples_per_second': 891.525, 'eval_steps_per_second': 55.72, 'epoch': 16.0}
{'loss': 0.3225, 'grad_norm': 4.889126777648926, 'learning_rate': 7.525e-06, 'epoch': 17.0}
{'eval_loss': 1.291957974433899, 'eval_accuracy': 0.8765, 'eval_f1': 0.8760441556951124, 'eval_runtime': 2.2267, 'eval_samples_per_second': 898.185, 'eval_steps_per_second': 56.137, 'epoch': 17.0}
{'loss': 0.2996, 'grad_norm': 1.134666919708252, 'learning_rate': 5.025e-06, 'epoch': 18.0}
{'eval_loss': 1.2790673971176147, 'eval_accuracy': 0.873, 'eval_f1': 0.8729964809661018, 'eval_runtime': 2.2573, 'eval_samples_per_second': 886.013, 'eval_steps_per_second': 55.376, 'epoch': 18.0}
{'loss': 0.2803, 'grad_norm': 1.891372561454773, 'learning_rate': 2.5250000000000004e-06, 'epoch': 19.0}
{'eval_loss': 1.2767564058303833, 'eval_accuracy': 0.876, 'eval_f1': 0.8754537659230816, 'eval_runtime': 2.2157, 'eval_samples_per_second': 902.633, 'eval_steps_per_second': 56.415, 'epoch': 19.0}
{'loss': 0.294, 'grad_norm': 0.9858678579330444, 'learning_rate': 2.5000000000000002e-08, 'epoch': 20.0}
{'eval_loss': 1.2743515968322754, 'eval_accuracy': 0.8775, 'eval_f1': 0.8771196137080295, 'eval_runtime': 2.2633, 'eval_samples_per_second': 883.647, 'eval_steps_per_second': 55.228, 'epoch': 20.0}
{'train_runtime': 100.0608, 'train_samples_per_second': 319.806, 'train_steps_per_second': 19.988, 'train_loss': 1.400912034034729, 'epoch': 20.0}
Distillation training completed. Evaluation metrics: {'val': {'eval_loss': 1.2743515968322754, 'eval_accuracy': 0.8775, 'eval_f1': 0.8771196137080295, 'eval_runtime': 2.2157, 'eval_samples_per_second': 902.659, 'eval_steps_per_second': 56.416, 'epoch': 20.0}, 'test': {'eval_loss': 1.273913860321045, 'eval_accuracy': 0.867, 'eval_f1': 0.8662993346567932, 'eval_runtime': 2.2164, 'eval_samples_per_second': 902.361, 'eval_steps_per_second': 56.398, 'epoch': 20.0}}
Job finished at: Fri Dec 26 12:46:53 PM CET 2025
