/data/courses/2025_dat450_dit247/venvs/dat450_venv/bin/python3
Job started at: Mon Jan 12 10:40:22 AM CET 2026
Running on node: europa
Job ID: 116712
GPU: 3

============================== LOADED DATASET ==============================
Fraction of training data:  0.05
Train: 800, Val: 2000, Test: 2000
Saved student dataset to:
  ./outputs2/seed101_frac0.05/student_dataset_bertmini

============================== Training student model prajjwal1/bert-mini==============================
{'loss': 1.6253, 'grad_norm': 2.899214029312134, 'learning_rate': 4.76e-05, 'epoch': 1.0}
{'eval_loss': 1.5635830163955688, 'eval_accuracy': 0.374, 'eval_f1': 0.24951603061460503, 'eval_runtime': 0.4966, 'eval_samples_per_second': 4027.184, 'eval_steps_per_second': 126.856, 'epoch': 1.0}
{'loss': 1.5382, 'grad_norm': 1.8098856210708618, 'learning_rate': 4.5100000000000005e-05, 'epoch': 2.0}
{'eval_loss': 1.512445092201233, 'eval_accuracy': 0.456, 'eval_f1': 0.3460348354168686, 'eval_runtime': 0.5114, 'eval_samples_per_second': 3910.556, 'eval_steps_per_second': 123.183, 'epoch': 2.0}
{'loss': 1.4421, 'grad_norm': 2.5118227005004883, 'learning_rate': 4.26e-05, 'epoch': 3.0}
{'eval_loss': 1.3837217092514038, 'eval_accuracy': 0.522, 'eval_f1': 0.4047710605754773, 'eval_runtime': 0.4858, 'eval_samples_per_second': 4116.9, 'eval_steps_per_second': 129.682, 'epoch': 3.0}
{'loss': 1.2965, 'grad_norm': 3.640964984893799, 'learning_rate': 4.0100000000000006e-05, 'epoch': 4.0}
{'eval_loss': 1.2714771032333374, 'eval_accuracy': 0.54, 'eval_f1': 0.4248771316761787, 'eval_runtime': 0.4775, 'eval_samples_per_second': 4188.283, 'eval_steps_per_second': 131.931, 'epoch': 4.0}
{'loss': 1.1514, 'grad_norm': 3.653031349182129, 'learning_rate': 3.76e-05, 'epoch': 5.0}
{'eval_loss': 1.1802152395248413, 'eval_accuracy': 0.563, 'eval_f1': 0.4607817626533041, 'eval_runtime': 0.4641, 'eval_samples_per_second': 4309.127, 'eval_steps_per_second': 135.738, 'epoch': 5.0}
{'loss': 1.0544, 'grad_norm': 5.317680835723877, 'learning_rate': 3.51e-05, 'epoch': 6.0}
{'eval_loss': 1.0890306234359741, 'eval_accuracy': 0.626, 'eval_f1': 0.5565017690737053, 'eval_runtime': 0.4656, 'eval_samples_per_second': 4295.262, 'eval_steps_per_second': 135.301, 'epoch': 6.0}
{'loss': 0.9533, 'grad_norm': 5.106560707092285, 'learning_rate': 3.26e-05, 'epoch': 7.0}
{'eval_loss': 1.0224030017852783, 'eval_accuracy': 0.648, 'eval_f1': 0.5830104507760431, 'eval_runtime': 0.4639, 'eval_samples_per_second': 4311.453, 'eval_steps_per_second': 135.811, 'epoch': 7.0}
{'loss': 0.8583, 'grad_norm': 4.037204265594482, 'learning_rate': 3.01e-05, 'epoch': 8.0}
{'eval_loss': 0.9746124148368835, 'eval_accuracy': 0.6775, 'eval_f1': 0.6261665346770658, 'eval_runtime': 0.4639, 'eval_samples_per_second': 4311.34, 'eval_steps_per_second': 135.807, 'epoch': 8.0}
{'loss': 0.7693, 'grad_norm': 5.230961799621582, 'learning_rate': 2.7600000000000003e-05, 'epoch': 9.0}
{'eval_loss': 0.9212088584899902, 'eval_accuracy': 0.704, 'eval_f1': 0.6581581404537845, 'eval_runtime': 0.4664, 'eval_samples_per_second': 4288.067, 'eval_steps_per_second': 135.074, 'epoch': 9.0}
{'loss': 0.7116, 'grad_norm': 4.836097240447998, 'learning_rate': 2.51e-05, 'epoch': 10.0}
{'eval_loss': 0.9235109090805054, 'eval_accuracy': 0.687, 'eval_f1': 0.6463252509403703, 'eval_runtime': 0.4665, 'eval_samples_per_second': 4287.059, 'eval_steps_per_second': 135.042, 'epoch': 10.0}
{'loss': 0.6531, 'grad_norm': 7.098781585693359, 'learning_rate': 2.26e-05, 'epoch': 11.0}
{'eval_loss': 0.8435013890266418, 'eval_accuracy': 0.726, 'eval_f1': 0.693453519952307, 'eval_runtime': 0.5124, 'eval_samples_per_second': 3903.27, 'eval_steps_per_second': 122.953, 'epoch': 11.0}
{'loss': 0.581, 'grad_norm': 6.42572546005249, 'learning_rate': 2.01e-05, 'epoch': 12.0}
{'eval_loss': 0.8231483101844788, 'eval_accuracy': 0.7425, 'eval_f1': 0.7235588005825535, 'eval_runtime': 0.464, 'eval_samples_per_second': 4310.682, 'eval_steps_per_second': 135.786, 'epoch': 12.0}
{'loss': 0.5409, 'grad_norm': 4.3850603103637695, 'learning_rate': 1.76e-05, 'epoch': 13.0}
{'eval_loss': 0.7994075417518616, 'eval_accuracy': 0.7475, 'eval_f1': 0.7330879239152391, 'eval_runtime': 0.4735, 'eval_samples_per_second': 4224.26, 'eval_steps_per_second': 133.064, 'epoch': 13.0}
{'loss': 0.4984, 'grad_norm': 3.6657989025115967, 'learning_rate': 1.51e-05, 'epoch': 14.0}
{'eval_loss': 0.775566577911377, 'eval_accuracy': 0.755, 'eval_f1': 0.7452901498158409, 'eval_runtime': 0.4638, 'eval_samples_per_second': 4312.39, 'eval_steps_per_second': 135.84, 'epoch': 14.0}
{'loss': 0.4487, 'grad_norm': 3.2398178577423096, 'learning_rate': 1.2600000000000001e-05, 'epoch': 15.0}
{'eval_loss': 0.7592204809188843, 'eval_accuracy': 0.759, 'eval_f1': 0.7482951689833326, 'eval_runtime': 0.4714, 'eval_samples_per_second': 4242.488, 'eval_steps_per_second': 133.638, 'epoch': 15.0}
{'loss': 0.4287, 'grad_norm': 7.438887119293213, 'learning_rate': 1.0100000000000002e-05, 'epoch': 16.0}
{'eval_loss': 0.7461244463920593, 'eval_accuracy': 0.7705, 'eval_f1': 0.7658656036394796, 'eval_runtime': 0.4663, 'eval_samples_per_second': 4289.244, 'eval_steps_per_second': 135.111, 'epoch': 16.0}
{'loss': 0.4017, 'grad_norm': 3.1287124156951904, 'learning_rate': 7.6e-06, 'epoch': 17.0}
{'eval_loss': 0.7427345514297485, 'eval_accuracy': 0.7655, 'eval_f1': 0.7602605881296913, 'eval_runtime': 0.4646, 'eval_samples_per_second': 4305.051, 'eval_steps_per_second': 135.609, 'epoch': 17.0}
{'loss': 0.3952, 'grad_norm': 6.628066062927246, 'learning_rate': 5.1e-06, 'epoch': 18.0}
{'eval_loss': 0.7367090582847595, 'eval_accuracy': 0.7705, 'eval_f1': 0.7657956602586868, 'eval_runtime': 0.465, 'eval_samples_per_second': 4301.279, 'eval_steps_per_second': 135.49, 'epoch': 18.0}
{'loss': 0.3699, 'grad_norm': 2.902393341064453, 'learning_rate': 2.6e-06, 'epoch': 19.0}
{'eval_loss': 0.7295022010803223, 'eval_accuracy': 0.7725, 'eval_f1': 0.7685535625143921, 'eval_runtime': 0.5066, 'eval_samples_per_second': 3947.838, 'eval_steps_per_second': 124.357, 'epoch': 19.0}
{'loss': 0.3651, 'grad_norm': 5.142050266265869, 'learning_rate': 1.0000000000000001e-07, 'epoch': 20.0}
{'eval_loss': 0.7286044955253601, 'eval_accuracy': 0.7775, 'eval_f1': 0.7736907381562966, 'eval_runtime': 0.4982, 'eval_samples_per_second': 4014.745, 'eval_steps_per_second': 126.464, 'epoch': 20.0}
{'train_runtime': 25.8783, 'train_samples_per_second': 618.278, 'train_steps_per_second': 19.321, 'train_loss': 0.80415425491333, 'epoch': 20.0}
Job finished at: Mon Jan 12 10:41:09 AM CET 2026
