/data/courses/2025_dat450_dit247/venvs/dat450_venv/bin/python3
Job started at: Wed Jan  7 09:11:11 PM CET 2026
Running on node: europa
Job ID: 115982
GPU: 1

============================== LOADED DATASET ==============================
Fraction of training data:  1.0
Train: 16000, Val: 2000, Test: 2000

============================== LOADED DATASET ==============================
Fraction of training data:  0.5
Train: 8000, Val: 2000, Test: 2000

============================== LOADED DATASET ==============================
Fraction of training data:  0.5
Train: 8000, Val: 2000, Test: 2000
Saved student datasets to:
  ./outputs/seed101_frac0.5/student_dataset_distilbert
  ./outputs/seed101_frac0.5/student_dataset_bertmini

============================== Training teacher model ==============================
{'loss': 0.4496, 'grad_norm': 4.841361045837402, 'learning_rate': 4.7505e-05, 'epoch': 1.0}
{'eval_loss': 0.20952367782592773, 'eval_accuracy': 0.929, 'eval_f1': 0.9297491308530349, 'eval_runtime': 1.6952, 'eval_samples_per_second': 1179.775, 'eval_steps_per_second': 37.163, 'epoch': 1.0}
{'loss': 0.1444, 'grad_norm': 0.8595338463783264, 'learning_rate': 4.5005e-05, 'epoch': 2.0}
{'eval_loss': 0.1612442582845688, 'eval_accuracy': 0.937, 'eval_f1': 0.9358281138628469, 'eval_runtime': 1.6498, 'eval_samples_per_second': 1212.242, 'eval_steps_per_second': 38.186, 'epoch': 2.0}
{'loss': 0.1098, 'grad_norm': 4.089709758758545, 'learning_rate': 4.2505e-05, 'epoch': 3.0}
{'eval_loss': 0.1391431838274002, 'eval_accuracy': 0.9425, 'eval_f1': 0.9425290756417273, 'eval_runtime': 1.8446, 'eval_samples_per_second': 1084.264, 'eval_steps_per_second': 34.154, 'epoch': 3.0}
{'loss': 0.0923, 'grad_norm': 8.008903503417969, 'learning_rate': 4.0005e-05, 'epoch': 4.0}
{'eval_loss': 0.17878881096839905, 'eval_accuracy': 0.93, 'eval_f1': 0.9307583277597506, 'eval_runtime': 1.7138, 'eval_samples_per_second': 1167.01, 'eval_steps_per_second': 36.761, 'epoch': 4.0}
{'loss': 0.0682, 'grad_norm': 4.765944957733154, 'learning_rate': 3.7505e-05, 'epoch': 5.0}
{'eval_loss': 0.2096245288848877, 'eval_accuracy': 0.9355, 'eval_f1': 0.9355252444223221, 'eval_runtime': 1.8473, 'eval_samples_per_second': 1082.642, 'eval_steps_per_second': 34.103, 'epoch': 5.0}
{'loss': 0.0485, 'grad_norm': 6.638068675994873, 'learning_rate': 3.5005e-05, 'epoch': 6.0}
{'eval_loss': 0.2401084303855896, 'eval_accuracy': 0.9385, 'eval_f1': 0.9388714999600406, 'eval_runtime': 1.677, 'eval_samples_per_second': 1192.608, 'eval_steps_per_second': 37.567, 'epoch': 6.0}
{'loss': 0.0335, 'grad_norm': 0.008130783215165138, 'learning_rate': 3.2505e-05, 'epoch': 7.0}
{'eval_loss': 0.28042328357696533, 'eval_accuracy': 0.9365, 'eval_f1': 0.935422968851113, 'eval_runtime': 1.6957, 'eval_samples_per_second': 1179.426, 'eval_steps_per_second': 37.152, 'epoch': 7.0}
{'loss': 0.0243, 'grad_norm': 0.3394377529621124, 'learning_rate': 3.0004999999999998e-05, 'epoch': 8.0}
{'eval_loss': 0.31627753376960754, 'eval_accuracy': 0.9405, 'eval_f1': 0.9406213267515503, 'eval_runtime': 1.672, 'eval_samples_per_second': 1196.137, 'eval_steps_per_second': 37.678, 'epoch': 8.0}
{'loss': 0.0167, 'grad_norm': 0.014915318228304386, 'learning_rate': 2.7505000000000002e-05, 'epoch': 9.0}
{'eval_loss': 0.37465137243270874, 'eval_accuracy': 0.9425, 'eval_f1': 0.9423588260271244, 'eval_runtime': 1.6703, 'eval_samples_per_second': 1197.393, 'eval_steps_per_second': 37.718, 'epoch': 9.0}
{'loss': 0.0191, 'grad_norm': 0.013115431182086468, 'learning_rate': 2.5005000000000002e-05, 'epoch': 10.0}
{'eval_loss': 0.370978444814682, 'eval_accuracy': 0.935, 'eval_f1': 0.9356043817639332, 'eval_runtime': 1.6696, 'eval_samples_per_second': 1197.918, 'eval_steps_per_second': 37.734, 'epoch': 10.0}
{'loss': 0.0114, 'grad_norm': 0.005063668359071016, 'learning_rate': 2.2505000000000002e-05, 'epoch': 11.0}
{'eval_loss': 0.3666022717952728, 'eval_accuracy': 0.9395, 'eval_f1': 0.9395894511452916, 'eval_runtime': 1.6715, 'eval_samples_per_second': 1196.546, 'eval_steps_per_second': 37.691, 'epoch': 11.0}
{'loss': 0.0096, 'grad_norm': 0.017997629940509796, 'learning_rate': 2.0005000000000002e-05, 'epoch': 12.0}
{'eval_loss': 0.333822637796402, 'eval_accuracy': 0.937, 'eval_f1': 0.937077487613809, 'eval_runtime': 1.683, 'eval_samples_per_second': 1188.357, 'eval_steps_per_second': 37.433, 'epoch': 12.0}
{'loss': 0.0085, 'grad_norm': 0.00209023873321712, 'learning_rate': 1.7505000000000003e-05, 'epoch': 13.0}
{'eval_loss': 0.40731292963027954, 'eval_accuracy': 0.9415, 'eval_f1': 0.9412775210114828, 'eval_runtime': 1.6933, 'eval_samples_per_second': 1181.117, 'eval_steps_per_second': 37.205, 'epoch': 13.0}
{'loss': 0.0058, 'grad_norm': 0.08322710543870926, 'learning_rate': 1.5005e-05, 'epoch': 14.0}
{'eval_loss': 0.4292108714580536, 'eval_accuracy': 0.938, 'eval_f1': 0.9383687963607974, 'eval_runtime': 1.6669, 'eval_samples_per_second': 1199.836, 'eval_steps_per_second': 37.795, 'epoch': 14.0}
{'loss': 0.0043, 'grad_norm': 0.0014086472801864147, 'learning_rate': 1.2505e-05, 'epoch': 15.0}
{'eval_loss': 0.47636309266090393, 'eval_accuracy': 0.9365, 'eval_f1': 0.9359266715179017, 'eval_runtime': 1.6625, 'eval_samples_per_second': 1202.999, 'eval_steps_per_second': 37.894, 'epoch': 15.0}
{'loss': 0.0057, 'grad_norm': 0.0009567987872287631, 'learning_rate': 1.0005e-05, 'epoch': 16.0}
{'eval_loss': 0.44553831219673157, 'eval_accuracy': 0.9425, 'eval_f1': 0.9420987918546976, 'eval_runtime': 1.6681, 'eval_samples_per_second': 1198.946, 'eval_steps_per_second': 37.767, 'epoch': 16.0}
{'loss': 0.0034, 'grad_norm': 0.6189783215522766, 'learning_rate': 7.505000000000001e-06, 'epoch': 17.0}
{'eval_loss': 0.4513745903968811, 'eval_accuracy': 0.9405, 'eval_f1': 0.9402816343931585, 'eval_runtime': 1.6641, 'eval_samples_per_second': 1201.882, 'eval_steps_per_second': 37.859, 'epoch': 17.0}
{'loss': 0.0035, 'grad_norm': 0.5304229259490967, 'learning_rate': 5.005e-06, 'epoch': 18.0}
{'eval_loss': 0.44664266705513, 'eval_accuracy': 0.94, 'eval_f1': 0.939887518507392, 'eval_runtime': 1.7106, 'eval_samples_per_second': 1169.176, 'eval_steps_per_second': 36.829, 'epoch': 18.0}
{'loss': 0.0039, 'grad_norm': 0.0009416892426088452, 'learning_rate': 2.505e-06, 'epoch': 19.0}
{'eval_loss': 0.45579004287719727, 'eval_accuracy': 0.942, 'eval_f1': 0.9419280926392217, 'eval_runtime': 1.6693, 'eval_samples_per_second': 1198.101, 'eval_steps_per_second': 37.74, 'epoch': 19.0}
{'loss': 0.0034, 'grad_norm': 0.006759457755833864, 'learning_rate': 5e-09, 'epoch': 20.0}
{'eval_loss': 0.46058231592178345, 'eval_accuracy': 0.9405, 'eval_f1': 0.9404606603853292, 'eval_runtime': 1.6756, 'eval_samples_per_second': 1193.592, 'eval_steps_per_second': 37.598, 'epoch': 20.0}
{'train_runtime': 1082.4574, 'train_samples_per_second': 295.624, 'train_steps_per_second': 9.238, 'train_loss': 0.053288498544692996, 'epoch': 20.0}

============================== Training BERT tiny student base model ==============================
{'loss': 1.2871, 'grad_norm': 6.188467979431152, 'learning_rate': 4.7510000000000004e-05, 'epoch': 1.0}
{'eval_loss': 0.8329309225082397, 'eval_accuracy': 0.7165, 'eval_f1': 0.658543978485727, 'eval_runtime': 0.3315, 'eval_samples_per_second': 6034.032, 'eval_steps_per_second': 190.072, 'epoch': 1.0}
{'loss': 0.6328, 'grad_norm': 4.608757972717285, 'learning_rate': 4.5010000000000004e-05, 'epoch': 2.0}
{'eval_loss': 0.42813387513160706, 'eval_accuracy': 0.8765, 'eval_f1': 0.875087894604792, 'eval_runtime': 0.3803, 'eval_samples_per_second': 5259.507, 'eval_steps_per_second': 165.674, 'epoch': 2.0}
{'loss': 0.3438, 'grad_norm': 7.601719379425049, 'learning_rate': 4.251e-05, 'epoch': 3.0}
{'eval_loss': 0.29434263706207275, 'eval_accuracy': 0.907, 'eval_f1': 0.9071466728526143, 'eval_runtime': 0.3293, 'eval_samples_per_second': 6073.315, 'eval_steps_per_second': 191.309, 'epoch': 3.0}
{'loss': 0.2441, 'grad_norm': 6.740378379821777, 'learning_rate': 4.0010000000000005e-05, 'epoch': 4.0}
{'eval_loss': 0.24927805364131927, 'eval_accuracy': 0.9145, 'eval_f1': 0.9145466677421388, 'eval_runtime': 0.3269, 'eval_samples_per_second': 6117.999, 'eval_steps_per_second': 192.717, 'epoch': 4.0}
{'loss': 0.1835, 'grad_norm': 5.972487449645996, 'learning_rate': 3.751e-05, 'epoch': 5.0}
{'eval_loss': 0.24102552235126495, 'eval_accuracy': 0.9205, 'eval_f1': 0.9210129288096458, 'eval_runtime': 0.3292, 'eval_samples_per_second': 6075.206, 'eval_steps_per_second': 191.369, 'epoch': 5.0}
{'loss': 0.1478, 'grad_norm': 3.8096485137939453, 'learning_rate': 3.5010000000000005e-05, 'epoch': 6.0}
{'eval_loss': 0.27083611488342285, 'eval_accuracy': 0.9145, 'eval_f1': 0.9142447296718723, 'eval_runtime': 0.3295, 'eval_samples_per_second': 6070.115, 'eval_steps_per_second': 191.209, 'epoch': 6.0}
{'loss': 0.1204, 'grad_norm': 4.554640293121338, 'learning_rate': 3.251e-05, 'epoch': 7.0}
{'eval_loss': 0.2500869333744049, 'eval_accuracy': 0.919, 'eval_f1': 0.9191120838246117, 'eval_runtime': 0.3284, 'eval_samples_per_second': 6089.716, 'eval_steps_per_second': 191.826, 'epoch': 7.0}
{'loss': 0.109, 'grad_norm': 14.726778984069824, 'learning_rate': 3.001e-05, 'epoch': 8.0}
{'eval_loss': 0.2570209205150604, 'eval_accuracy': 0.9215, 'eval_f1': 0.9217166370446516, 'eval_runtime': 0.3274, 'eval_samples_per_second': 6108.345, 'eval_steps_per_second': 192.413, 'epoch': 8.0}
{'loss': 0.0903, 'grad_norm': 9.394213676452637, 'learning_rate': 2.7510000000000003e-05, 'epoch': 9.0}
{'eval_loss': 0.26730743050575256, 'eval_accuracy': 0.9165, 'eval_f1': 0.9168401008071251, 'eval_runtime': 0.3268, 'eval_samples_per_second': 6119.369, 'eval_steps_per_second': 192.76, 'epoch': 9.0}
{'loss': 0.0745, 'grad_norm': 19.708276748657227, 'learning_rate': 2.501e-05, 'epoch': 10.0}
{'eval_loss': 0.2988261580467224, 'eval_accuracy': 0.92, 'eval_f1': 0.9200107838243804, 'eval_runtime': 0.3281, 'eval_samples_per_second': 6095.406, 'eval_steps_per_second': 192.005, 'epoch': 10.0}
{'loss': 0.0652, 'grad_norm': 12.685290336608887, 'learning_rate': 2.251e-05, 'epoch': 11.0}
{'eval_loss': 0.3033798933029175, 'eval_accuracy': 0.9195, 'eval_f1': 0.9198107036937809, 'eval_runtime': 0.3276, 'eval_samples_per_second': 6105.037, 'eval_steps_per_second': 192.309, 'epoch': 11.0}
{'loss': 0.062, 'grad_norm': 6.028070449829102, 'learning_rate': 2.001e-05, 'epoch': 12.0}
{'eval_loss': 0.31080713868141174, 'eval_accuracy': 0.9215, 'eval_f1': 0.9217456937428099, 'eval_runtime': 0.3299, 'eval_samples_per_second': 6062.5, 'eval_steps_per_second': 190.969, 'epoch': 12.0}
{'loss': 0.0504, 'grad_norm': 21.21925163269043, 'learning_rate': 1.751e-05, 'epoch': 13.0}
{'eval_loss': 0.32571619749069214, 'eval_accuracy': 0.921, 'eval_f1': 0.9212309362193711, 'eval_runtime': 0.3282, 'eval_samples_per_second': 6094.175, 'eval_steps_per_second': 191.967, 'epoch': 13.0}
{'loss': 0.0438, 'grad_norm': 4.339560031890869, 'learning_rate': 1.5010000000000002e-05, 'epoch': 14.0}
{'eval_loss': 0.328367680311203, 'eval_accuracy': 0.926, 'eval_f1': 0.9260155707302968, 'eval_runtime': 0.3283, 'eval_samples_per_second': 6091.759, 'eval_steps_per_second': 191.89, 'epoch': 14.0}
{'loss': 0.0312, 'grad_norm': 0.40317171812057495, 'learning_rate': 1.2509999999999999e-05, 'epoch': 15.0}
{'eval_loss': 0.34509003162384033, 'eval_accuracy': 0.9225, 'eval_f1': 0.9229730419251923, 'eval_runtime': 0.3284, 'eval_samples_per_second': 6089.632, 'eval_steps_per_second': 191.823, 'epoch': 15.0}
{'loss': 0.0378, 'grad_norm': 21.104084014892578, 'learning_rate': 1.001e-05, 'epoch': 16.0}
{'eval_loss': 0.3488175570964813, 'eval_accuracy': 0.924, 'eval_f1': 0.924207868493687, 'eval_runtime': 0.3278, 'eval_samples_per_second': 6101.991, 'eval_steps_per_second': 192.213, 'epoch': 16.0}
{'loss': 0.0289, 'grad_norm': 8.581818580627441, 'learning_rate': 7.51e-06, 'epoch': 17.0}
{'eval_loss': 0.37060466408729553, 'eval_accuracy': 0.9225, 'eval_f1': 0.9228853308638362, 'eval_runtime': 0.3273, 'eval_samples_per_second': 6111.491, 'eval_steps_per_second': 192.512, 'epoch': 17.0}
{'loss': 0.0254, 'grad_norm': 0.11352699995040894, 'learning_rate': 5.01e-06, 'epoch': 18.0}
{'eval_loss': 0.3777797222137451, 'eval_accuracy': 0.921, 'eval_f1': 0.9213663452534979, 'eval_runtime': 0.3323, 'eval_samples_per_second': 6018.464, 'eval_steps_per_second': 189.582, 'epoch': 18.0}
{'loss': 0.0256, 'grad_norm': 0.21973784267902374, 'learning_rate': 2.51e-06, 'epoch': 19.0}
{'eval_loss': 0.37722480297088623, 'eval_accuracy': 0.9215, 'eval_f1': 0.9215744671771379, 'eval_runtime': 0.3283, 'eval_samples_per_second': 6091.308, 'eval_steps_per_second': 191.876, 'epoch': 19.0}
{'loss': 0.0217, 'grad_norm': 4.549825191497803, 'learning_rate': 1e-08, 'epoch': 20.0}
{'eval_loss': 0.37706053256988525, 'eval_accuracy': 0.923, 'eval_f1': 0.9230941013735631, 'eval_runtime': 0.3556, 'eval_samples_per_second': 5623.85, 'eval_steps_per_second': 177.151, 'epoch': 20.0}
{'train_runtime': 73.8258, 'train_samples_per_second': 2167.263, 'train_steps_per_second': 67.727, 'train_loss': 0.18127897090911865, 'epoch': 20.0}
Job finished at: Wed Jan  7 09:30:50 PM CET 2026
