/data/courses/2025_dat450_dit247/venvs/dat450_venv/bin/python3
Job started at: Thu Dec 25 03:39:23 PM CET 2025
Running on node: europa
Job ID: 115335
GPU: 0
Loaded student dataset from: ./outputs/seed101_frac0.5/student_dataset_bertmini
Loading student model prajjwal1/bert-mini for distillation...
Loaded teacher and student models.
{'loss': 3.0819, 'grad_norm': 17.120502471923828, 'learning_rate': 4.7505e-05, 'epoch': 1.0}
{'eval_loss': 1.874508023262024, 'eval_accuracy': 0.787, 'eval_f1': 0.7462360553307921, 'eval_runtime': 6.298, 'eval_samples_per_second': 317.559, 'eval_steps_per_second': 19.847, 'epoch': 1.0}
{'loss': 1.4308, 'grad_norm': 9.622788429260254, 'learning_rate': 4.5005e-05, 'epoch': 2.0}
{'eval_loss': 0.9629603028297424, 'eval_accuracy': 0.897, 'eval_f1': 0.8969886808002154, 'eval_runtime': 6.3185, 'eval_samples_per_second': 316.532, 'eval_steps_per_second': 19.783, 'epoch': 2.0}
{'loss': 0.7814, 'grad_norm': 17.891202926635742, 'learning_rate': 4.2505e-05, 'epoch': 3.0}
{'eval_loss': 0.6538655161857605, 'eval_accuracy': 0.915, 'eval_f1': 0.9145729048351355, 'eval_runtime': 6.332, 'eval_samples_per_second': 315.856, 'eval_steps_per_second': 19.741, 'epoch': 3.0}
{'loss': 0.5168, 'grad_norm': 0.6807013750076294, 'learning_rate': 4.0005e-05, 'epoch': 4.0}
{'eval_loss': 0.6717279553413391, 'eval_accuracy': 0.915, 'eval_f1': 0.9148546484189835, 'eval_runtime': 6.3983, 'eval_samples_per_second': 312.583, 'eval_steps_per_second': 19.536, 'epoch': 4.0}
{'loss': 0.4106, 'grad_norm': 7.199103355407715, 'learning_rate': 3.7505e-05, 'epoch': 5.0}
{'eval_loss': 0.554722249507904, 'eval_accuracy': 0.922, 'eval_f1': 0.9229137863744951, 'eval_runtime': 6.4541, 'eval_samples_per_second': 309.882, 'eval_steps_per_second': 19.368, 'epoch': 5.0}
{'loss': 0.3437, 'grad_norm': 4.217780590057373, 'learning_rate': 3.5005e-05, 'epoch': 6.0}
{'eval_loss': 0.6028371453285217, 'eval_accuracy': 0.918, 'eval_f1': 0.9177123444581877, 'eval_runtime': 6.4814, 'eval_samples_per_second': 308.573, 'eval_steps_per_second': 19.286, 'epoch': 6.0}
{'loss': 0.2639, 'grad_norm': 41.08966064453125, 'learning_rate': 3.2505e-05, 'epoch': 7.0}
{'eval_loss': 0.5959464907646179, 'eval_accuracy': 0.9175, 'eval_f1': 0.9177320441172269, 'eval_runtime': 6.478, 'eval_samples_per_second': 308.736, 'eval_steps_per_second': 19.296, 'epoch': 7.0}
{'loss': 0.2131, 'grad_norm': 110.19090270996094, 'learning_rate': 3.0004999999999998e-05, 'epoch': 8.0}
{'eval_loss': 0.6674132943153381, 'eval_accuracy': 0.914, 'eval_f1': 0.9143997350618689, 'eval_runtime': 6.4224, 'eval_samples_per_second': 311.409, 'eval_steps_per_second': 19.463, 'epoch': 8.0}
{'loss': 0.1764, 'grad_norm': 29.623388290405273, 'learning_rate': 2.7505000000000002e-05, 'epoch': 9.0}
{'eval_loss': 0.6464769840240479, 'eval_accuracy': 0.918, 'eval_f1': 0.9183786761159182, 'eval_runtime': 6.4513, 'eval_samples_per_second': 310.017, 'eval_steps_per_second': 19.376, 'epoch': 9.0}
{'loss': 0.1641, 'grad_norm': 1.9891438484191895, 'learning_rate': 2.5005000000000002e-05, 'epoch': 10.0}
{'eval_loss': 0.6589666604995728, 'eval_accuracy': 0.921, 'eval_f1': 0.9209016198661495, 'eval_runtime': 6.4528, 'eval_samples_per_second': 309.941, 'eval_steps_per_second': 19.371, 'epoch': 10.0}
{'loss': 0.1318, 'grad_norm': 0.6865444183349609, 'learning_rate': 2.2505000000000002e-05, 'epoch': 11.0}
{'eval_loss': 0.6778663396835327, 'eval_accuracy': 0.918, 'eval_f1': 0.9181565355344129, 'eval_runtime': 6.6182, 'eval_samples_per_second': 302.198, 'eval_steps_per_second': 18.887, 'epoch': 11.0}
{'loss': 0.1218, 'grad_norm': 0.1948457956314087, 'learning_rate': 2.0005000000000002e-05, 'epoch': 12.0}
{'eval_loss': 0.6190891861915588, 'eval_accuracy': 0.9265, 'eval_f1': 0.927035228872788, 'eval_runtime': 6.4478, 'eval_samples_per_second': 310.182, 'eval_steps_per_second': 19.386, 'epoch': 12.0}
{'loss': 0.0936, 'grad_norm': 2.990778684616089, 'learning_rate': 1.7505000000000003e-05, 'epoch': 13.0}
{'eval_loss': 0.6195117235183716, 'eval_accuracy': 0.924, 'eval_f1': 0.9241468909327293, 'eval_runtime': 6.4447, 'eval_samples_per_second': 310.331, 'eval_steps_per_second': 19.396, 'epoch': 13.0}
{'loss': 0.0858, 'grad_norm': 0.14797762036323547, 'learning_rate': 1.5005e-05, 'epoch': 14.0}
{'eval_loss': 0.5936237573623657, 'eval_accuracy': 0.923, 'eval_f1': 0.9234040410655588, 'eval_runtime': 6.4251, 'eval_samples_per_second': 311.277, 'eval_steps_per_second': 19.455, 'epoch': 14.0}
{'loss': 0.0624, 'grad_norm': 5.936707973480225, 'learning_rate': 1.2505e-05, 'epoch': 15.0}
{'eval_loss': 0.5948487520217896, 'eval_accuracy': 0.9255, 'eval_f1': 0.9260524290924779, 'eval_runtime': 6.4631, 'eval_samples_per_second': 309.447, 'eval_steps_per_second': 19.34, 'epoch': 15.0}
{'loss': 0.062, 'grad_norm': 44.74800109863281, 'learning_rate': 1.0005e-05, 'epoch': 16.0}
{'eval_loss': 0.5910773873329163, 'eval_accuracy': 0.9225, 'eval_f1': 0.9228449856644678, 'eval_runtime': 6.6447, 'eval_samples_per_second': 300.992, 'eval_steps_per_second': 18.812, 'epoch': 16.0}
{'loss': 0.0664, 'grad_norm': 25.460567474365234, 'learning_rate': 7.505000000000001e-06, 'epoch': 17.0}
{'eval_loss': 0.618903398513794, 'eval_accuracy': 0.921, 'eval_f1': 0.9212977077970784, 'eval_runtime': 6.4377, 'eval_samples_per_second': 310.671, 'eval_steps_per_second': 19.417, 'epoch': 17.0}
{'loss': 0.07, 'grad_norm': 0.24569855630397797, 'learning_rate': 5.005e-06, 'epoch': 18.0}
{'eval_loss': 0.6207414269447327, 'eval_accuracy': 0.924, 'eval_f1': 0.9244821891547378, 'eval_runtime': 6.4391, 'eval_samples_per_second': 310.602, 'eval_steps_per_second': 19.413, 'epoch': 18.0}
{'loss': 0.0553, 'grad_norm': 0.08572623133659363, 'learning_rate': 2.505e-06, 'epoch': 19.0}
{'eval_loss': 0.5888866186141968, 'eval_accuracy': 0.9215, 'eval_f1': 0.921855614475203, 'eval_runtime': 6.4662, 'eval_samples_per_second': 309.302, 'eval_steps_per_second': 19.331, 'epoch': 19.0}
{'loss': 0.0487, 'grad_norm': 2.801549196243286, 'learning_rate': 5e-09, 'epoch': 20.0}
{'eval_loss': 0.5906529426574707, 'eval_accuracy': 0.9245, 'eval_f1': 0.9247102183734377, 'eval_runtime': 6.4915, 'eval_samples_per_second': 308.096, 'eval_steps_per_second': 19.256, 'epoch': 20.0}
{'train_runtime': 701.6081, 'train_samples_per_second': 228.048, 'train_steps_per_second': 14.253, 'train_loss': 0.4090243116378784, 'epoch': 20.0}
Distillation training completed. Evaluation metrics: {'val': {'eval_loss': 0.6190891861915588, 'eval_accuracy': 0.9265, 'eval_f1': 0.927035228872788, 'eval_runtime': 6.3807, 'eval_samples_per_second': 313.444, 'eval_steps_per_second': 19.59, 'epoch': 20.0}, 'test': {'eval_loss': 0.6116232872009277, 'eval_accuracy': 0.9215, 'eval_f1': 0.9218001787252448, 'eval_runtime': 6.4126, 'eval_samples_per_second': 311.886, 'eval_steps_per_second': 19.493, 'epoch': 20.0}}
Job finished at: Thu Dec 25 03:51:57 PM CET 2025
