/data/courses/2025_dat450_dit247/venvs/dat450_venv/bin/python3
Job started at: Wed Jan  7 09:10:33 PM CET 2026
Running on node: europa
Job ID: 115980
GPU: 0

============================== LOADED DATASET ==============================
Fraction of training data:  1.0
Train: 16000, Val: 2000, Test: 2000

============================== LOADED DATASET ==============================
Fraction of training data:  0.1
Train: 1600, Val: 2000, Test: 2000

============================== LOADED DATASET ==============================
Fraction of training data:  0.1
Train: 1600, Val: 2000, Test: 2000
Saved student datasets to:
  ./outputs/seed101_frac0.1/student_dataset_distilbert
  ./outputs/seed101_frac0.1/student_dataset_bertmini

============================== Training teacher model ==============================
{'loss': 0.4093, 'grad_norm': 1.4548282623291016, 'learning_rate': 4.7505e-05, 'epoch': 1.0}
{'eval_loss': 0.18734408915042877, 'eval_accuracy': 0.9295, 'eval_f1': 0.9305920078758184, 'eval_runtime': 1.6663, 'eval_samples_per_second': 1200.246, 'eval_steps_per_second': 37.808, 'epoch': 1.0}
{'loss': 0.1368, 'grad_norm': 0.9792473912239075, 'learning_rate': 4.5005e-05, 'epoch': 2.0}
{'eval_loss': 0.16136224567890167, 'eval_accuracy': 0.935, 'eval_f1': 0.9337280372368993, 'eval_runtime': 1.6812, 'eval_samples_per_second': 1189.64, 'eval_steps_per_second': 37.474, 'epoch': 2.0}
{'loss': 0.1094, 'grad_norm': 8.997112274169922, 'learning_rate': 4.2505e-05, 'epoch': 3.0}
{'eval_loss': 0.1558724045753479, 'eval_accuracy': 0.9405, 'eval_f1': 0.9406419060112001, 'eval_runtime': 1.8345, 'eval_samples_per_second': 1090.187, 'eval_steps_per_second': 34.341, 'epoch': 3.0}
{'loss': 0.0942, 'grad_norm': 8.420368194580078, 'learning_rate': 4.0005e-05, 'epoch': 4.0}
{'eval_loss': 0.1530149132013321, 'eval_accuracy': 0.941, 'eval_f1': 0.9411733587386694, 'eval_runtime': 1.6974, 'eval_samples_per_second': 1178.288, 'eval_steps_per_second': 37.116, 'epoch': 4.0}
{'loss': 0.0712, 'grad_norm': 0.43393418192863464, 'learning_rate': 3.7505e-05, 'epoch': 5.0}
{'eval_loss': 0.21936364471912384, 'eval_accuracy': 0.9385, 'eval_f1': 0.9379496111089721, 'eval_runtime': 1.813, 'eval_samples_per_second': 1103.127, 'eval_steps_per_second': 34.749, 'epoch': 5.0}
{'loss': 0.0505, 'grad_norm': 1.1919211149215698, 'learning_rate': 3.5005e-05, 'epoch': 6.0}
{'eval_loss': 0.26682034134864807, 'eval_accuracy': 0.9375, 'eval_f1': 0.9371313738655508, 'eval_runtime': 1.7153, 'eval_samples_per_second': 1165.968, 'eval_steps_per_second': 36.728, 'epoch': 6.0}
{'loss': 0.0352, 'grad_norm': 0.02370741218328476, 'learning_rate': 3.2505e-05, 'epoch': 7.0}
{'eval_loss': 0.2652798593044281, 'eval_accuracy': 0.9395, 'eval_f1': 0.9388301067025575, 'eval_runtime': 1.7189, 'eval_samples_per_second': 1163.564, 'eval_steps_per_second': 36.652, 'epoch': 7.0}
{'loss': 0.0212, 'grad_norm': 14.45090389251709, 'learning_rate': 3.0004999999999998e-05, 'epoch': 8.0}
{'eval_loss': 0.3572782576084137, 'eval_accuracy': 0.9415, 'eval_f1': 0.9411800674222753, 'eval_runtime': 1.731, 'eval_samples_per_second': 1155.379, 'eval_steps_per_second': 36.394, 'epoch': 8.0}
{'loss': 0.0179, 'grad_norm': 28.656023025512695, 'learning_rate': 2.7505000000000002e-05, 'epoch': 9.0}
{'eval_loss': 0.3561939597129822, 'eval_accuracy': 0.939, 'eval_f1': 0.939192572408254, 'eval_runtime': 1.7428, 'eval_samples_per_second': 1147.59, 'eval_steps_per_second': 36.149, 'epoch': 9.0}
{'loss': 0.0161, 'grad_norm': 0.018804267048835754, 'learning_rate': 2.5005000000000002e-05, 'epoch': 10.0}
{'eval_loss': 0.35892361402511597, 'eval_accuracy': 0.9325, 'eval_f1': 0.9323514106090015, 'eval_runtime': 1.6922, 'eval_samples_per_second': 1181.86, 'eval_steps_per_second': 37.229, 'epoch': 10.0}
{'loss': 0.01, 'grad_norm': 0.0014716245932504535, 'learning_rate': 2.2505000000000002e-05, 'epoch': 11.0}
{'eval_loss': 0.4313945174217224, 'eval_accuracy': 0.937, 'eval_f1': 0.9369287807027303, 'eval_runtime': 1.6941, 'eval_samples_per_second': 1180.584, 'eval_steps_per_second': 37.188, 'epoch': 11.0}
{'loss': 0.0089, 'grad_norm': 0.0075021060183644295, 'learning_rate': 2.0005000000000002e-05, 'epoch': 12.0}
{'eval_loss': 0.36037909984588623, 'eval_accuracy': 0.9395, 'eval_f1': 0.9392439907035154, 'eval_runtime': 1.7194, 'eval_samples_per_second': 1163.169, 'eval_steps_per_second': 36.64, 'epoch': 12.0}
{'loss': 0.0068, 'grad_norm': 0.0013436235021799803, 'learning_rate': 1.7505000000000003e-05, 'epoch': 13.0}
{'eval_loss': 0.4348132908344269, 'eval_accuracy': 0.935, 'eval_f1': 0.9348489790190025, 'eval_runtime': 1.6931, 'eval_samples_per_second': 1181.277, 'eval_steps_per_second': 37.21, 'epoch': 13.0}
{'loss': 0.008, 'grad_norm': 0.0014429664006456733, 'learning_rate': 1.5005e-05, 'epoch': 14.0}
{'eval_loss': 0.44344985485076904, 'eval_accuracy': 0.9335, 'eval_f1': 0.933518990288753, 'eval_runtime': 1.6944, 'eval_samples_per_second': 1180.355, 'eval_steps_per_second': 37.181, 'epoch': 14.0}
{'loss': 0.0058, 'grad_norm': 0.008636647835373878, 'learning_rate': 1.2505e-05, 'epoch': 15.0}
{'eval_loss': 0.44052278995513916, 'eval_accuracy': 0.939, 'eval_f1': 0.9386731773070082, 'eval_runtime': 1.7275, 'eval_samples_per_second': 1157.744, 'eval_steps_per_second': 36.469, 'epoch': 15.0}
{'loss': 0.0045, 'grad_norm': 0.0008362483349628747, 'learning_rate': 1.0005e-05, 'epoch': 16.0}
{'eval_loss': 0.48713573813438416, 'eval_accuracy': 0.936, 'eval_f1': 0.9358324466119748, 'eval_runtime': 1.6886, 'eval_samples_per_second': 1184.428, 'eval_steps_per_second': 37.309, 'epoch': 16.0}
{'loss': 0.0043, 'grad_norm': 0.6694573163986206, 'learning_rate': 7.505000000000001e-06, 'epoch': 17.0}
{'eval_loss': 0.4546845555305481, 'eval_accuracy': 0.938, 'eval_f1': 0.9376686092477219, 'eval_runtime': 1.6907, 'eval_samples_per_second': 1182.968, 'eval_steps_per_second': 37.264, 'epoch': 17.0}
{'loss': 0.0031, 'grad_norm': 0.6106629967689514, 'learning_rate': 5.005e-06, 'epoch': 18.0}
{'eval_loss': 0.4618373215198517, 'eval_accuracy': 0.9365, 'eval_f1': 0.9362750590137172, 'eval_runtime': 1.8596, 'eval_samples_per_second': 1075.474, 'eval_steps_per_second': 33.877, 'epoch': 18.0}
{'loss': 0.0041, 'grad_norm': 0.0011329485569149256, 'learning_rate': 2.505e-06, 'epoch': 19.0}
{'eval_loss': 0.47443825006484985, 'eval_accuracy': 0.9375, 'eval_f1': 0.9372054008755916, 'eval_runtime': 1.7117, 'eval_samples_per_second': 1168.413, 'eval_steps_per_second': 36.805, 'epoch': 19.0}
{'loss': 0.004, 'grad_norm': 0.0007190158357843757, 'learning_rate': 5e-09, 'epoch': 20.0}
{'eval_loss': 0.46587565541267395, 'eval_accuracy': 0.9375, 'eval_f1': 0.9372565917146782, 'eval_runtime': 1.6869, 'eval_samples_per_second': 1185.638, 'eval_steps_per_second': 37.348, 'epoch': 20.0}
{'train_runtime': 1083.8416, 'train_samples_per_second': 295.246, 'train_steps_per_second': 9.226, 'train_loss': 0.05106784825325012, 'epoch': 20.0}

============================== Training BERT tiny student base model ==============================
{'loss': 1.6028, 'grad_norm': 2.2791686058044434, 'learning_rate': 4.755e-05, 'epoch': 1.0}
{'eval_loss': 1.561920404434204, 'eval_accuracy': 0.39, 'eval_f1': 0.30270666770743393, 'eval_runtime': 0.3302, 'eval_samples_per_second': 6056.455, 'eval_steps_per_second': 190.778, 'epoch': 1.0}
{'loss': 1.453, 'grad_norm': 11.381566047668457, 'learning_rate': 4.5050000000000004e-05, 'epoch': 2.0}
{'eval_loss': 1.380582332611084, 'eval_accuracy': 0.4905, 'eval_f1': 0.37228216059533403, 'eval_runtime': 0.3301, 'eval_samples_per_second': 6058.738, 'eval_steps_per_second': 190.85, 'epoch': 2.0}
{'loss': 1.2346, 'grad_norm': 3.504119396209717, 'learning_rate': 4.2550000000000004e-05, 'epoch': 3.0}
{'eval_loss': 1.1771893501281738, 'eval_accuracy': 0.562, 'eval_f1': 0.45340044918563993, 'eval_runtime': 0.3302, 'eval_samples_per_second': 6057.544, 'eval_steps_per_second': 190.813, 'epoch': 3.0}
{'loss': 1.0705, 'grad_norm': 5.9192070960998535, 'learning_rate': 4.0050000000000004e-05, 'epoch': 4.0}
{'eval_loss': 1.0590722560882568, 'eval_accuracy': 0.6535, 'eval_f1': 0.5923621494216601, 'eval_runtime': 0.3292, 'eval_samples_per_second': 6075.285, 'eval_steps_per_second': 191.371, 'epoch': 4.0}
{'loss': 0.9267, 'grad_norm': 4.043039798736572, 'learning_rate': 3.7550000000000005e-05, 'epoch': 5.0}
{'eval_loss': 0.9519587755203247, 'eval_accuracy': 0.694, 'eval_f1': 0.6423407366021465, 'eval_runtime': 0.3283, 'eval_samples_per_second': 6092.816, 'eval_steps_per_second': 191.924, 'epoch': 5.0}
{'loss': 0.7905, 'grad_norm': 4.013275623321533, 'learning_rate': 3.505e-05, 'epoch': 6.0}
{'eval_loss': 0.8341106176376343, 'eval_accuracy': 0.7325, 'eval_f1': 0.6849314251408698, 'eval_runtime': 0.329, 'eval_samples_per_second': 6079.027, 'eval_steps_per_second': 191.489, 'epoch': 6.0}
{'loss': 0.6659, 'grad_norm': 4.599535942077637, 'learning_rate': 3.2550000000000005e-05, 'epoch': 7.0}
{'eval_loss': 0.7470592856407166, 'eval_accuracy': 0.758, 'eval_f1': 0.7135226827143253, 'eval_runtime': 0.3276, 'eval_samples_per_second': 6105.93, 'eval_steps_per_second': 192.337, 'epoch': 7.0}
{'loss': 0.569, 'grad_norm': 8.929461479187012, 'learning_rate': 3.0050000000000002e-05, 'epoch': 8.0}
{'eval_loss': 0.6948803067207336, 'eval_accuracy': 0.7635, 'eval_f1': 0.725334337033484, 'eval_runtime': 0.3466, 'eval_samples_per_second': 5769.669, 'eval_steps_per_second': 181.745, 'epoch': 8.0}
{'loss': 0.4886, 'grad_norm': 7.395184516906738, 'learning_rate': 2.7550000000000002e-05, 'epoch': 9.0}
{'eval_loss': 0.6425589919090271, 'eval_accuracy': 0.802, 'eval_f1': 0.7875729852842075, 'eval_runtime': 0.3286, 'eval_samples_per_second': 6086.57, 'eval_steps_per_second': 191.727, 'epoch': 9.0}
{'loss': 0.412, 'grad_norm': 7.532254695892334, 'learning_rate': 2.5050000000000002e-05, 'epoch': 10.0}
{'eval_loss': 0.6039770245552063, 'eval_accuracy': 0.814, 'eval_f1': 0.8065652129646022, 'eval_runtime': 0.3316, 'eval_samples_per_second': 6031.017, 'eval_steps_per_second': 189.977, 'epoch': 10.0}
{'loss': 0.3528, 'grad_norm': 6.710275650024414, 'learning_rate': 2.2550000000000003e-05, 'epoch': 11.0}
{'eval_loss': 0.5439727902412415, 'eval_accuracy': 0.8385, 'eval_f1': 0.8342040047935982, 'eval_runtime': 0.3283, 'eval_samples_per_second': 6091.343, 'eval_steps_per_second': 191.877, 'epoch': 11.0}
{'loss': 0.2996, 'grad_norm': 8.252286911010742, 'learning_rate': 2.0050000000000003e-05, 'epoch': 12.0}
{'eval_loss': 0.5239884853363037, 'eval_accuracy': 0.845, 'eval_f1': 0.8419976137380435, 'eval_runtime': 0.3314, 'eval_samples_per_second': 6035.903, 'eval_steps_per_second': 190.131, 'epoch': 12.0}
{'loss': 0.2549, 'grad_norm': 6.478001594543457, 'learning_rate': 1.755e-05, 'epoch': 13.0}
{'eval_loss': 0.5080031752586365, 'eval_accuracy': 0.85, 'eval_f1': 0.8485519532988467, 'eval_runtime': 0.3298, 'eval_samples_per_second': 6065.059, 'eval_steps_per_second': 191.049, 'epoch': 13.0}
{'loss': 0.2295, 'grad_norm': 4.817052364349365, 'learning_rate': 1.505e-05, 'epoch': 14.0}
{'eval_loss': 0.504105806350708, 'eval_accuracy': 0.85, 'eval_f1': 0.8489523551346134, 'eval_runtime': 0.3952, 'eval_samples_per_second': 5061.174, 'eval_steps_per_second': 159.427, 'epoch': 14.0}
{'loss': 0.196, 'grad_norm': 5.673437595367432, 'learning_rate': 1.255e-05, 'epoch': 15.0}
{'eval_loss': 0.49434763193130493, 'eval_accuracy': 0.854, 'eval_f1': 0.8520764600034315, 'eval_runtime': 0.3263, 'eval_samples_per_second': 6128.766, 'eval_steps_per_second': 193.056, 'epoch': 15.0}
{'loss': 0.1904, 'grad_norm': 7.679046154022217, 'learning_rate': 1.005e-05, 'epoch': 16.0}
{'eval_loss': 0.48298224806785583, 'eval_accuracy': 0.8595, 'eval_f1': 0.8587616548310553, 'eval_runtime': 0.3615, 'eval_samples_per_second': 5531.883, 'eval_steps_per_second': 174.254, 'epoch': 16.0}
{'loss': 0.1733, 'grad_norm': 8.943061828613281, 'learning_rate': 7.55e-06, 'epoch': 17.0}
{'eval_loss': 0.47342169284820557, 'eval_accuracy': 0.862, 'eval_f1': 0.8611267454754471, 'eval_runtime': 0.3422, 'eval_samples_per_second': 5843.912, 'eval_steps_per_second': 184.083, 'epoch': 17.0}
{'loss': 0.1653, 'grad_norm': 5.457059383392334, 'learning_rate': 5.050000000000001e-06, 'epoch': 18.0}
{'eval_loss': 0.47489339113235474, 'eval_accuracy': 0.8615, 'eval_f1': 0.860871929862601, 'eval_runtime': 0.3298, 'eval_samples_per_second': 6064.779, 'eval_steps_per_second': 191.041, 'epoch': 18.0}
{'loss': 0.1495, 'grad_norm': 5.638833522796631, 'learning_rate': 2.55e-06, 'epoch': 19.0}
{'eval_loss': 0.47337794303894043, 'eval_accuracy': 0.8635, 'eval_f1': 0.8625629294734666, 'eval_runtime': 0.3311, 'eval_samples_per_second': 6040.967, 'eval_steps_per_second': 190.29, 'epoch': 19.0}
{'loss': 0.1537, 'grad_norm': 4.60275936126709, 'learning_rate': 5.0000000000000004e-08, 'epoch': 20.0}
{'eval_loss': 0.472344309091568, 'eval_accuracy': 0.8635, 'eval_f1': 0.8624910283786604, 'eval_runtime': 0.3302, 'eval_samples_per_second': 6056.94, 'eval_steps_per_second': 190.794, 'epoch': 20.0}
{'train_runtime': 26.3767, 'train_samples_per_second': 1213.192, 'train_steps_per_second': 37.912, 'train_loss': 0.5689318013191224, 'epoch': 20.0}
Job finished at: Wed Jan  7 09:29:56 PM CET 2026
