/data/courses/2025_dat450_dit247/venvs/dat450_venv/bin/python3
Job started at: Mon Dec 22 10:26:18 AM CET 2025
Running on node: uranus
Job ID: 115047
GPU: 0

============================== LOADED DATASET ==============================
Fraction of training data:  0.5
Train: 8000, Val: 2000, Test: 2000

============================== Training teacher model ==============================
{'loss': 0.4634, 'grad_norm': 2.5668678283691406, 'learning_rate': 4.7505e-05, 'epoch': 1.0}
{'eval_loss': 0.20475874841213226, 'eval_accuracy': 0.9265, 'eval_f1': 0.9269596513031049, 'eval_runtime': 0.6823, 'eval_samples_per_second': 2931.182, 'eval_steps_per_second': 92.332, 'epoch': 1.0}
{'loss': 0.1435, 'grad_norm': 0.6709234118461609, 'learning_rate': 4.5005e-05, 'epoch': 2.0}
{'eval_loss': 0.14248855412006378, 'eval_accuracy': 0.939, 'eval_f1': 0.9380458337712637, 'eval_runtime': 0.6793, 'eval_samples_per_second': 2944.094, 'eval_steps_per_second': 92.739, 'epoch': 2.0}
{'loss': 0.1113, 'grad_norm': 3.648775577545166, 'learning_rate': 4.2505e-05, 'epoch': 3.0}
{'eval_loss': 0.14125391840934753, 'eval_accuracy': 0.9395, 'eval_f1': 0.9396937018352698, 'eval_runtime': 0.6786, 'eval_samples_per_second': 2947.461, 'eval_steps_per_second': 92.845, 'epoch': 3.0}
{'loss': 0.0993, 'grad_norm': 3.3493940830230713, 'learning_rate': 4.0005e-05, 'epoch': 4.0}
{'eval_loss': 0.15722571313381195, 'eval_accuracy': 0.938, 'eval_f1': 0.9378863819097965, 'eval_runtime': 0.6872, 'eval_samples_per_second': 2910.529, 'eval_steps_per_second': 91.682, 'epoch': 4.0}
{'loss': 0.0755, 'grad_norm': 0.28986966609954834, 'learning_rate': 3.7505e-05, 'epoch': 5.0}
{'eval_loss': 0.24386107921600342, 'eval_accuracy': 0.93, 'eval_f1': 0.9306905497976763, 'eval_runtime': 0.6843, 'eval_samples_per_second': 2922.628, 'eval_steps_per_second': 92.063, 'epoch': 5.0}
{'loss': 0.0476, 'grad_norm': 1.0523968935012817, 'learning_rate': 3.5005e-05, 'epoch': 6.0}
{'eval_loss': 0.25371289253234863, 'eval_accuracy': 0.9395, 'eval_f1': 0.9396837963999871, 'eval_runtime': 0.6836, 'eval_samples_per_second': 2925.889, 'eval_steps_per_second': 92.165, 'epoch': 6.0}
{'loss': 0.036, 'grad_norm': 0.3045041859149933, 'learning_rate': 3.2505e-05, 'epoch': 7.0}
{'eval_loss': 0.27149710059165955, 'eval_accuracy': 0.9385, 'eval_f1': 0.93784135055862, 'eval_runtime': 0.6845, 'eval_samples_per_second': 2921.858, 'eval_steps_per_second': 92.039, 'epoch': 7.0}
{'loss': 0.0271, 'grad_norm': 0.041846863925457, 'learning_rate': 3.0004999999999998e-05, 'epoch': 8.0}
{'eval_loss': 0.34640732407569885, 'eval_accuracy': 0.939, 'eval_f1': 0.9390225718917586, 'eval_runtime': 0.684, 'eval_samples_per_second': 2923.831, 'eval_steps_per_second': 92.101, 'epoch': 8.0}
{'loss': 0.0181, 'grad_norm': 0.012533403933048248, 'learning_rate': 2.7505000000000002e-05, 'epoch': 9.0}
{'eval_loss': 0.32440346479415894, 'eval_accuracy': 0.94, 'eval_f1': 0.940221279823628, 'eval_runtime': 0.6875, 'eval_samples_per_second': 2908.913, 'eval_steps_per_second': 91.631, 'epoch': 9.0}
{'loss': 0.0158, 'grad_norm': 5.182427406311035, 'learning_rate': 2.5005000000000002e-05, 'epoch': 10.0}
{'eval_loss': 0.37836605310440063, 'eval_accuracy': 0.936, 'eval_f1': 0.9362304958236172, 'eval_runtime': 0.6831, 'eval_samples_per_second': 2927.914, 'eval_steps_per_second': 92.229, 'epoch': 10.0}
{'loss': 0.0106, 'grad_norm': 0.020740527659654617, 'learning_rate': 2.2505000000000002e-05, 'epoch': 11.0}
{'eval_loss': 0.3497697710990906, 'eval_accuracy': 0.941, 'eval_f1': 0.9409496258805309, 'eval_runtime': 0.6877, 'eval_samples_per_second': 2908.383, 'eval_steps_per_second': 91.614, 'epoch': 11.0}
{'loss': 0.0096, 'grad_norm': 0.0039472621865570545, 'learning_rate': 2.0005000000000002e-05, 'epoch': 12.0}
{'eval_loss': 0.3976847231388092, 'eval_accuracy': 0.939, 'eval_f1': 0.9390907024985902, 'eval_runtime': 0.6838, 'eval_samples_per_second': 2925.008, 'eval_steps_per_second': 92.138, 'epoch': 12.0}
{'loss': 0.0093, 'grad_norm': 0.006472309585660696, 'learning_rate': 1.7505000000000003e-05, 'epoch': 13.0}
{'eval_loss': 0.4469662010669708, 'eval_accuracy': 0.9365, 'eval_f1': 0.9365302632733103, 'eval_runtime': 0.6867, 'eval_samples_per_second': 2912.338, 'eval_steps_per_second': 91.739, 'epoch': 13.0}
{'loss': 0.0057, 'grad_norm': 0.022569792345166206, 'learning_rate': 1.5005e-05, 'epoch': 14.0}
{'eval_loss': 0.4789443612098694, 'eval_accuracy': 0.9355, 'eval_f1': 0.9358908026288962, 'eval_runtime': 0.6836, 'eval_samples_per_second': 2925.652, 'eval_steps_per_second': 92.158, 'epoch': 14.0}
{'loss': 0.0048, 'grad_norm': 0.0017312130657956004, 'learning_rate': 1.2505e-05, 'epoch': 15.0}
{'eval_loss': 0.4361555278301239, 'eval_accuracy': 0.9375, 'eval_f1': 0.9373590145512565, 'eval_runtime': 0.6845, 'eval_samples_per_second': 2921.658, 'eval_steps_per_second': 92.032, 'epoch': 15.0}
{'loss': 0.0041, 'grad_norm': 0.0008850248414091766, 'learning_rate': 1.0005e-05, 'epoch': 16.0}
{'eval_loss': 0.4654260575771332, 'eval_accuracy': 0.9375, 'eval_f1': 0.9371673109937633, 'eval_runtime': 0.686, 'eval_samples_per_second': 2915.651, 'eval_steps_per_second': 91.843, 'epoch': 16.0}
{'loss': 0.0053, 'grad_norm': 2.2574126720428467, 'learning_rate': 7.505000000000001e-06, 'epoch': 17.0}
{'eval_loss': 0.4877382218837738, 'eval_accuracy': 0.937, 'eval_f1': 0.9370163840999863, 'eval_runtime': 0.6794, 'eval_samples_per_second': 2943.777, 'eval_steps_per_second': 92.729, 'epoch': 17.0}
{'loss': 0.0041, 'grad_norm': 0.4812791347503662, 'learning_rate': 5.005e-06, 'epoch': 18.0}
{'eval_loss': 0.4810238480567932, 'eval_accuracy': 0.9375, 'eval_f1': 0.9374854748274811, 'eval_runtime': 0.6776, 'eval_samples_per_second': 2951.786, 'eval_steps_per_second': 92.981, 'epoch': 18.0}
{'loss': 0.0029, 'grad_norm': 0.0011317080352455378, 'learning_rate': 2.505e-06, 'epoch': 19.0}
{'eval_loss': 0.4949047863483429, 'eval_accuracy': 0.937, 'eval_f1': 0.937038110269694, 'eval_runtime': 0.6816, 'eval_samples_per_second': 2934.363, 'eval_steps_per_second': 92.432, 'epoch': 19.0}
{'loss': 0.003, 'grad_norm': 0.0008545427699573338, 'learning_rate': 5e-09, 'epoch': 20.0}
{'eval_loss': 0.49249616265296936, 'eval_accuracy': 0.9375, 'eval_f1': 0.937518253433053, 'eval_runtime': 0.6819, 'eval_samples_per_second': 2933.135, 'eval_steps_per_second': 92.394, 'epoch': 20.0}
{'train_runtime': 377.4643, 'train_samples_per_second': 847.762, 'train_steps_per_second': 26.493, 'train_loss': 0.05485336053371429, 'epoch': 20.0}

============================== Training student base model ==============================
{'loss': 0.4333, 'grad_norm': 4.240579605102539, 'learning_rate': 4.7505e-05, 'epoch': 1.0}
{'eval_loss': 0.18423601984977722, 'eval_accuracy': 0.9255, 'eval_f1': 0.9260242149840022, 'eval_runtime': 0.4076, 'eval_samples_per_second': 4906.784, 'eval_steps_per_second': 154.564, 'epoch': 1.0}
{'loss': 0.1449, 'grad_norm': 2.7825286388397217, 'learning_rate': 4.5005e-05, 'epoch': 2.0}
{'eval_loss': 0.17134135961532593, 'eval_accuracy': 0.934, 'eval_f1': 0.9327860486682693, 'eval_runtime': 0.4063, 'eval_samples_per_second': 4922.626, 'eval_steps_per_second': 155.063, 'epoch': 2.0}
{'loss': 0.1094, 'grad_norm': 1.3272745609283447, 'learning_rate': 4.2505e-05, 'epoch': 3.0}
{'eval_loss': 0.1612488031387329, 'eval_accuracy': 0.9355, 'eval_f1': 0.9358745133149791, 'eval_runtime': 0.4074, 'eval_samples_per_second': 4909.362, 'eval_steps_per_second': 154.645, 'epoch': 3.0}
{'loss': 0.0886, 'grad_norm': 12.999459266662598, 'learning_rate': 4.0005e-05, 'epoch': 4.0}
{'eval_loss': 0.16373211145401, 'eval_accuracy': 0.9365, 'eval_f1': 0.9367456794334066, 'eval_runtime': 0.4114, 'eval_samples_per_second': 4861.848, 'eval_steps_per_second': 153.148, 'epoch': 4.0}
{'loss': 0.0673, 'grad_norm': 0.35721608996391296, 'learning_rate': 3.7505e-05, 'epoch': 5.0}
{'eval_loss': 0.23724478483200073, 'eval_accuracy': 0.936, 'eval_f1': 0.9356972683076463, 'eval_runtime': 0.4077, 'eval_samples_per_second': 4905.034, 'eval_steps_per_second': 154.509, 'epoch': 5.0}
{'loss': 0.0463, 'grad_norm': 0.6300992369651794, 'learning_rate': 3.5005e-05, 'epoch': 6.0}
{'eval_loss': 0.2525658905506134, 'eval_accuracy': 0.9345, 'eval_f1': 0.934436569775406, 'eval_runtime': 0.4047, 'eval_samples_per_second': 4941.434, 'eval_steps_per_second': 155.655, 'epoch': 6.0}
{'loss': 0.0302, 'grad_norm': 0.011124138720333576, 'learning_rate': 3.2505e-05, 'epoch': 7.0}
{'eval_loss': 0.30479443073272705, 'eval_accuracy': 0.9365, 'eval_f1': 0.9359522403157324, 'eval_runtime': 0.4075, 'eval_samples_per_second': 4907.565, 'eval_steps_per_second': 154.588, 'epoch': 7.0}
{'loss': 0.0215, 'grad_norm': 0.12188524752855301, 'learning_rate': 3.0004999999999998e-05, 'epoch': 8.0}
{'eval_loss': 0.30879533290863037, 'eval_accuracy': 0.937, 'eval_f1': 0.9365535854567796, 'eval_runtime': 0.4062, 'eval_samples_per_second': 4923.86, 'eval_steps_per_second': 155.102, 'epoch': 8.0}
{'loss': 0.0148, 'grad_norm': 0.005076271481812, 'learning_rate': 2.7505000000000002e-05, 'epoch': 9.0}
{'eval_loss': 0.3593032658100128, 'eval_accuracy': 0.937, 'eval_f1': 0.936946446308378, 'eval_runtime': 0.4071, 'eval_samples_per_second': 4912.83, 'eval_steps_per_second': 154.754, 'epoch': 9.0}
{'loss': 0.0141, 'grad_norm': 0.01687159575521946, 'learning_rate': 2.5005000000000002e-05, 'epoch': 10.0}
{'eval_loss': 0.40067926049232483, 'eval_accuracy': 0.9405, 'eval_f1': 0.9399467408219276, 'eval_runtime': 0.4077, 'eval_samples_per_second': 4906.112, 'eval_steps_per_second': 154.543, 'epoch': 10.0}
{'loss': 0.0126, 'grad_norm': 0.0025260699912905693, 'learning_rate': 2.2505000000000002e-05, 'epoch': 11.0}
{'eval_loss': 0.3667852282524109, 'eval_accuracy': 0.9385, 'eval_f1': 0.9383066562135924, 'eval_runtime': 0.4061, 'eval_samples_per_second': 4924.704, 'eval_steps_per_second': 155.128, 'epoch': 11.0}
{'loss': 0.0094, 'grad_norm': 0.19554591178894043, 'learning_rate': 2.0005000000000002e-05, 'epoch': 12.0}
{'eval_loss': 0.32268989086151123, 'eval_accuracy': 0.942, 'eval_f1': 0.9415972471036691, 'eval_runtime': 0.4065, 'eval_samples_per_second': 4920.325, 'eval_steps_per_second': 154.99, 'epoch': 12.0}
{'loss': 0.0077, 'grad_norm': 0.03956210985779762, 'learning_rate': 1.7505000000000003e-05, 'epoch': 13.0}
{'eval_loss': 0.3753693401813507, 'eval_accuracy': 0.9415, 'eval_f1': 0.9411362657388812, 'eval_runtime': 0.4085, 'eval_samples_per_second': 4895.864, 'eval_steps_per_second': 154.22, 'epoch': 13.0}
{'loss': 0.0049, 'grad_norm': 0.0026644922327250242, 'learning_rate': 1.5005e-05, 'epoch': 14.0}
{'eval_loss': 0.43703439831733704, 'eval_accuracy': 0.936, 'eval_f1': 0.9363851662340652, 'eval_runtime': 0.4069, 'eval_samples_per_second': 4915.481, 'eval_steps_per_second': 154.838, 'epoch': 14.0}
{'loss': 0.0037, 'grad_norm': 0.0008895538630895317, 'learning_rate': 1.2505e-05, 'epoch': 15.0}
{'eval_loss': 0.4542774558067322, 'eval_accuracy': 0.94, 'eval_f1': 0.9396845607293162, 'eval_runtime': 0.407, 'eval_samples_per_second': 4913.774, 'eval_steps_per_second': 154.784, 'epoch': 15.0}
{'loss': 0.0043, 'grad_norm': 0.0004267547919880599, 'learning_rate': 1.0005e-05, 'epoch': 16.0}
{'eval_loss': 0.43828240036964417, 'eval_accuracy': 0.9425, 'eval_f1': 0.9421327024776671, 'eval_runtime': 0.4111, 'eval_samples_per_second': 4865.325, 'eval_steps_per_second': 153.258, 'epoch': 16.0}
{'loss': 0.0051, 'grad_norm': 0.4664778411388397, 'learning_rate': 7.505000000000001e-06, 'epoch': 17.0}
{'eval_loss': 0.4374479353427887, 'eval_accuracy': 0.9385, 'eval_f1': 0.9384773986116384, 'eval_runtime': 0.4047, 'eval_samples_per_second': 4941.513, 'eval_steps_per_second': 155.658, 'epoch': 17.0}
{'loss': 0.0036, 'grad_norm': 0.42041000723838806, 'learning_rate': 5.005e-06, 'epoch': 18.0}
{'eval_loss': 0.4271146059036255, 'eval_accuracy': 0.9405, 'eval_f1': 0.9403503628748557, 'eval_runtime': 0.4064, 'eval_samples_per_second': 4920.758, 'eval_steps_per_second': 155.004, 'epoch': 18.0}
{'loss': 0.0041, 'grad_norm': 0.000584580993745476, 'learning_rate': 2.505e-06, 'epoch': 19.0}
{'eval_loss': 0.44548094272613525, 'eval_accuracy': 0.939, 'eval_f1': 0.9388065911389932, 'eval_runtime': 0.405, 'eval_samples_per_second': 4938.772, 'eval_steps_per_second': 155.571, 'epoch': 19.0}
{'loss': 0.0033, 'grad_norm': 0.0015765316784381866, 'learning_rate': 5e-09, 'epoch': 20.0}
{'eval_loss': 0.44701358675956726, 'eval_accuracy': 0.939, 'eval_f1': 0.9388455855522291, 'eval_runtime': 0.4042, 'eval_samples_per_second': 4948.614, 'eval_steps_per_second': 155.881, 'epoch': 20.0}
{'train_runtime': 209.7049, 'train_samples_per_second': 1525.954, 'train_steps_per_second': 47.686, 'train_loss': 0.0514532022356987, 'epoch': 20.0}

============================== Training BERT tiny student base model ==============================
{'loss': 0.9299, 'grad_norm': 6.7127814292907715, 'learning_rate': 4.7505e-05, 'epoch': 1.0}
{'eval_loss': 0.4001886546611786, 'eval_accuracy': 0.887, 'eval_f1': 0.8867121192562271, 'eval_runtime': 0.3369, 'eval_samples_per_second': 5937.148, 'eval_steps_per_second': 187.02, 'epoch': 1.0}
{'loss': 0.312, 'grad_norm': 10.27070426940918, 'learning_rate': 4.5005e-05, 'epoch': 2.0}
{'eval_loss': 0.22055058181285858, 'eval_accuracy': 0.92, 'eval_f1': 0.920312484533246, 'eval_runtime': 0.3366, 'eval_samples_per_second': 5941.445, 'eval_steps_per_second': 187.156, 'epoch': 2.0}
{'loss': 0.2011, 'grad_norm': 8.552490234375, 'learning_rate': 4.2505e-05, 'epoch': 3.0}
{'eval_loss': 0.1947733461856842, 'eval_accuracy': 0.924, 'eval_f1': 0.9247597241454341, 'eval_runtime': 0.3338, 'eval_samples_per_second': 5991.375, 'eval_steps_per_second': 188.728, 'epoch': 3.0}
{'loss': 0.1537, 'grad_norm': 14.223109245300293, 'learning_rate': 4.0005e-05, 'epoch': 4.0}
{'eval_loss': 0.21010887622833252, 'eval_accuracy': 0.929, 'eval_f1': 0.9299930771734094, 'eval_runtime': 0.34, 'eval_samples_per_second': 5883.163, 'eval_steps_per_second': 185.32, 'epoch': 4.0}
{'loss': 0.1305, 'grad_norm': 0.986723005771637, 'learning_rate': 3.7505e-05, 'epoch': 5.0}
{'eval_loss': 0.18183670938014984, 'eval_accuracy': 0.927, 'eval_f1': 0.9269336101029277, 'eval_runtime': 0.3361, 'eval_samples_per_second': 5950.097, 'eval_steps_per_second': 187.428, 'epoch': 5.0}
{'loss': 0.1075, 'grad_norm': 17.118961334228516, 'learning_rate': 3.5005e-05, 'epoch': 6.0}
{'eval_loss': 0.1829201728105545, 'eval_accuracy': 0.932, 'eval_f1': 0.9323986244959398, 'eval_runtime': 0.3366, 'eval_samples_per_second': 5942.405, 'eval_steps_per_second': 187.186, 'epoch': 6.0}
{'loss': 0.0943, 'grad_norm': 4.698697566986084, 'learning_rate': 3.2505e-05, 'epoch': 7.0}
{'eval_loss': 0.20827414095401764, 'eval_accuracy': 0.93, 'eval_f1': 0.9290171172380864, 'eval_runtime': 0.3385, 'eval_samples_per_second': 5909.285, 'eval_steps_per_second': 186.142, 'epoch': 7.0}
{'loss': 0.0776, 'grad_norm': 21.197864532470703, 'learning_rate': 3.0004999999999998e-05, 'epoch': 8.0}
{'eval_loss': 0.2181399166584015, 'eval_accuracy': 0.9335, 'eval_f1': 0.9336391961132066, 'eval_runtime': 0.3391, 'eval_samples_per_second': 5897.208, 'eval_steps_per_second': 185.762, 'epoch': 8.0}
{'loss': 0.0721, 'grad_norm': 3.6749656200408936, 'learning_rate': 2.7505000000000002e-05, 'epoch': 9.0}
{'eval_loss': 0.251341313123703, 'eval_accuracy': 0.925, 'eval_f1': 0.9248701550596585, 'eval_runtime': 0.3343, 'eval_samples_per_second': 5983.362, 'eval_steps_per_second': 188.476, 'epoch': 9.0}
{'loss': 0.0584, 'grad_norm': 6.217255592346191, 'learning_rate': 2.5005000000000002e-05, 'epoch': 10.0}
{'eval_loss': 0.26575732231140137, 'eval_accuracy': 0.9265, 'eval_f1': 0.9269074662035927, 'eval_runtime': 0.3375, 'eval_samples_per_second': 5925.476, 'eval_steps_per_second': 186.653, 'epoch': 10.0}
{'loss': 0.0491, 'grad_norm': 0.08477263897657394, 'learning_rate': 2.2505000000000002e-05, 'epoch': 11.0}
{'eval_loss': 0.2819061875343323, 'eval_accuracy': 0.928, 'eval_f1': 0.9283490715721684, 'eval_runtime': 0.3365, 'eval_samples_per_second': 5942.902, 'eval_steps_per_second': 187.201, 'epoch': 11.0}
{'loss': 0.0421, 'grad_norm': 0.0927778035402298, 'learning_rate': 2.0005000000000002e-05, 'epoch': 12.0}
{'eval_loss': 0.2802574932575226, 'eval_accuracy': 0.934, 'eval_f1': 0.9340073190648669, 'eval_runtime': 0.3361, 'eval_samples_per_second': 5949.789, 'eval_steps_per_second': 187.418, 'epoch': 12.0}
{'loss': 0.0402, 'grad_norm': 8.93441104888916, 'learning_rate': 1.7505000000000003e-05, 'epoch': 13.0}
{'eval_loss': 0.2980203926563263, 'eval_accuracy': 0.932, 'eval_f1': 0.9322126270827014, 'eval_runtime': 0.3376, 'eval_samples_per_second': 5923.815, 'eval_steps_per_second': 186.6, 'epoch': 13.0}
{'loss': 0.0325, 'grad_norm': 5.5770087242126465, 'learning_rate': 1.5005e-05, 'epoch': 14.0}
{'eval_loss': 0.32833582162857056, 'eval_accuracy': 0.9295, 'eval_f1': 0.929976109466713, 'eval_runtime': 0.3358, 'eval_samples_per_second': 5956.181, 'eval_steps_per_second': 187.62, 'epoch': 14.0}
{'loss': 0.0321, 'grad_norm': 1.6612733602523804, 'learning_rate': 1.2505e-05, 'epoch': 15.0}
{'eval_loss': 0.3179903030395508, 'eval_accuracy': 0.9335, 'eval_f1': 0.9338495620034098, 'eval_runtime': 0.3336, 'eval_samples_per_second': 5994.745, 'eval_steps_per_second': 188.834, 'epoch': 15.0}
{'loss': 0.0259, 'grad_norm': 1.028004765510559, 'learning_rate': 1.0005e-05, 'epoch': 16.0}
{'eval_loss': 0.32981231808662415, 'eval_accuracy': 0.931, 'eval_f1': 0.931449331976026, 'eval_runtime': 0.3391, 'eval_samples_per_second': 5898.399, 'eval_steps_per_second': 185.8, 'epoch': 16.0}
{'loss': 0.0272, 'grad_norm': 6.706941604614258, 'learning_rate': 7.505000000000001e-06, 'epoch': 17.0}
{'eval_loss': 0.3366282284259796, 'eval_accuracy': 0.9285, 'eval_f1': 0.9287671634330913, 'eval_runtime': 0.3385, 'eval_samples_per_second': 5907.674, 'eval_steps_per_second': 186.092, 'epoch': 17.0}
{'loss': 0.0232, 'grad_norm': 15.923945426940918, 'learning_rate': 5.005e-06, 'epoch': 18.0}
{'eval_loss': 0.34442999958992004, 'eval_accuracy': 0.926, 'eval_f1': 0.9263565511863285, 'eval_runtime': 0.3358, 'eval_samples_per_second': 5955.247, 'eval_steps_per_second': 187.59, 'epoch': 18.0}
{'loss': 0.0205, 'grad_norm': 5.2895636558532715, 'learning_rate': 2.505e-06, 'epoch': 19.0}
{'eval_loss': 0.3469097912311554, 'eval_accuracy': 0.9275, 'eval_f1': 0.9279000327080803, 'eval_runtime': 0.3345, 'eval_samples_per_second': 5979.302, 'eval_steps_per_second': 188.348, 'epoch': 19.0}
{'loss': 0.0219, 'grad_norm': 1.3844263553619385, 'learning_rate': 5e-09, 'epoch': 20.0}
{'eval_loss': 0.3466279208660126, 'eval_accuracy': 0.9295, 'eval_f1': 0.9298880543985052, 'eval_runtime': 0.3276, 'eval_samples_per_second': 6104.833, 'eval_steps_per_second': 192.302, 'epoch': 20.0}
{'train_runtime': 103.5426, 'train_samples_per_second': 3090.515, 'train_steps_per_second': 96.579, 'train_loss': 0.12258958902359009, 'epoch': 20.0}
Job finished at: Mon Dec 22 10:38:30 AM CET 2025
