/data/courses/2025_dat450_dit247/venvs/dat450_venv/bin/python3
Job started at: Fri Dec 26 12:12:13 AM CET 2025
Running on node: europa
Job ID: 115343
GPU: 0

============================== LOADED DATASET ==============================
Fraction of training data:  1.0
Train: 16000, Val: 2000, Test: 2000

============================== LOADED DATASET ==============================
Fraction of training data:  0.1
Train: 1600, Val: 2000, Test: 2000

============================== LOADED DATASET ==============================
Fraction of training data:  0.1
Train: 1600, Val: 2000, Test: 2000
Saved student datasets to:
  ./outputs/seed101_frac0.1/student_dataset_distilbert
  ./outputs/seed101_frac0.1/student_dataset_bertmini

============================== Training teacher model ==============================
{'loss': 0.4762, 'grad_norm': 1.138810157775879, 'learning_rate': 4.7505e-05, 'epoch': 1.0}
{'eval_loss': 0.17519889771938324, 'eval_accuracy': 0.93, 'eval_f1': 0.9303026507367708, 'eval_runtime': 4.3712, 'eval_samples_per_second': 457.544, 'eval_steps_per_second': 14.413, 'epoch': 1.0}
{'loss': 0.1442, 'grad_norm': 1.3061870336532593, 'learning_rate': 4.5005e-05, 'epoch': 2.0}
{'eval_loss': 0.14443710446357727, 'eval_accuracy': 0.933, 'eval_f1': 0.9321527087378423, 'eval_runtime': 1.97, 'eval_samples_per_second': 1015.217, 'eval_steps_per_second': 31.979, 'epoch': 2.0}
{'loss': 0.1134, 'grad_norm': 4.359658241271973, 'learning_rate': 4.2505e-05, 'epoch': 3.0}
{'eval_loss': 0.1615629345178604, 'eval_accuracy': 0.936, 'eval_f1': 0.9356483692244844, 'eval_runtime': 1.7675, 'eval_samples_per_second': 1131.552, 'eval_steps_per_second': 35.644, 'epoch': 3.0}
{'loss': 0.096, 'grad_norm': 2.4387688636779785, 'learning_rate': 4.0005e-05, 'epoch': 4.0}
{'eval_loss': 0.16296522319316864, 'eval_accuracy': 0.944, 'eval_f1': 0.943673275194213, 'eval_runtime': 1.7354, 'eval_samples_per_second': 1152.489, 'eval_steps_per_second': 36.303, 'epoch': 4.0}
{'loss': 0.0695, 'grad_norm': 0.20625664293766022, 'learning_rate': 3.7505e-05, 'epoch': 5.0}
{'eval_loss': 0.22417467832565308, 'eval_accuracy': 0.937, 'eval_f1': 0.936887005208948, 'eval_runtime': 1.6949, 'eval_samples_per_second': 1179.977, 'eval_steps_per_second': 37.169, 'epoch': 5.0}
{'loss': 0.0531, 'grad_norm': 8.305619239807129, 'learning_rate': 3.5005e-05, 'epoch': 6.0}
{'eval_loss': 0.2577073276042938, 'eval_accuracy': 0.9355, 'eval_f1': 0.9351274411118345, 'eval_runtime': 1.7368, 'eval_samples_per_second': 1151.519, 'eval_steps_per_second': 36.273, 'epoch': 6.0}
{'loss': 0.0354, 'grad_norm': 0.6755383610725403, 'learning_rate': 3.2505e-05, 'epoch': 7.0}
{'eval_loss': 0.31109151244163513, 'eval_accuracy': 0.934, 'eval_f1': 0.9335336920143714, 'eval_runtime': 1.7379, 'eval_samples_per_second': 1150.8, 'eval_steps_per_second': 36.25, 'epoch': 7.0}
{'loss': 0.0247, 'grad_norm': 0.004031079355627298, 'learning_rate': 3.0004999999999998e-05, 'epoch': 8.0}
{'eval_loss': 0.3577731251716614, 'eval_accuracy': 0.94, 'eval_f1': 0.9394077036511386, 'eval_runtime': 1.7264, 'eval_samples_per_second': 1158.473, 'eval_steps_per_second': 36.492, 'epoch': 8.0}
{'loss': 0.0176, 'grad_norm': 0.01593111827969551, 'learning_rate': 2.7505000000000002e-05, 'epoch': 9.0}
{'eval_loss': 0.3827545642852783, 'eval_accuracy': 0.938, 'eval_f1': 0.9385922077340716, 'eval_runtime': 3.1609, 'eval_samples_per_second': 632.734, 'eval_steps_per_second': 19.931, 'epoch': 9.0}
{'loss': 0.0186, 'grad_norm': 0.01639348268508911, 'learning_rate': 2.5005000000000002e-05, 'epoch': 10.0}
{'eval_loss': 0.38526451587677, 'eval_accuracy': 0.938, 'eval_f1': 0.938031884273733, 'eval_runtime': 1.7769, 'eval_samples_per_second': 1125.551, 'eval_steps_per_second': 35.455, 'epoch': 10.0}
{'loss': 0.0115, 'grad_norm': 0.003218946745619178, 'learning_rate': 2.2505000000000002e-05, 'epoch': 11.0}
{'eval_loss': 0.4252750873565674, 'eval_accuracy': 0.9375, 'eval_f1': 0.9376399044905699, 'eval_runtime': 1.7251, 'eval_samples_per_second': 1159.334, 'eval_steps_per_second': 36.519, 'epoch': 11.0}
{'loss': 0.0155, 'grad_norm': 0.035067494958639145, 'learning_rate': 2.0005000000000002e-05, 'epoch': 12.0}
{'eval_loss': 0.35483625531196594, 'eval_accuracy': 0.9385, 'eval_f1': 0.9385831329744576, 'eval_runtime': 1.7182, 'eval_samples_per_second': 1164.027, 'eval_steps_per_second': 36.667, 'epoch': 12.0}
{'loss': 0.008, 'grad_norm': 0.0019234118517488241, 'learning_rate': 1.7505000000000003e-05, 'epoch': 13.0}
{'eval_loss': 0.4311826229095459, 'eval_accuracy': 0.938, 'eval_f1': 0.9375755173248697, 'eval_runtime': 1.7111, 'eval_samples_per_second': 1168.852, 'eval_steps_per_second': 36.819, 'epoch': 13.0}
{'loss': 0.0052, 'grad_norm': 0.0047278511337935925, 'learning_rate': 1.5005e-05, 'epoch': 14.0}
{'eval_loss': 0.43929243087768555, 'eval_accuracy': 0.936, 'eval_f1': 0.9362814848647182, 'eval_runtime': 1.7338, 'eval_samples_per_second': 1153.537, 'eval_steps_per_second': 36.336, 'epoch': 14.0}
{'loss': 0.0058, 'grad_norm': 1.38408625125885, 'learning_rate': 1.2505e-05, 'epoch': 15.0}
{'eval_loss': 0.4108917713165283, 'eval_accuracy': 0.947, 'eval_f1': 0.9464617805483059, 'eval_runtime': 1.7366, 'eval_samples_per_second': 1151.69, 'eval_steps_per_second': 36.278, 'epoch': 15.0}
{'loss': 0.0052, 'grad_norm': 0.0008540379931218922, 'learning_rate': 1.0005e-05, 'epoch': 16.0}
{'eval_loss': 0.44740504026412964, 'eval_accuracy': 0.9435, 'eval_f1': 0.9433080133455576, 'eval_runtime': 1.8411, 'eval_samples_per_second': 1086.32, 'eval_steps_per_second': 34.219, 'epoch': 16.0}
{'loss': 0.006, 'grad_norm': 0.5939534902572632, 'learning_rate': 7.505000000000001e-06, 'epoch': 17.0}
{'eval_loss': 0.4459240734577179, 'eval_accuracy': 0.942, 'eval_f1': 0.9417869534015533, 'eval_runtime': 1.718, 'eval_samples_per_second': 1164.17, 'eval_steps_per_second': 36.671, 'epoch': 17.0}
{'loss': 0.0034, 'grad_norm': 0.7154754400253296, 'learning_rate': 5.005e-06, 'epoch': 18.0}
{'eval_loss': 0.4434589743614197, 'eval_accuracy': 0.946, 'eval_f1': 0.9457030939348219, 'eval_runtime': 1.7019, 'eval_samples_per_second': 1175.168, 'eval_steps_per_second': 37.018, 'epoch': 18.0}
{'loss': 0.0036, 'grad_norm': 0.000892721931450069, 'learning_rate': 2.505e-06, 'epoch': 19.0}
{'eval_loss': 0.43587377667427063, 'eval_accuracy': 0.9405, 'eval_f1': 0.9400996390660847, 'eval_runtime': 1.7426, 'eval_samples_per_second': 1147.726, 'eval_steps_per_second': 36.153, 'epoch': 19.0}
{'loss': 0.0057, 'grad_norm': 0.0008800402283668518, 'learning_rate': 5e-09, 'epoch': 20.0}
{'eval_loss': 0.4463394284248352, 'eval_accuracy': 0.9415, 'eval_f1': 0.9412414859787697, 'eval_runtime': 1.9525, 'eval_samples_per_second': 1024.351, 'eval_steps_per_second': 32.267, 'epoch': 20.0}
{'train_runtime': 1105.1521, 'train_samples_per_second': 289.553, 'train_steps_per_second': 9.049, 'train_loss': 0.05592830280065537, 'epoch': 20.0}

============================== Training student base model ==============================
{'loss': 1.3504, 'grad_norm': 5.606487274169922, 'learning_rate': 4.755e-05, 'epoch': 1.0}
{'eval_loss': 0.9980525374412537, 'eval_accuracy': 0.6535, 'eval_f1': 0.5714684892215076, 'eval_runtime': 0.9319, 'eval_samples_per_second': 2146.127, 'eval_steps_per_second': 67.603, 'epoch': 1.0}
{'loss': 0.7269, 'grad_norm': 9.447221755981445, 'learning_rate': 4.5050000000000004e-05, 'epoch': 2.0}
{'eval_loss': 0.5484091639518738, 'eval_accuracy': 0.8025, 'eval_f1': 0.7680795727164769, 'eval_runtime': 0.9458, 'eval_samples_per_second': 2114.518, 'eval_steps_per_second': 66.607, 'epoch': 2.0}
{'loss': 0.287, 'grad_norm': 3.7736093997955322, 'learning_rate': 4.2550000000000004e-05, 'epoch': 3.0}
{'eval_loss': 0.3795073926448822, 'eval_accuracy': 0.889, 'eval_f1': 0.8870656130704587, 'eval_runtime': 0.9393, 'eval_samples_per_second': 2129.206, 'eval_steps_per_second': 67.07, 'epoch': 3.0}
{'loss': 0.139, 'grad_norm': 5.0072245597839355, 'learning_rate': 4.0050000000000004e-05, 'epoch': 4.0}
{'eval_loss': 0.36095061898231506, 'eval_accuracy': 0.896, 'eval_f1': 0.8963897032495369, 'eval_runtime': 0.9688, 'eval_samples_per_second': 2064.47, 'eval_steps_per_second': 65.031, 'epoch': 4.0}
{'loss': 0.0801, 'grad_norm': 0.9187203645706177, 'learning_rate': 3.7550000000000005e-05, 'epoch': 5.0}
{'eval_loss': 0.4686874449253082, 'eval_accuracy': 0.886, 'eval_f1': 0.8793986096311723, 'eval_runtime': 0.9057, 'eval_samples_per_second': 2208.16, 'eval_steps_per_second': 69.557, 'epoch': 5.0}
{'loss': 0.0492, 'grad_norm': 7.099923610687256, 'learning_rate': 3.505e-05, 'epoch': 6.0}
{'eval_loss': 0.4524572789669037, 'eval_accuracy': 0.8935, 'eval_f1': 0.8927712712250828, 'eval_runtime': 0.8856, 'eval_samples_per_second': 2258.273, 'eval_steps_per_second': 71.136, 'epoch': 6.0}
{'loss': 0.0332, 'grad_norm': 0.052783142775297165, 'learning_rate': 3.2550000000000005e-05, 'epoch': 7.0}
{'eval_loss': 0.455377995967865, 'eval_accuracy': 0.9035, 'eval_f1': 0.9022129436037537, 'eval_runtime': 0.8871, 'eval_samples_per_second': 2254.551, 'eval_steps_per_second': 71.018, 'epoch': 7.0}
{'loss': 0.0261, 'grad_norm': 0.1525767296552658, 'learning_rate': 3.0050000000000002e-05, 'epoch': 8.0}
{'eval_loss': 0.46844297647476196, 'eval_accuracy': 0.903, 'eval_f1': 0.9022456153049863, 'eval_runtime': 0.8893, 'eval_samples_per_second': 2249.013, 'eval_steps_per_second': 70.844, 'epoch': 8.0}
{'loss': 0.0085, 'grad_norm': 0.04288710281252861, 'learning_rate': 2.7550000000000002e-05, 'epoch': 9.0}
{'eval_loss': 0.48098504543304443, 'eval_accuracy': 0.901, 'eval_f1': 0.900172652327819, 'eval_runtime': 0.8997, 'eval_samples_per_second': 2222.91, 'eval_steps_per_second': 70.022, 'epoch': 9.0}
{'loss': 0.0029, 'grad_norm': 0.02103743515908718, 'learning_rate': 2.5050000000000002e-05, 'epoch': 10.0}
{'eval_loss': 0.49902790784835815, 'eval_accuracy': 0.9025, 'eval_f1': 0.9021332064098173, 'eval_runtime': 0.9348, 'eval_samples_per_second': 2139.428, 'eval_steps_per_second': 67.392, 'epoch': 10.0}
{'loss': 0.0028, 'grad_norm': 0.05331060662865639, 'learning_rate': 2.2550000000000003e-05, 'epoch': 11.0}
{'eval_loss': 0.497737854719162, 'eval_accuracy': 0.9045, 'eval_f1': 0.90432294155773, 'eval_runtime': 0.8844, 'eval_samples_per_second': 2261.536, 'eval_steps_per_second': 71.238, 'epoch': 11.0}
{'loss': 0.0021, 'grad_norm': 0.033905547112226486, 'learning_rate': 2.0050000000000003e-05, 'epoch': 12.0}
{'eval_loss': 0.5094280242919922, 'eval_accuracy': 0.906, 'eval_f1': 0.905397448201294, 'eval_runtime': 0.8944, 'eval_samples_per_second': 2236.189, 'eval_steps_per_second': 70.44, 'epoch': 12.0}
{'loss': 0.0018, 'grad_norm': 0.025728946551680565, 'learning_rate': 1.755e-05, 'epoch': 13.0}
{'eval_loss': 0.5112218260765076, 'eval_accuracy': 0.91, 'eval_f1': 0.9099411007861455, 'eval_runtime': 0.8795, 'eval_samples_per_second': 2274.145, 'eval_steps_per_second': 71.636, 'epoch': 13.0}
{'loss': 0.0012, 'grad_norm': 0.023783402517437935, 'learning_rate': 1.505e-05, 'epoch': 14.0}
{'eval_loss': 0.5116920471191406, 'eval_accuracy': 0.9095, 'eval_f1': 0.9091892823556883, 'eval_runtime': 0.9118, 'eval_samples_per_second': 2193.44, 'eval_steps_per_second': 69.093, 'epoch': 14.0}
{'loss': 0.001, 'grad_norm': 0.00991456862539053, 'learning_rate': 1.255e-05, 'epoch': 15.0}
{'eval_loss': 0.5151735544204712, 'eval_accuracy': 0.9085, 'eval_f1': 0.9082429114416817, 'eval_runtime': 0.9014, 'eval_samples_per_second': 2218.664, 'eval_steps_per_second': 69.888, 'epoch': 15.0}
{'loss': 0.0011, 'grad_norm': 0.008323966525495052, 'learning_rate': 1.005e-05, 'epoch': 16.0}
{'eval_loss': 0.5196337699890137, 'eval_accuracy': 0.9055, 'eval_f1': 0.9049427555862832, 'eval_runtime': 0.8897, 'eval_samples_per_second': 2247.99, 'eval_steps_per_second': 70.812, 'epoch': 16.0}
{'loss': 0.0009, 'grad_norm': 0.011532806791365147, 'learning_rate': 7.55e-06, 'epoch': 17.0}
{'eval_loss': 0.5202749967575073, 'eval_accuracy': 0.908, 'eval_f1': 0.9077125994787228, 'eval_runtime': 1.1776, 'eval_samples_per_second': 1698.377, 'eval_steps_per_second': 53.499, 'epoch': 17.0}
{'loss': 0.0008, 'grad_norm': 0.6017434000968933, 'learning_rate': 5.050000000000001e-06, 'epoch': 18.0}
{'eval_loss': 0.5206613540649414, 'eval_accuracy': 0.9085, 'eval_f1': 0.908210558997447, 'eval_runtime': 0.9238, 'eval_samples_per_second': 2164.994, 'eval_steps_per_second': 68.197, 'epoch': 18.0}
{'loss': 0.0008, 'grad_norm': 0.012343057431280613, 'learning_rate': 2.55e-06, 'epoch': 19.0}
{'eval_loss': 0.5220809578895569, 'eval_accuracy': 0.908, 'eval_f1': 0.9075860364938956, 'eval_runtime': 0.8874, 'eval_samples_per_second': 2253.887, 'eval_steps_per_second': 70.997, 'epoch': 19.0}
{'loss': 0.0009, 'grad_norm': 0.03031642735004425, 'learning_rate': 5.0000000000000004e-08, 'epoch': 20.0}
{'eval_loss': 0.5228647589683533, 'eval_accuracy': 0.909, 'eval_f1': 0.9085899809941287, 'eval_runtime': 0.9252, 'eval_samples_per_second': 2161.727, 'eval_steps_per_second': 68.094, 'epoch': 20.0}
{'train_runtime': 120.2311, 'train_samples_per_second': 266.154, 'train_steps_per_second': 8.317, 'train_loss': 0.1358387898504734, 'epoch': 20.0}

============================== Training BERT tiny student base model ==============================
{'loss': 1.6028, 'grad_norm': 2.2791686058044434, 'learning_rate': 4.755e-05, 'epoch': 1.0}
{'eval_loss': 1.561920404434204, 'eval_accuracy': 0.39, 'eval_f1': 0.30270666770743393, 'eval_runtime': 0.3361, 'eval_samples_per_second': 5950.258, 'eval_steps_per_second': 187.433, 'epoch': 1.0}
{'loss': 1.453, 'grad_norm': 11.381566047668457, 'learning_rate': 4.5050000000000004e-05, 'epoch': 2.0}
{'eval_loss': 1.380582332611084, 'eval_accuracy': 0.4905, 'eval_f1': 0.37228216059533403, 'eval_runtime': 0.3679, 'eval_samples_per_second': 5436.737, 'eval_steps_per_second': 171.257, 'epoch': 2.0}
{'loss': 1.2346, 'grad_norm': 3.504119396209717, 'learning_rate': 4.2550000000000004e-05, 'epoch': 3.0}
{'eval_loss': 1.1771893501281738, 'eval_accuracy': 0.562, 'eval_f1': 0.45340044918563993, 'eval_runtime': 0.7353, 'eval_samples_per_second': 2720.147, 'eval_steps_per_second': 85.685, 'epoch': 3.0}
{'loss': 1.0705, 'grad_norm': 5.9192070960998535, 'learning_rate': 4.0050000000000004e-05, 'epoch': 4.0}
{'eval_loss': 1.0590722560882568, 'eval_accuracy': 0.6535, 'eval_f1': 0.5923621494216601, 'eval_runtime': 0.3323, 'eval_samples_per_second': 6018.503, 'eval_steps_per_second': 189.583, 'epoch': 4.0}
{'loss': 0.9267, 'grad_norm': 4.043039798736572, 'learning_rate': 3.7550000000000005e-05, 'epoch': 5.0}
{'eval_loss': 0.9519587755203247, 'eval_accuracy': 0.694, 'eval_f1': 0.6423407366021465, 'eval_runtime': 0.4002, 'eval_samples_per_second': 4997.827, 'eval_steps_per_second': 157.432, 'epoch': 5.0}
{'loss': 0.7905, 'grad_norm': 4.013275623321533, 'learning_rate': 3.505e-05, 'epoch': 6.0}
{'eval_loss': 0.8341106176376343, 'eval_accuracy': 0.7325, 'eval_f1': 0.6849314251408698, 'eval_runtime': 0.522, 'eval_samples_per_second': 3831.727, 'eval_steps_per_second': 120.699, 'epoch': 6.0}
{'loss': 0.6659, 'grad_norm': 4.599535942077637, 'learning_rate': 3.2550000000000005e-05, 'epoch': 7.0}
{'eval_loss': 0.7470592856407166, 'eval_accuracy': 0.758, 'eval_f1': 0.7135226827143253, 'eval_runtime': 0.3323, 'eval_samples_per_second': 6018.676, 'eval_steps_per_second': 189.588, 'epoch': 7.0}
{'loss': 0.569, 'grad_norm': 8.929461479187012, 'learning_rate': 3.0050000000000002e-05, 'epoch': 8.0}
{'eval_loss': 0.6948803067207336, 'eval_accuracy': 0.7635, 'eval_f1': 0.725334337033484, 'eval_runtime': 0.329, 'eval_samples_per_second': 6078.829, 'eval_steps_per_second': 191.483, 'epoch': 8.0}
{'loss': 0.4886, 'grad_norm': 7.395184516906738, 'learning_rate': 2.7550000000000002e-05, 'epoch': 9.0}
{'eval_loss': 0.6425589919090271, 'eval_accuracy': 0.802, 'eval_f1': 0.7875729852842075, 'eval_runtime': 0.3334, 'eval_samples_per_second': 5999.465, 'eval_steps_per_second': 188.983, 'epoch': 9.0}
{'loss': 0.412, 'grad_norm': 7.532254695892334, 'learning_rate': 2.5050000000000002e-05, 'epoch': 10.0}
{'eval_loss': 0.6039770245552063, 'eval_accuracy': 0.814, 'eval_f1': 0.8065652129646022, 'eval_runtime': 0.3329, 'eval_samples_per_second': 6007.857, 'eval_steps_per_second': 189.247, 'epoch': 10.0}
{'loss': 0.3528, 'grad_norm': 6.710275650024414, 'learning_rate': 2.2550000000000003e-05, 'epoch': 11.0}
{'eval_loss': 0.5439727902412415, 'eval_accuracy': 0.8385, 'eval_f1': 0.8342040047935982, 'eval_runtime': 0.3296, 'eval_samples_per_second': 6068.131, 'eval_steps_per_second': 191.146, 'epoch': 11.0}
{'loss': 0.2996, 'grad_norm': 8.252286911010742, 'learning_rate': 2.0050000000000003e-05, 'epoch': 12.0}
{'eval_loss': 0.5239884853363037, 'eval_accuracy': 0.845, 'eval_f1': 0.8419976137380435, 'eval_runtime': 0.3281, 'eval_samples_per_second': 6096.288, 'eval_steps_per_second': 192.033, 'epoch': 12.0}
{'loss': 0.2549, 'grad_norm': 6.478001594543457, 'learning_rate': 1.755e-05, 'epoch': 13.0}
{'eval_loss': 0.5080031752586365, 'eval_accuracy': 0.85, 'eval_f1': 0.8485519532988467, 'eval_runtime': 0.3665, 'eval_samples_per_second': 5456.793, 'eval_steps_per_second': 171.889, 'epoch': 13.0}
{'loss': 0.2295, 'grad_norm': 4.817052364349365, 'learning_rate': 1.505e-05, 'epoch': 14.0}
{'eval_loss': 0.504105806350708, 'eval_accuracy': 0.85, 'eval_f1': 0.8489523551346134, 'eval_runtime': 0.3323, 'eval_samples_per_second': 6018.987, 'eval_steps_per_second': 189.598, 'epoch': 14.0}
{'loss': 0.196, 'grad_norm': 5.673437595367432, 'learning_rate': 1.255e-05, 'epoch': 15.0}
{'eval_loss': 0.49434763193130493, 'eval_accuracy': 0.854, 'eval_f1': 0.8520764600034315, 'eval_runtime': 0.343, 'eval_samples_per_second': 5831.339, 'eval_steps_per_second': 183.687, 'epoch': 15.0}
{'loss': 0.1904, 'grad_norm': 7.679046154022217, 'learning_rate': 1.005e-05, 'epoch': 16.0}
{'eval_loss': 0.48298224806785583, 'eval_accuracy': 0.8595, 'eval_f1': 0.8587616548310553, 'eval_runtime': 0.3501, 'eval_samples_per_second': 5713.151, 'eval_steps_per_second': 179.964, 'epoch': 16.0}
{'loss': 0.1733, 'grad_norm': 8.943061828613281, 'learning_rate': 7.55e-06, 'epoch': 17.0}
{'eval_loss': 0.47342169284820557, 'eval_accuracy': 0.862, 'eval_f1': 0.8611267454754471, 'eval_runtime': 0.3977, 'eval_samples_per_second': 5028.78, 'eval_steps_per_second': 158.407, 'epoch': 17.0}
{'loss': 0.1653, 'grad_norm': 5.457059383392334, 'learning_rate': 5.050000000000001e-06, 'epoch': 18.0}
{'eval_loss': 0.47489339113235474, 'eval_accuracy': 0.8615, 'eval_f1': 0.860871929862601, 'eval_runtime': 0.3307, 'eval_samples_per_second': 6047.892, 'eval_steps_per_second': 190.509, 'epoch': 18.0}
{'loss': 0.1495, 'grad_norm': 5.638833522796631, 'learning_rate': 2.55e-06, 'epoch': 19.0}
{'eval_loss': 0.47337794303894043, 'eval_accuracy': 0.8635, 'eval_f1': 0.8625629294734666, 'eval_runtime': 0.3302, 'eval_samples_per_second': 6057.128, 'eval_steps_per_second': 190.8, 'epoch': 19.0}
{'loss': 0.1537, 'grad_norm': 4.60275936126709, 'learning_rate': 5.0000000000000004e-08, 'epoch': 20.0}
{'eval_loss': 0.472344309091568, 'eval_accuracy': 0.8635, 'eval_f1': 0.8624910283786604, 'eval_runtime': 0.3663, 'eval_samples_per_second': 5459.698, 'eval_steps_per_second': 171.98, 'epoch': 20.0}
{'train_runtime': 29.6177, 'train_samples_per_second': 1080.436, 'train_steps_per_second': 33.764, 'train_loss': 0.5689318013191224, 'epoch': 20.0}
Job finished at: Fri Dec 26 12:34:08 AM CET 2025
