/data/courses/2025_dat450_dit247/venvs/dat450_venv/bin/python3
Job started at: Wed Jan  7 09:13:11 PM CET 2026
Running on node: europa
Job ID: 115985
GPU: 2
Loaded student dataset from: ./outputs/seed101_frac1.0/student_dataset_bertmini
Loading student model prajjwal1/bert-mini for distillation...
Loaded teacher and student models.
{'loss': 2.1332, 'grad_norm': 6.854368686676025, 'learning_rate': 4.75025e-05, 'epoch': 1.0}
{'eval_loss': 0.778204083442688, 'eval_accuracy': 0.9075, 'eval_f1': 0.9077732707598001, 'eval_runtime': 6.0999, 'eval_samples_per_second': 327.876, 'eval_steps_per_second': 20.492, 'epoch': 1.0}
{'loss': 0.6316, 'grad_norm': 24.52422332763672, 'learning_rate': 4.50025e-05, 'epoch': 2.0}
{'eval_loss': 0.4268125593662262, 'eval_accuracy': 0.925, 'eval_f1': 0.9241152700284359, 'eval_runtime': 6.1895, 'eval_samples_per_second': 323.127, 'eval_steps_per_second': 20.195, 'epoch': 2.0}
{'loss': 0.421, 'grad_norm': 0.743098795413971, 'learning_rate': 4.25025e-05, 'epoch': 3.0}
{'eval_loss': 0.38377198576927185, 'eval_accuracy': 0.9285, 'eval_f1': 0.9288990419629674, 'eval_runtime': 6.3678, 'eval_samples_per_second': 314.08, 'eval_steps_per_second': 19.63, 'epoch': 3.0}
{'loss': 0.3158, 'grad_norm': 5.125065803527832, 'learning_rate': 4.00025e-05, 'epoch': 4.0}
{'eval_loss': 0.42937812209129333, 'eval_accuracy': 0.9305, 'eval_f1': 0.9307133664619027, 'eval_runtime': 6.5768, 'eval_samples_per_second': 304.101, 'eval_steps_per_second': 19.006, 'epoch': 4.0}
{'loss': 0.266, 'grad_norm': 0.1367216855287552, 'learning_rate': 3.75025e-05, 'epoch': 5.0}
{'eval_loss': 0.38651737570762634, 'eval_accuracy': 0.9305, 'eval_f1': 0.9308417048656227, 'eval_runtime': 6.3473, 'eval_samples_per_second': 315.097, 'eval_steps_per_second': 19.694, 'epoch': 5.0}
{'loss': 0.2008, 'grad_norm': 0.6242052912712097, 'learning_rate': 3.50025e-05, 'epoch': 6.0}
{'eval_loss': 0.41054850816726685, 'eval_accuracy': 0.927, 'eval_f1': 0.9271839506709241, 'eval_runtime': 6.2419, 'eval_samples_per_second': 320.415, 'eval_steps_per_second': 20.026, 'epoch': 6.0}
{'loss': 0.1742, 'grad_norm': 0.22798661887645721, 'learning_rate': 3.25025e-05, 'epoch': 7.0}
{'eval_loss': 0.41451600193977356, 'eval_accuracy': 0.9315, 'eval_f1': 0.9309583306941821, 'eval_runtime': 6.2938, 'eval_samples_per_second': 317.774, 'eval_steps_per_second': 19.861, 'epoch': 7.0}
{'loss': 0.1309, 'grad_norm': 0.12007623165845871, 'learning_rate': 3.00025e-05, 'epoch': 8.0}
{'eval_loss': 0.46680107712745667, 'eval_accuracy': 0.934, 'eval_f1': 0.9344048589654597, 'eval_runtime': 6.4927, 'eval_samples_per_second': 308.039, 'eval_steps_per_second': 19.252, 'epoch': 8.0}
{'loss': 0.1165, 'grad_norm': 0.7954455018043518, 'learning_rate': 2.7502500000000003e-05, 'epoch': 9.0}
{'eval_loss': 0.4349612891674042, 'eval_accuracy': 0.937, 'eval_f1': 0.9370535730242483, 'eval_runtime': 6.2306, 'eval_samples_per_second': 320.997, 'eval_steps_per_second': 20.062, 'epoch': 9.0}
{'loss': 0.1072, 'grad_norm': 14.683345794677734, 'learning_rate': 2.50025e-05, 'epoch': 10.0}
{'eval_loss': 0.4061085879802704, 'eval_accuracy': 0.9365, 'eval_f1': 0.9365250239169367, 'eval_runtime': 6.2144, 'eval_samples_per_second': 321.832, 'eval_steps_per_second': 20.114, 'epoch': 10.0}
{'loss': 0.0821, 'grad_norm': 0.6471900343894958, 'learning_rate': 2.25025e-05, 'epoch': 11.0}
{'eval_loss': 0.4733290672302246, 'eval_accuracy': 0.933, 'eval_f1': 0.9332336122854356, 'eval_runtime': 6.4749, 'eval_samples_per_second': 308.887, 'eval_steps_per_second': 19.305, 'epoch': 11.0}
{'loss': 0.0757, 'grad_norm': 4.970353126525879, 'learning_rate': 2.00025e-05, 'epoch': 12.0}
{'eval_loss': 0.4199088215827942, 'eval_accuracy': 0.938, 'eval_f1': 0.9379126589969309, 'eval_runtime': 6.4499, 'eval_samples_per_second': 310.081, 'eval_steps_per_second': 19.38, 'epoch': 12.0}
{'loss': 0.067, 'grad_norm': 29.825777053833008, 'learning_rate': 1.75025e-05, 'epoch': 13.0}
{'eval_loss': 0.4169541597366333, 'eval_accuracy': 0.9325, 'eval_f1': 0.9325438317316013, 'eval_runtime': 6.2351, 'eval_samples_per_second': 320.763, 'eval_steps_per_second': 20.048, 'epoch': 13.0}
{'loss': 0.0502, 'grad_norm': 95.7795181274414, 'learning_rate': 1.5002499999999999e-05, 'epoch': 14.0}
{'eval_loss': 0.396904855966568, 'eval_accuracy': 0.9355, 'eval_f1': 0.9356076971865552, 'eval_runtime': 6.2134, 'eval_samples_per_second': 321.883, 'eval_steps_per_second': 20.118, 'epoch': 14.0}
{'loss': 0.0466, 'grad_norm': 2.8555660247802734, 'learning_rate': 1.2502500000000001e-05, 'epoch': 15.0}
{'eval_loss': 0.4006273150444031, 'eval_accuracy': 0.9405, 'eval_f1': 0.9402833859172679, 'eval_runtime': 6.2122, 'eval_samples_per_second': 321.946, 'eval_steps_per_second': 20.122, 'epoch': 15.0}
{'loss': 0.0436, 'grad_norm': 0.12132037431001663, 'learning_rate': 1.0002500000000001e-05, 'epoch': 16.0}
{'eval_loss': 0.38946235179901123, 'eval_accuracy': 0.9415, 'eval_f1': 0.941433170527273, 'eval_runtime': 6.4534, 'eval_samples_per_second': 309.914, 'eval_steps_per_second': 19.37, 'epoch': 16.0}
{'loss': 0.0404, 'grad_norm': 0.23971043527126312, 'learning_rate': 7.5025e-06, 'epoch': 17.0}
{'eval_loss': 0.39016327261924744, 'eval_accuracy': 0.938, 'eval_f1': 0.9378468851570387, 'eval_runtime': 6.2451, 'eval_samples_per_second': 320.253, 'eval_steps_per_second': 20.016, 'epoch': 17.0}
{'loss': 0.0346, 'grad_norm': 2.753291606903076, 'learning_rate': 5.0025e-06, 'epoch': 18.0}
{'eval_loss': 0.38684454560279846, 'eval_accuracy': 0.9375, 'eval_f1': 0.9375254757219104, 'eval_runtime': 6.2688, 'eval_samples_per_second': 319.043, 'eval_steps_per_second': 19.94, 'epoch': 18.0}
{'loss': 0.0344, 'grad_norm': 0.06192200630903244, 'learning_rate': 2.5025e-06, 'epoch': 19.0}
{'eval_loss': 0.3859572112560272, 'eval_accuracy': 0.9375, 'eval_f1': 0.9375195473301062, 'eval_runtime': 6.3973, 'eval_samples_per_second': 312.632, 'eval_steps_per_second': 19.539, 'epoch': 19.0}
{'loss': 0.0318, 'grad_norm': 0.061471156775951385, 'learning_rate': 2.5e-09, 'epoch': 20.0}
{'eval_loss': 0.3819922208786011, 'eval_accuracy': 0.938, 'eval_f1': 0.9380180863482538, 'eval_runtime': 6.382, 'eval_samples_per_second': 313.382, 'eval_steps_per_second': 19.586, 'epoch': 20.0}
{'train_runtime': 1223.204, 'train_samples_per_second': 261.608, 'train_steps_per_second': 16.351, 'train_loss': 0.2501915580749512, 'epoch': 20.0}
Distillation training completed. Evaluation metrics: {'val': {'eval_loss': 0.38946235179901123, 'eval_accuracy': 0.9415, 'eval_f1': 0.941433170527273, 'eval_runtime': 6.202, 'eval_samples_per_second': 322.475, 'eval_steps_per_second': 20.155, 'epoch': 20.0}, 'test': {'eval_loss': 0.4231967628002167, 'eval_accuracy': 0.9265, 'eval_f1': 0.9262390687856673, 'eval_runtime': 6.2447, 'eval_samples_per_second': 320.271, 'eval_steps_per_second': 20.017, 'epoch': 20.0}}
Job finished at: Wed Jan  7 09:34:13 PM CET 2026
