/data/courses/2025_dat450_dit247/venvs/dat450_venv/bin/python3
Job started at: Thu Jan  8 01:36:57 PM CET 2026
Running on node: europa
Job ID: 116064
GPU: 0

============================== LOADED DATASET ==============================
Fraction of training data:  1.0
Train: 16000, Val: 2000, Test: 2000

============================== LOADED DATASET ==============================
Fraction of training data:  1.0
Train: 16000, Val: 2000, Test: 2000

============================== LOADED DATASET ==============================
Fraction of training data:  1.0
Train: 16000, Val: 2000, Test: 2000
Saved student datasets to:
  ./outputs/seed100_frac1.0/student_dataset_distilbert
  ./outputs/seed100_frac1.0/student_dataset_bertmini

============================== Training teacher model ==============================
{'loss': 0.4696, 'grad_norm': 1.9240444898605347, 'learning_rate': 4.7505e-05, 'epoch': 1.0}
{'eval_loss': 0.21409152448177338, 'eval_accuracy': 0.926, 'eval_f1': 0.9261267331544039, 'eval_runtime': 1.5666, 'eval_samples_per_second': 1276.673, 'eval_steps_per_second': 40.215, 'epoch': 1.0}
{'loss': 0.1948, 'grad_norm': 9.97794246673584, 'learning_rate': 4.5005e-05, 'epoch': 2.0}
{'eval_loss': 0.17719556391239166, 'eval_accuracy': 0.931, 'eval_f1': 0.9298439057333308, 'eval_runtime': 1.5859, 'eval_samples_per_second': 1261.102, 'eval_steps_per_second': 39.725, 'epoch': 2.0}
{'loss': 0.1532, 'grad_norm': 34.48915481567383, 'learning_rate': 4.2505e-05, 'epoch': 3.0}
{'eval_loss': 0.16347196698188782, 'eval_accuracy': 0.94, 'eval_f1': 0.9411738800702307, 'eval_runtime': 1.624, 'eval_samples_per_second': 1231.559, 'eval_steps_per_second': 38.794, 'epoch': 3.0}
{'loss': 0.126, 'grad_norm': 3.7604520320892334, 'learning_rate': 4.0005e-05, 'epoch': 4.0}
{'eval_loss': 0.14733248949050903, 'eval_accuracy': 0.9385, 'eval_f1': 0.9390108596500546, 'eval_runtime': 1.6452, 'eval_samples_per_second': 1215.631, 'eval_steps_per_second': 38.292, 'epoch': 4.0}
{'loss': 0.1184, 'grad_norm': 2.635420799255371, 'learning_rate': 3.7505e-05, 'epoch': 5.0}
{'eval_loss': 0.14349450170993805, 'eval_accuracy': 0.9405, 'eval_f1': 0.9406209194736459, 'eval_runtime': 1.6033, 'eval_samples_per_second': 1247.41, 'eval_steps_per_second': 39.293, 'epoch': 5.0}
{'loss': 0.1002, 'grad_norm': 0.6562851071357727, 'learning_rate': 3.5005e-05, 'epoch': 6.0}
{'eval_loss': 0.21814538538455963, 'eval_accuracy': 0.935, 'eval_f1': 0.9351306262733089, 'eval_runtime': 1.6368, 'eval_samples_per_second': 1221.868, 'eval_steps_per_second': 38.489, 'epoch': 6.0}
{'loss': 0.0982, 'grad_norm': 0.6109340786933899, 'learning_rate': 3.2505e-05, 'epoch': 7.0}
{'eval_loss': 0.20080816745758057, 'eval_accuracy': 0.939, 'eval_f1': 0.9382224479972027, 'eval_runtime': 1.6133, 'eval_samples_per_second': 1239.701, 'eval_steps_per_second': 39.051, 'epoch': 7.0}
{'loss': 0.0941, 'grad_norm': 0.8062219619750977, 'learning_rate': 3.0004999999999998e-05, 'epoch': 8.0}
{'eval_loss': 0.15106888115406036, 'eval_accuracy': 0.936, 'eval_f1': 0.9358520871331706, 'eval_runtime': 1.5992, 'eval_samples_per_second': 1250.627, 'eval_steps_per_second': 39.395, 'epoch': 8.0}
{'loss': 0.0715, 'grad_norm': 5.7523627281188965, 'learning_rate': 2.7505000000000002e-05, 'epoch': 9.0}
{'eval_loss': 0.2746884524822235, 'eval_accuracy': 0.934, 'eval_f1': 0.9341002530897746, 'eval_runtime': 1.6389, 'eval_samples_per_second': 1220.323, 'eval_steps_per_second': 38.44, 'epoch': 9.0}
{'loss': 0.0622, 'grad_norm': 29.03754425048828, 'learning_rate': 2.5005000000000002e-05, 'epoch': 10.0}
{'eval_loss': 0.2696678042411804, 'eval_accuracy': 0.9385, 'eval_f1': 0.9387613076697298, 'eval_runtime': 1.6218, 'eval_samples_per_second': 1233.195, 'eval_steps_per_second': 38.846, 'epoch': 10.0}
{'loss': 0.0577, 'grad_norm': 12.277215957641602, 'learning_rate': 2.2505000000000002e-05, 'epoch': 11.0}
{'eval_loss': 0.2828529477119446, 'eval_accuracy': 0.935, 'eval_f1': 0.9350362798359844, 'eval_runtime': 1.607, 'eval_samples_per_second': 1244.532, 'eval_steps_per_second': 39.203, 'epoch': 11.0}
{'loss': 0.0458, 'grad_norm': 0.023190587759017944, 'learning_rate': 2.0005000000000002e-05, 'epoch': 12.0}
{'eval_loss': 0.2550496757030487, 'eval_accuracy': 0.9385, 'eval_f1': 0.9385656617120495, 'eval_runtime': 1.601, 'eval_samples_per_second': 1249.186, 'eval_steps_per_second': 39.349, 'epoch': 12.0}
{'loss': 0.032, 'grad_norm': 0.4105995297431946, 'learning_rate': 1.7505000000000003e-05, 'epoch': 13.0}
{'eval_loss': 0.3169654905796051, 'eval_accuracy': 0.9375, 'eval_f1': 0.9376897471959238, 'eval_runtime': 1.6026, 'eval_samples_per_second': 1247.935, 'eval_steps_per_second': 39.31, 'epoch': 13.0}
{'loss': 0.0305, 'grad_norm': 2.6182570457458496, 'learning_rate': 1.5005e-05, 'epoch': 14.0}
{'eval_loss': 0.3177546262741089, 'eval_accuracy': 0.941, 'eval_f1': 0.9409613850260983, 'eval_runtime': 1.6395, 'eval_samples_per_second': 1219.883, 'eval_steps_per_second': 38.426, 'epoch': 14.0}
{'loss': 0.0228, 'grad_norm': 9.816837310791016, 'learning_rate': 1.2505e-05, 'epoch': 15.0}
{'eval_loss': 0.3480894863605499, 'eval_accuracy': 0.941, 'eval_f1': 0.9409168706629626, 'eval_runtime': 1.6157, 'eval_samples_per_second': 1237.877, 'eval_steps_per_second': 38.993, 'epoch': 15.0}
{'loss': 0.0177, 'grad_norm': 0.012290526181459427, 'learning_rate': 1.0005e-05, 'epoch': 16.0}
{'eval_loss': 0.3352419137954712, 'eval_accuracy': 0.943, 'eval_f1': 0.9429326847479719, 'eval_runtime': 1.6352, 'eval_samples_per_second': 1223.127, 'eval_steps_per_second': 38.528, 'epoch': 16.0}
{'loss': 0.0126, 'grad_norm': 4.3035054206848145, 'learning_rate': 7.505000000000001e-06, 'epoch': 17.0}
{'eval_loss': 0.3757436275482178, 'eval_accuracy': 0.939, 'eval_f1': 0.9390697830293805, 'eval_runtime': 1.6195, 'eval_samples_per_second': 1234.939, 'eval_steps_per_second': 38.901, 'epoch': 17.0}
{'loss': 0.0092, 'grad_norm': 3.2300102710723877, 'learning_rate': 5.005e-06, 'epoch': 18.0}
{'eval_loss': 0.38586175441741943, 'eval_accuracy': 0.9375, 'eval_f1': 0.9374435701159891, 'eval_runtime': 1.6028, 'eval_samples_per_second': 1247.852, 'eval_steps_per_second': 39.307, 'epoch': 18.0}
{'loss': 0.0103, 'grad_norm': 0.004324737936258316, 'learning_rate': 2.505e-06, 'epoch': 19.0}
{'eval_loss': 0.40607714653015137, 'eval_accuracy': 0.9375, 'eval_f1': 0.9374888067052802, 'eval_runtime': 1.6392, 'eval_samples_per_second': 1220.108, 'eval_steps_per_second': 38.433, 'epoch': 19.0}
{'loss': 0.0078, 'grad_norm': 0.002763127675279975, 'learning_rate': 5e-09, 'epoch': 20.0}
{'eval_loss': 0.4102723002433777, 'eval_accuracy': 0.939, 'eval_f1': 0.9389368438636781, 'eval_runtime': 1.6478, 'eval_samples_per_second': 1213.758, 'eval_steps_per_second': 38.233, 'epoch': 20.0}
{'train_runtime': 1122.4117, 'train_samples_per_second': 285.1, 'train_steps_per_second': 8.909, 'train_loss': 0.08674084284305572, 'epoch': 20.0}

============================== Training student base model ==============================
{'loss': 0.4541, 'grad_norm': 15.192123413085938, 'learning_rate': 4.7505e-05, 'epoch': 1.0}
{'eval_loss': 0.20375430583953857, 'eval_accuracy': 0.9225, 'eval_f1': 0.9235369902873283, 'eval_runtime': 0.888, 'eval_samples_per_second': 2252.165, 'eval_steps_per_second': 70.943, 'epoch': 1.0}
{'loss': 0.1744, 'grad_norm': 17.859657287597656, 'learning_rate': 4.5005e-05, 'epoch': 2.0}
{'eval_loss': 0.1792588233947754, 'eval_accuracy': 0.935, 'eval_f1': 0.9344493605927898, 'eval_runtime': 0.8995, 'eval_samples_per_second': 2223.553, 'eval_steps_per_second': 70.042, 'epoch': 2.0}
{'loss': 0.1346, 'grad_norm': 1.215929627418518, 'learning_rate': 4.2505e-05, 'epoch': 3.0}
{'eval_loss': 0.14523248374462128, 'eval_accuracy': 0.938, 'eval_f1': 0.938032550198847, 'eval_runtime': 0.8728, 'eval_samples_per_second': 2291.516, 'eval_steps_per_second': 72.183, 'epoch': 3.0}
{'loss': 0.1158, 'grad_norm': 5.3927106857299805, 'learning_rate': 4.0005e-05, 'epoch': 4.0}
{'eval_loss': 0.19173522293567657, 'eval_accuracy': 0.932, 'eval_f1': 0.9323600435349189, 'eval_runtime': 1.6189, 'eval_samples_per_second': 1235.395, 'eval_steps_per_second': 38.915, 'epoch': 4.0}
{'loss': 0.1071, 'grad_norm': 4.65566349029541, 'learning_rate': 3.7505e-05, 'epoch': 5.0}
{'eval_loss': 0.16271401941776276, 'eval_accuracy': 0.938, 'eval_f1': 0.9377693203966998, 'eval_runtime': 0.86, 'eval_samples_per_second': 2325.45, 'eval_steps_per_second': 73.252, 'epoch': 5.0}
{'loss': 0.095, 'grad_norm': 4.064549922943115, 'learning_rate': 3.5005e-05, 'epoch': 6.0}
{'eval_loss': 0.1650679111480713, 'eval_accuracy': 0.942, 'eval_f1': 0.9419052343394306, 'eval_runtime': 0.8675, 'eval_samples_per_second': 2305.487, 'eval_steps_per_second': 72.623, 'epoch': 6.0}
{'loss': 0.0841, 'grad_norm': 0.09011001884937286, 'learning_rate': 3.2505e-05, 'epoch': 7.0}
{'eval_loss': 0.1745259314775467, 'eval_accuracy': 0.9435, 'eval_f1': 0.9429369867500073, 'eval_runtime': 0.9004, 'eval_samples_per_second': 2221.153, 'eval_steps_per_second': 69.966, 'epoch': 7.0}
{'loss': 0.0639, 'grad_norm': 0.06600980460643768, 'learning_rate': 3.0004999999999998e-05, 'epoch': 8.0}
{'eval_loss': 0.197086900472641, 'eval_accuracy': 0.9385, 'eval_f1': 0.938594402274157, 'eval_runtime': 0.8631, 'eval_samples_per_second': 2317.232, 'eval_steps_per_second': 72.993, 'epoch': 8.0}
{'loss': 0.0602, 'grad_norm': 0.7757196426391602, 'learning_rate': 2.7505000000000002e-05, 'epoch': 9.0}
{'eval_loss': 0.24726726114749908, 'eval_accuracy': 0.9405, 'eval_f1': 0.9402984870561943, 'eval_runtime': 0.8612, 'eval_samples_per_second': 2322.355, 'eval_steps_per_second': 73.154, 'epoch': 9.0}
{'loss': 0.0435, 'grad_norm': 0.12034188956022263, 'learning_rate': 2.5005000000000002e-05, 'epoch': 10.0}
{'eval_loss': 0.29215916991233826, 'eval_accuracy': 0.937, 'eval_f1': 0.9376088150030175, 'eval_runtime': 0.859, 'eval_samples_per_second': 2328.166, 'eval_steps_per_second': 73.337, 'epoch': 10.0}
{'loss': 0.0352, 'grad_norm': 0.021177714690566063, 'learning_rate': 2.2505000000000002e-05, 'epoch': 11.0}
{'eval_loss': 0.2929367125034332, 'eval_accuracy': 0.9415, 'eval_f1': 0.9419978375811953, 'eval_runtime': 0.8649, 'eval_samples_per_second': 2312.435, 'eval_steps_per_second': 72.842, 'epoch': 11.0}
{'loss': 0.0265, 'grad_norm': 0.3750622272491455, 'learning_rate': 2.0005000000000002e-05, 'epoch': 12.0}
{'eval_loss': 0.27621984481811523, 'eval_accuracy': 0.9425, 'eval_f1': 0.9428953382173761, 'eval_runtime': 0.8694, 'eval_samples_per_second': 2300.494, 'eval_steps_per_second': 72.466, 'epoch': 12.0}
{'loss': 0.021, 'grad_norm': 2.3613290786743164, 'learning_rate': 1.7505000000000003e-05, 'epoch': 13.0}
{'eval_loss': 0.3060619533061981, 'eval_accuracy': 0.9395, 'eval_f1': 0.9394964682642608, 'eval_runtime': 0.8714, 'eval_samples_per_second': 2295.239, 'eval_steps_per_second': 72.3, 'epoch': 13.0}
{'loss': 0.019, 'grad_norm': 12.786615371704102, 'learning_rate': 1.5005e-05, 'epoch': 14.0}
{'eval_loss': 0.29608944058418274, 'eval_accuracy': 0.9435, 'eval_f1': 0.9435727844855023, 'eval_runtime': 0.8768, 'eval_samples_per_second': 2281.031, 'eval_steps_per_second': 71.852, 'epoch': 14.0}
{'loss': 0.0168, 'grad_norm': 0.3452150225639343, 'learning_rate': 1.2505e-05, 'epoch': 15.0}
{'eval_loss': 0.3338853716850281, 'eval_accuracy': 0.9405, 'eval_f1': 0.9406884677965536, 'eval_runtime': 0.8731, 'eval_samples_per_second': 2290.609, 'eval_steps_per_second': 72.154, 'epoch': 15.0}
{'loss': 0.0123, 'grad_norm': 0.0014645337359979749, 'learning_rate': 1.0005e-05, 'epoch': 16.0}
{'eval_loss': 0.35514506697654724, 'eval_accuracy': 0.94, 'eval_f1': 0.9400683558965264, 'eval_runtime': 0.8709, 'eval_samples_per_second': 2296.348, 'eval_steps_per_second': 72.335, 'epoch': 16.0}
{'loss': 0.0098, 'grad_norm': 1.023794412612915, 'learning_rate': 7.505000000000001e-06, 'epoch': 17.0}
{'eval_loss': 0.34014853835105896, 'eval_accuracy': 0.942, 'eval_f1': 0.9422250947362497, 'eval_runtime': 0.8718, 'eval_samples_per_second': 2293.976, 'eval_steps_per_second': 72.26, 'epoch': 17.0}
{'loss': 0.009, 'grad_norm': 4.579449653625488, 'learning_rate': 5.005e-06, 'epoch': 18.0}
{'eval_loss': 0.3681063950061798, 'eval_accuracy': 0.9365, 'eval_f1': 0.9366753443602783, 'eval_runtime': 0.8736, 'eval_samples_per_second': 2289.441, 'eval_steps_per_second': 72.117, 'epoch': 18.0}
{'loss': 0.007, 'grad_norm': 0.02414652891457081, 'learning_rate': 2.505e-06, 'epoch': 19.0}
{'eval_loss': 0.3623274564743042, 'eval_accuracy': 0.939, 'eval_f1': 0.9390097069936864, 'eval_runtime': 0.8736, 'eval_samples_per_second': 2289.341, 'eval_steps_per_second': 72.114, 'epoch': 19.0}
{'loss': 0.0059, 'grad_norm': 0.006235371343791485, 'learning_rate': 5e-09, 'epoch': 20.0}
{'eval_loss': 0.3654637336730957, 'eval_accuracy': 0.9405, 'eval_f1': 0.9405435139685346, 'eval_runtime': 0.8653, 'eval_samples_per_second': 2311.281, 'eval_steps_per_second': 72.805, 'epoch': 20.0}
{'train_runtime': 630.3385, 'train_samples_per_second': 507.664, 'train_steps_per_second': 15.864, 'train_loss': 0.07477000398635865, 'epoch': 20.0}
Job finished at: Thu Jan  8 02:07:20 PM CET 2026
