/data/courses/2025_dat450_dit247/venvs/dat450_venv/bin/python3
Job started at: Thu Jan  8 01:42:25 PM CET 2026
Running on node: europa
Job ID: 116067
GPU: 3

============================== LOADED DATASET ==============================
Fraction of training data:  1.0
Train: 16000, Val: 2000, Test: 2000

============================== LOADED DATASET ==============================
Fraction of training data:  0.05
Train: 800, Val: 2000, Test: 2000

============================== LOADED DATASET ==============================
Fraction of training data:  0.05
Train: 800, Val: 2000, Test: 2000
Saved student datasets to:
  ./outputs/seed101_frac0.05/student_dataset_distilbert
  ./outputs/seed101_frac0.05/student_dataset_bertmini

============================== Training teacher model ==============================
{'loss': 0.4308, 'grad_norm': 1.081108570098877, 'learning_rate': 4.7505e-05, 'epoch': 1.0}
{'eval_loss': 0.18148666620254517, 'eval_accuracy': 0.9265, 'eval_f1': 0.9268317228468633, 'eval_runtime': 1.6652, 'eval_samples_per_second': 1201.088, 'eval_steps_per_second': 37.834, 'epoch': 1.0}
{'loss': 0.1401, 'grad_norm': 0.9933460354804993, 'learning_rate': 4.5005e-05, 'epoch': 2.0}
{'eval_loss': 0.15937009453773499, 'eval_accuracy': 0.936, 'eval_f1': 0.9348168641867343, 'eval_runtime': 1.6599, 'eval_samples_per_second': 1204.909, 'eval_steps_per_second': 37.955, 'epoch': 2.0}
{'loss': 0.1077, 'grad_norm': 2.7404239177703857, 'learning_rate': 4.2505e-05, 'epoch': 3.0}
{'eval_loss': 0.1366879940032959, 'eval_accuracy': 0.943, 'eval_f1': 0.943233655240139, 'eval_runtime': 1.6222, 'eval_samples_per_second': 1232.902, 'eval_steps_per_second': 38.836, 'epoch': 3.0}
{'loss': 0.0944, 'grad_norm': 20.41061782836914, 'learning_rate': 4.0005e-05, 'epoch': 4.0}
{'eval_loss': 0.15139566361904144, 'eval_accuracy': 0.9375, 'eval_f1': 0.9369209262806241, 'eval_runtime': 1.6511, 'eval_samples_per_second': 1211.298, 'eval_steps_per_second': 38.156, 'epoch': 4.0}
{'loss': 0.0803, 'grad_norm': 0.21143949031829834, 'learning_rate': 3.7505e-05, 'epoch': 5.0}
{'eval_loss': 0.22352366149425507, 'eval_accuracy': 0.935, 'eval_f1': 0.9348780968026975, 'eval_runtime': 1.6285, 'eval_samples_per_second': 1228.138, 'eval_steps_per_second': 38.686, 'epoch': 5.0}
{'loss': 0.062, 'grad_norm': 7.251119613647461, 'learning_rate': 3.5005e-05, 'epoch': 6.0}
{'eval_loss': 0.23461395502090454, 'eval_accuracy': 0.9365, 'eval_f1': 0.9361158878587369, 'eval_runtime': 1.6703, 'eval_samples_per_second': 1197.418, 'eval_steps_per_second': 37.719, 'epoch': 6.0}
{'loss': 0.0424, 'grad_norm': 0.08696578443050385, 'learning_rate': 3.2505e-05, 'epoch': 7.0}
{'eval_loss': 0.2863002121448517, 'eval_accuracy': 0.9395, 'eval_f1': 0.9385751753505284, 'eval_runtime': 2.1365, 'eval_samples_per_second': 936.122, 'eval_steps_per_second': 29.488, 'epoch': 7.0}
{'loss': 0.0257, 'grad_norm': 0.00880068726837635, 'learning_rate': 3.0004999999999998e-05, 'epoch': 8.0}
{'eval_loss': 0.33201777935028076, 'eval_accuracy': 0.9385, 'eval_f1': 0.9387501119183437, 'eval_runtime': 1.6618, 'eval_samples_per_second': 1203.52, 'eval_steps_per_second': 37.911, 'epoch': 8.0}
{'loss': 0.0171, 'grad_norm': 0.31381359696388245, 'learning_rate': 2.7505000000000002e-05, 'epoch': 9.0}
{'eval_loss': 0.34860101342201233, 'eval_accuracy': 0.9385, 'eval_f1': 0.9389642735722076, 'eval_runtime': 1.6673, 'eval_samples_per_second': 1199.577, 'eval_steps_per_second': 37.787, 'epoch': 9.0}
{'loss': 0.0159, 'grad_norm': 0.003514164127409458, 'learning_rate': 2.5005000000000002e-05, 'epoch': 10.0}
{'eval_loss': 0.37814995646476746, 'eval_accuracy': 0.94, 'eval_f1': 0.9399191810000804, 'eval_runtime': 1.6228, 'eval_samples_per_second': 1232.45, 'eval_steps_per_second': 38.822, 'epoch': 10.0}
{'loss': 0.0158, 'grad_norm': 0.04050322622060776, 'learning_rate': 2.2505000000000002e-05, 'epoch': 11.0}
{'eval_loss': 0.3752846121788025, 'eval_accuracy': 0.939, 'eval_f1': 0.939215022093642, 'eval_runtime': 1.6221, 'eval_samples_per_second': 1232.945, 'eval_steps_per_second': 38.838, 'epoch': 11.0}
{'loss': 0.0113, 'grad_norm': 0.002646543551236391, 'learning_rate': 2.0005000000000002e-05, 'epoch': 12.0}
{'eval_loss': 0.3967994451522827, 'eval_accuracy': 0.938, 'eval_f1': 0.9376866086300815, 'eval_runtime': 1.8253, 'eval_samples_per_second': 1095.72, 'eval_steps_per_second': 34.515, 'epoch': 12.0}
{'loss': 0.0072, 'grad_norm': 0.020548289641737938, 'learning_rate': 1.7505000000000003e-05, 'epoch': 13.0}
{'eval_loss': 0.45070260763168335, 'eval_accuracy': 0.937, 'eval_f1': 0.9366248387227079, 'eval_runtime': 1.655, 'eval_samples_per_second': 1208.475, 'eval_steps_per_second': 38.067, 'epoch': 13.0}
{'loss': 0.0077, 'grad_norm': 0.009139771573245525, 'learning_rate': 1.5005e-05, 'epoch': 14.0}
{'eval_loss': 0.4325502812862396, 'eval_accuracy': 0.9385, 'eval_f1': 0.9386524157439785, 'eval_runtime': 1.6245, 'eval_samples_per_second': 1231.125, 'eval_steps_per_second': 38.78, 'epoch': 14.0}
{'loss': 0.0066, 'grad_norm': 0.01353069394826889, 'learning_rate': 1.2505e-05, 'epoch': 15.0}
{'eval_loss': 0.44239434599876404, 'eval_accuracy': 0.9355, 'eval_f1': 0.9352660639846865, 'eval_runtime': 1.6432, 'eval_samples_per_second': 1217.133, 'eval_steps_per_second': 38.34, 'epoch': 15.0}
{'loss': 0.0059, 'grad_norm': 0.001774835865944624, 'learning_rate': 1.0005e-05, 'epoch': 16.0}
{'eval_loss': 0.44025498628616333, 'eval_accuracy': 0.938, 'eval_f1': 0.9376253110130066, 'eval_runtime': 1.625, 'eval_samples_per_second': 1230.759, 'eval_steps_per_second': 38.769, 'epoch': 16.0}
{'loss': 0.0041, 'grad_norm': 0.6308501362800598, 'learning_rate': 7.505000000000001e-06, 'epoch': 17.0}
{'eval_loss': 0.46340200304985046, 'eval_accuracy': 0.9385, 'eval_f1': 0.9382884117898299, 'eval_runtime': 1.6485, 'eval_samples_per_second': 1213.246, 'eval_steps_per_second': 38.217, 'epoch': 17.0}
{'loss': 0.004, 'grad_norm': 0.5973588824272156, 'learning_rate': 5.005e-06, 'epoch': 18.0}
{'eval_loss': 0.4717559516429901, 'eval_accuracy': 0.935, 'eval_f1': 0.9347801508302829, 'eval_runtime': 2.073, 'eval_samples_per_second': 964.784, 'eval_steps_per_second': 30.391, 'epoch': 18.0}
{'loss': 0.0032, 'grad_norm': 0.0009261868544854224, 'learning_rate': 2.505e-06, 'epoch': 19.0}
{'eval_loss': 0.4732065498828888, 'eval_accuracy': 0.936, 'eval_f1': 0.935789642730377, 'eval_runtime': 1.641, 'eval_samples_per_second': 1218.784, 'eval_steps_per_second': 38.392, 'epoch': 19.0}
{'loss': 0.003, 'grad_norm': 0.0014683033805340528, 'learning_rate': 5e-09, 'epoch': 20.0}
{'eval_loss': 0.48062410950660706, 'eval_accuracy': 0.9365, 'eval_f1': 0.9361875822196501, 'eval_runtime': 1.6337, 'eval_samples_per_second': 1224.199, 'eval_steps_per_second': 38.562, 'epoch': 20.0}
{'train_runtime': 1076.3518, 'train_samples_per_second': 297.301, 'train_steps_per_second': 9.291, 'train_loss': 0.054263342118263246, 'epoch': 20.0}

============================== Training BERT tiny student base model ==============================
{'loss': 1.6443, 'grad_norm': 2.9484927654266357, 'learning_rate': 4.76e-05, 'epoch': 1.0}
{'eval_loss': 1.5834546089172363, 'eval_accuracy': 0.3525, 'eval_f1': 0.18442198747036545, 'eval_runtime': 0.3253, 'eval_samples_per_second': 6147.423, 'eval_steps_per_second': 193.644, 'epoch': 1.0}
{'loss': 1.5624, 'grad_norm': 1.4500361680984497, 'learning_rate': 4.5100000000000005e-05, 'epoch': 2.0}
{'eval_loss': 1.5483477115631104, 'eval_accuracy': 0.369, 'eval_f1': 0.22538017816102868, 'eval_runtime': 0.3366, 'eval_samples_per_second': 5941.294, 'eval_steps_per_second': 187.151, 'epoch': 2.0}
{'loss': 1.5008, 'grad_norm': 5.571523666381836, 'learning_rate': 4.26e-05, 'epoch': 3.0}
{'eval_loss': 1.4489189386367798, 'eval_accuracy': 0.475, 'eval_f1': 0.3648875406603743, 'eval_runtime': 0.3276, 'eval_samples_per_second': 6104.975, 'eval_steps_per_second': 192.307, 'epoch': 3.0}
{'loss': 1.382, 'grad_norm': 3.2716064453125, 'learning_rate': 4.0100000000000006e-05, 'epoch': 4.0}
{'eval_loss': 1.3537441492080688, 'eval_accuracy': 0.5055, 'eval_f1': 0.4007623124415968, 'eval_runtime': 0.3245, 'eval_samples_per_second': 6162.548, 'eval_steps_per_second': 194.12, 'epoch': 4.0}
{'loss': 1.251, 'grad_norm': 3.712826728820801, 'learning_rate': 3.76e-05, 'epoch': 5.0}
{'eval_loss': 1.2599276304244995, 'eval_accuracy': 0.5345, 'eval_f1': 0.4247982786035807, 'eval_runtime': 0.3277, 'eval_samples_per_second': 6103.989, 'eval_steps_per_second': 192.276, 'epoch': 5.0}
{'loss': 1.1643, 'grad_norm': 3.316516637802124, 'learning_rate': 3.51e-05, 'epoch': 6.0}
{'eval_loss': 1.1852022409439087, 'eval_accuracy': 0.567, 'eval_f1': 0.4694946640974245, 'eval_runtime': 0.3243, 'eval_samples_per_second': 6167.872, 'eval_steps_per_second': 194.288, 'epoch': 6.0}
{'loss': 1.0859, 'grad_norm': 5.457028865814209, 'learning_rate': 3.26e-05, 'epoch': 7.0}
{'eval_loss': 1.1470435857772827, 'eval_accuracy': 0.5765, 'eval_f1': 0.4818830172625913, 'eval_runtime': 0.3431, 'eval_samples_per_second': 5828.547, 'eval_steps_per_second': 183.599, 'epoch': 7.0}
{'loss': 1.0056, 'grad_norm': 4.395573616027832, 'learning_rate': 3.01e-05, 'epoch': 8.0}
{'eval_loss': 1.111684799194336, 'eval_accuracy': 0.623, 'eval_f1': 0.5577604069039194, 'eval_runtime': 0.3239, 'eval_samples_per_second': 6174.927, 'eval_steps_per_second': 194.51, 'epoch': 8.0}
{'loss': 0.9415, 'grad_norm': 3.0264673233032227, 'learning_rate': 2.7600000000000003e-05, 'epoch': 9.0}
{'eval_loss': 1.0537188053131104, 'eval_accuracy': 0.635, 'eval_f1': 0.5657511547985816, 'eval_runtime': 0.3232, 'eval_samples_per_second': 6188.329, 'eval_steps_per_second': 194.932, 'epoch': 9.0}
{'loss': 0.8935, 'grad_norm': 5.4785356521606445, 'learning_rate': 2.51e-05, 'epoch': 10.0}
{'eval_loss': 1.1185672283172607, 'eval_accuracy': 0.607, 'eval_f1': 0.5539254463721137, 'eval_runtime': 0.3244, 'eval_samples_per_second': 6165.537, 'eval_steps_per_second': 194.214, 'epoch': 10.0}
{'loss': 0.8291, 'grad_norm': 5.985543727874756, 'learning_rate': 2.26e-05, 'epoch': 11.0}
{'eval_loss': 0.9757405519485474, 'eval_accuracy': 0.6705, 'eval_f1': 0.6153773667373231, 'eval_runtime': 0.3243, 'eval_samples_per_second': 6167.772, 'eval_steps_per_second': 194.285, 'epoch': 11.0}
{'loss': 0.7607, 'grad_norm': 6.146060943603516, 'learning_rate': 2.01e-05, 'epoch': 12.0}
{'eval_loss': 0.9595059752464294, 'eval_accuracy': 0.678, 'eval_f1': 0.6304880165474742, 'eval_runtime': 0.3825, 'eval_samples_per_second': 5229.01, 'eval_steps_per_second': 164.714, 'epoch': 12.0}
{'loss': 0.721, 'grad_norm': 5.60750150680542, 'learning_rate': 1.76e-05, 'epoch': 13.0}
{'eval_loss': 0.9243640899658203, 'eval_accuracy': 0.672, 'eval_f1': 0.6270155824287746, 'eval_runtime': 0.3246, 'eval_samples_per_second': 6161.407, 'eval_steps_per_second': 194.084, 'epoch': 13.0}
{'loss': 0.6727, 'grad_norm': 4.075311660766602, 'learning_rate': 1.51e-05, 'epoch': 14.0}
{'eval_loss': 0.8986315727233887, 'eval_accuracy': 0.7015, 'eval_f1': 0.6721076477997207, 'eval_runtime': 0.3241, 'eval_samples_per_second': 6170.335, 'eval_steps_per_second': 194.366, 'epoch': 14.0}
{'loss': 0.6293, 'grad_norm': 3.391186475753784, 'learning_rate': 1.2600000000000001e-05, 'epoch': 15.0}
{'eval_loss': 0.8800634145736694, 'eval_accuracy': 0.7085, 'eval_f1': 0.6799842142147375, 'eval_runtime': 1.3321, 'eval_samples_per_second': 1501.389, 'eval_steps_per_second': 47.294, 'epoch': 15.0}
{'loss': 0.6024, 'grad_norm': 7.048070907592773, 'learning_rate': 1.0100000000000002e-05, 'epoch': 16.0}
{'eval_loss': 0.8577870726585388, 'eval_accuracy': 0.723, 'eval_f1': 0.7046274446134897, 'eval_runtime': 0.3252, 'eval_samples_per_second': 6150.141, 'eval_steps_per_second': 193.729, 'epoch': 16.0}
{'loss': 0.576, 'grad_norm': 4.8240766525268555, 'learning_rate': 7.6e-06, 'epoch': 17.0}
{'eval_loss': 0.8603575825691223, 'eval_accuracy': 0.729, 'eval_f1': 0.7145874739621559, 'eval_runtime': 0.3235, 'eval_samples_per_second': 6181.507, 'eval_steps_per_second': 194.717, 'epoch': 17.0}
{'loss': 0.54, 'grad_norm': 4.177363395690918, 'learning_rate': 5.1e-06, 'epoch': 18.0}
{'eval_loss': 0.8390949368476868, 'eval_accuracy': 0.736, 'eval_f1': 0.721877371152381, 'eval_runtime': 0.3255, 'eval_samples_per_second': 6144.339, 'eval_steps_per_second': 193.547, 'epoch': 18.0}
{'loss': 0.5283, 'grad_norm': 4.492955684661865, 'learning_rate': 2.6e-06, 'epoch': 19.0}
{'eval_loss': 0.8404982089996338, 'eval_accuracy': 0.738, 'eval_f1': 0.7254905583112401, 'eval_runtime': 0.3235, 'eval_samples_per_second': 6181.844, 'eval_steps_per_second': 194.728, 'epoch': 19.0}
{'loss': 0.5263, 'grad_norm': 6.4166412353515625, 'learning_rate': 1.0000000000000001e-07, 'epoch': 20.0}
{'eval_loss': 0.8381097316741943, 'eval_accuracy': 0.736, 'eval_f1': 0.7229760136800703, 'eval_runtime': 0.3607, 'eval_samples_per_second': 5544.93, 'eval_steps_per_second': 174.665, 'epoch': 20.0}
{'train_runtime': 22.5829, 'train_samples_per_second': 708.5, 'train_steps_per_second': 22.141, 'train_loss': 0.9408648147583007, 'epoch': 20.0}
Job finished at: Thu Jan  8 02:01:08 PM CET 2026
