/data/courses/2025_dat450_dit247/venvs/dat450_venv/bin/python3
Job started at: Fri Dec 26 12:12:50 AM CET 2025
Running on node: europa
Job ID: 115345
GPU: 2

============================== LOADED DATASET ==============================
Fraction of training data:  1.0
Train: 16000, Val: 2000, Test: 2000

============================== LOADED DATASET ==============================
Fraction of training data:  1.0
Train: 16000, Val: 2000, Test: 2000

============================== LOADED DATASET ==============================
Fraction of training data:  1.0
Train: 16000, Val: 2000, Test: 2000
Saved student datasets to:
  ./outputs/seed101_frac1.0/student_dataset_distilbert
  ./outputs/seed101_frac1.0/student_dataset_bertmini

============================== Training teacher model ==============================
{'loss': 0.4074, 'grad_norm': 0.9387452602386475, 'learning_rate': 4.7505e-05, 'epoch': 1.0}
{'eval_loss': 0.18027205765247345, 'eval_accuracy': 0.9255, 'eval_f1': 0.9251835684557375, 'eval_runtime': 8.1544, 'eval_samples_per_second': 245.266, 'eval_steps_per_second': 7.726, 'epoch': 1.0}
{'loss': 0.1455, 'grad_norm': 1.7042877674102783, 'learning_rate': 4.5005e-05, 'epoch': 2.0}
{'eval_loss': 0.14780232310295105, 'eval_accuracy': 0.937, 'eval_f1': 0.9356371385055083, 'eval_runtime': 1.7148, 'eval_samples_per_second': 1166.344, 'eval_steps_per_second': 36.74, 'epoch': 2.0}
{'loss': 0.1116, 'grad_norm': 7.021535873413086, 'learning_rate': 4.2505e-05, 'epoch': 3.0}
{'eval_loss': 0.1640854775905609, 'eval_accuracy': 0.937, 'eval_f1': 0.9376809591882374, 'eval_runtime': 1.7248, 'eval_samples_per_second': 1159.529, 'eval_steps_per_second': 36.525, 'epoch': 3.0}
{'loss': 0.0959, 'grad_norm': 10.163985252380371, 'learning_rate': 4.0005e-05, 'epoch': 4.0}
{'eval_loss': 0.1708599179983139, 'eval_accuracy': 0.943, 'eval_f1': 0.9422029329306739, 'eval_runtime': 2.2885, 'eval_samples_per_second': 873.938, 'eval_steps_per_second': 27.529, 'epoch': 4.0}
{'loss': 0.0752, 'grad_norm': 18.100318908691406, 'learning_rate': 3.7505e-05, 'epoch': 5.0}
{'eval_loss': 0.21936143934726715, 'eval_accuracy': 0.9345, 'eval_f1': 0.9341924479975648, 'eval_runtime': 3.1441, 'eval_samples_per_second': 636.121, 'eval_steps_per_second': 20.038, 'epoch': 5.0}
{'loss': 0.0483, 'grad_norm': 2.7667312622070312, 'learning_rate': 3.5005e-05, 'epoch': 6.0}
{'eval_loss': 0.22777436673641205, 'eval_accuracy': 0.9435, 'eval_f1': 0.9433135437286836, 'eval_runtime': 2.1312, 'eval_samples_per_second': 938.448, 'eval_steps_per_second': 29.561, 'epoch': 6.0}
{'loss': 0.0322, 'grad_norm': 1.4298515319824219, 'learning_rate': 3.2505e-05, 'epoch': 7.0}
{'eval_loss': 0.3193748891353607, 'eval_accuracy': 0.9365, 'eval_f1': 0.9354511827887817, 'eval_runtime': 2.1636, 'eval_samples_per_second': 924.377, 'eval_steps_per_second': 29.118, 'epoch': 7.0}
{'loss': 0.023, 'grad_norm': 0.005446850787848234, 'learning_rate': 3.0004999999999998e-05, 'epoch': 8.0}
{'eval_loss': 0.3409169018268585, 'eval_accuracy': 0.9385, 'eval_f1': 0.9387098753644375, 'eval_runtime': 1.6642, 'eval_samples_per_second': 1201.793, 'eval_steps_per_second': 37.856, 'epoch': 8.0}
{'loss': 0.0175, 'grad_norm': 0.07433333992958069, 'learning_rate': 2.7505000000000002e-05, 'epoch': 9.0}
{'eval_loss': 0.3926520049571991, 'eval_accuracy': 0.9385, 'eval_f1': 0.938759637881189, 'eval_runtime': 1.6804, 'eval_samples_per_second': 1190.193, 'eval_steps_per_second': 37.491, 'epoch': 9.0}
{'loss': 0.0134, 'grad_norm': 0.004322327673435211, 'learning_rate': 2.5005000000000002e-05, 'epoch': 10.0}
{'eval_loss': 0.4166763126850128, 'eval_accuracy': 0.9365, 'eval_f1': 0.9366708425176216, 'eval_runtime': 1.6775, 'eval_samples_per_second': 1192.236, 'eval_steps_per_second': 37.555, 'epoch': 10.0}
{'loss': 0.0086, 'grad_norm': 0.002711863722652197, 'learning_rate': 2.2505000000000002e-05, 'epoch': 11.0}
{'eval_loss': 0.45130065083503723, 'eval_accuracy': 0.9385, 'eval_f1': 0.9382565208705677, 'eval_runtime': 1.8157, 'eval_samples_per_second': 1101.495, 'eval_steps_per_second': 34.697, 'epoch': 11.0}
{'loss': 0.0117, 'grad_norm': 0.025294313207268715, 'learning_rate': 2.0005000000000002e-05, 'epoch': 12.0}
{'eval_loss': 0.37282824516296387, 'eval_accuracy': 0.9395, 'eval_f1': 0.9392314375944582, 'eval_runtime': 1.6791, 'eval_samples_per_second': 1191.104, 'eval_steps_per_second': 37.52, 'epoch': 12.0}
{'loss': 0.0075, 'grad_norm': 0.0021701641380786896, 'learning_rate': 1.7505000000000003e-05, 'epoch': 13.0}
{'eval_loss': 0.4468564987182617, 'eval_accuracy': 0.9315, 'eval_f1': 0.9309259151391432, 'eval_runtime': 1.8168, 'eval_samples_per_second': 1100.859, 'eval_steps_per_second': 34.677, 'epoch': 13.0}
{'loss': 0.006, 'grad_norm': 1.6926026344299316, 'learning_rate': 1.5005e-05, 'epoch': 14.0}
{'eval_loss': 0.4350694417953491, 'eval_accuracy': 0.941, 'eval_f1': 0.9410559725952843, 'eval_runtime': 1.716, 'eval_samples_per_second': 1165.522, 'eval_steps_per_second': 36.714, 'epoch': 14.0}
{'loss': 0.0085, 'grad_norm': 0.0016432106494903564, 'learning_rate': 1.2505e-05, 'epoch': 15.0}
{'eval_loss': 0.41240793466567993, 'eval_accuracy': 0.943, 'eval_f1': 0.9428208406373767, 'eval_runtime': 1.686, 'eval_samples_per_second': 1186.205, 'eval_steps_per_second': 37.365, 'epoch': 15.0}
{'loss': 0.0052, 'grad_norm': 0.014539487659931183, 'learning_rate': 1.0005e-05, 'epoch': 16.0}
{'eval_loss': 0.46444442868232727, 'eval_accuracy': 0.9425, 'eval_f1': 0.9420702636550136, 'eval_runtime': 1.6755, 'eval_samples_per_second': 1193.704, 'eval_steps_per_second': 37.602, 'epoch': 16.0}
{'loss': 0.0032, 'grad_norm': 0.6278679966926575, 'learning_rate': 7.505000000000001e-06, 'epoch': 17.0}
{'eval_loss': 0.48285794258117676, 'eval_accuracy': 0.939, 'eval_f1': 0.9387805603635321, 'eval_runtime': 1.7971, 'eval_samples_per_second': 1112.882, 'eval_steps_per_second': 35.056, 'epoch': 17.0}
{'loss': 0.0032, 'grad_norm': 0.6513001322746277, 'learning_rate': 5.005e-06, 'epoch': 18.0}
{'eval_loss': 0.47459447383880615, 'eval_accuracy': 0.941, 'eval_f1': 0.9408618289605729, 'eval_runtime': 2.9184, 'eval_samples_per_second': 685.313, 'eval_steps_per_second': 21.587, 'epoch': 18.0}
{'loss': 0.004, 'grad_norm': 0.0011476841755211353, 'learning_rate': 2.505e-06, 'epoch': 19.0}
{'eval_loss': 0.4680023193359375, 'eval_accuracy': 0.9425, 'eval_f1': 0.942297783945806, 'eval_runtime': 2.0778, 'eval_samples_per_second': 962.559, 'eval_steps_per_second': 30.321, 'epoch': 19.0}
{'loss': 0.0046, 'grad_norm': 0.0008235808927565813, 'learning_rate': 5e-09, 'epoch': 20.0}
{'eval_loss': 0.4735960364341736, 'eval_accuracy': 0.9405, 'eval_f1': 0.9403174895640536, 'eval_runtime': 2.1814, 'eval_samples_per_second': 916.847, 'eval_steps_per_second': 28.881, 'epoch': 20.0}
{'train_runtime': 1081.9078, 'train_samples_per_second': 295.774, 'train_steps_per_second': 9.243, 'train_loss': 0.05161729534864426, 'epoch': 20.0}

============================== Training student base model ==============================
{'loss': 0.4373, 'grad_norm': 5.904406547546387, 'learning_rate': 4.7505e-05, 'epoch': 1.0}
{'eval_loss': 0.20087334513664246, 'eval_accuracy': 0.9265, 'eval_f1': 0.9272747674120645, 'eval_runtime': 0.9192, 'eval_samples_per_second': 2175.723, 'eval_steps_per_second': 68.535, 'epoch': 1.0}
{'loss': 0.1493, 'grad_norm': 2.343900442123413, 'learning_rate': 4.5005e-05, 'epoch': 2.0}
{'eval_loss': 0.15441375970840454, 'eval_accuracy': 0.9355, 'eval_f1': 0.9340322238196643, 'eval_runtime': 0.9054, 'eval_samples_per_second': 2209.052, 'eval_steps_per_second': 69.585, 'epoch': 2.0}
{'loss': 0.112, 'grad_norm': 1.6249186992645264, 'learning_rate': 4.2505e-05, 'epoch': 3.0}
{'eval_loss': 0.13505642116069794, 'eval_accuracy': 0.9415, 'eval_f1': 0.9414496990611351, 'eval_runtime': 0.8842, 'eval_samples_per_second': 2262.011, 'eval_steps_per_second': 71.253, 'epoch': 3.0}
{'loss': 0.0903, 'grad_norm': 5.970242023468018, 'learning_rate': 4.0005e-05, 'epoch': 4.0}
{'eval_loss': 0.17500479519367218, 'eval_accuracy': 0.93, 'eval_f1': 0.9307787953507229, 'eval_runtime': 1.131, 'eval_samples_per_second': 1768.306, 'eval_steps_per_second': 55.702, 'epoch': 4.0}
{'loss': 0.0673, 'grad_norm': 0.2546209990978241, 'learning_rate': 3.7505e-05, 'epoch': 5.0}
{'eval_loss': 0.23580478131771088, 'eval_accuracy': 0.93, 'eval_f1': 0.9303025348142863, 'eval_runtime': 0.8779, 'eval_samples_per_second': 2278.144, 'eval_steps_per_second': 71.762, 'epoch': 5.0}
{'loss': 0.0472, 'grad_norm': 1.189767837524414, 'learning_rate': 3.5005e-05, 'epoch': 6.0}
{'eval_loss': 0.23206984996795654, 'eval_accuracy': 0.934, 'eval_f1': 0.9340226357208629, 'eval_runtime': 0.8578, 'eval_samples_per_second': 2331.42, 'eval_steps_per_second': 73.44, 'epoch': 6.0}
{'loss': 0.0353, 'grad_norm': 0.230885311961174, 'learning_rate': 3.2505e-05, 'epoch': 7.0}
{'eval_loss': 0.26257485151290894, 'eval_accuracy': 0.9385, 'eval_f1': 0.9376900486794654, 'eval_runtime': 0.8613, 'eval_samples_per_second': 2321.975, 'eval_steps_per_second': 73.142, 'epoch': 7.0}
{'loss': 0.018, 'grad_norm': 0.02104281261563301, 'learning_rate': 3.0004999999999998e-05, 'epoch': 8.0}
{'eval_loss': 0.3236096203327179, 'eval_accuracy': 0.9375, 'eval_f1': 0.9372439848402108, 'eval_runtime': 1.6168, 'eval_samples_per_second': 1237.003, 'eval_steps_per_second': 38.966, 'epoch': 8.0}
{'loss': 0.0171, 'grad_norm': 0.0058236741460859776, 'learning_rate': 2.7505000000000002e-05, 'epoch': 9.0}
{'eval_loss': 0.35282161831855774, 'eval_accuracy': 0.937, 'eval_f1': 0.9371376344715571, 'eval_runtime': 0.8741, 'eval_samples_per_second': 2288.198, 'eval_steps_per_second': 72.078, 'epoch': 9.0}
{'loss': 0.0144, 'grad_norm': 0.0026151491329073906, 'learning_rate': 2.5005000000000002e-05, 'epoch': 10.0}
{'eval_loss': 0.3502134680747986, 'eval_accuracy': 0.94, 'eval_f1': 0.9397997254715125, 'eval_runtime': 0.8877, 'eval_samples_per_second': 2253.01, 'eval_steps_per_second': 70.97, 'epoch': 10.0}
{'loss': 0.0103, 'grad_norm': 0.0017156125977635384, 'learning_rate': 2.2505000000000002e-05, 'epoch': 11.0}
{'eval_loss': 0.38395002484321594, 'eval_accuracy': 0.9415, 'eval_f1': 0.9409058841831904, 'eval_runtime': 0.8557, 'eval_samples_per_second': 2337.295, 'eval_steps_per_second': 73.625, 'epoch': 11.0}
{'loss': 0.0089, 'grad_norm': 0.19727373123168945, 'learning_rate': 2.0005000000000002e-05, 'epoch': 12.0}
{'eval_loss': 0.36061984300613403, 'eval_accuracy': 0.939, 'eval_f1': 0.9387661941845319, 'eval_runtime': 0.8549, 'eval_samples_per_second': 2339.53, 'eval_steps_per_second': 73.695, 'epoch': 12.0}
{'loss': 0.0083, 'grad_norm': 0.0008924032445065677, 'learning_rate': 1.7505000000000003e-05, 'epoch': 13.0}
{'eval_loss': 0.40996241569519043, 'eval_accuracy': 0.9355, 'eval_f1': 0.9351496752941424, 'eval_runtime': 0.856, 'eval_samples_per_second': 2336.343, 'eval_steps_per_second': 73.595, 'epoch': 13.0}
{'loss': 0.0045, 'grad_norm': 0.0019232929917052388, 'learning_rate': 1.5005e-05, 'epoch': 14.0}
{'eval_loss': 0.43437620997428894, 'eval_accuracy': 0.939, 'eval_f1': 0.9389538740091729, 'eval_runtime': 0.8609, 'eval_samples_per_second': 2323.054, 'eval_steps_per_second': 73.176, 'epoch': 14.0}
{'loss': 0.0046, 'grad_norm': 0.01203370001167059, 'learning_rate': 1.2505e-05, 'epoch': 15.0}
{'eval_loss': 0.4615430235862732, 'eval_accuracy': 0.938, 'eval_f1': 0.937503245825761, 'eval_runtime': 0.9295, 'eval_samples_per_second': 2151.753, 'eval_steps_per_second': 67.78, 'epoch': 15.0}
{'loss': 0.0051, 'grad_norm': 0.0009547125082463026, 'learning_rate': 1.0005e-05, 'epoch': 16.0}
{'eval_loss': 0.43266138434410095, 'eval_accuracy': 0.9415, 'eval_f1': 0.9412335744728557, 'eval_runtime': 0.8598, 'eval_samples_per_second': 2326.153, 'eval_steps_per_second': 73.274, 'epoch': 16.0}
{'loss': 0.0042, 'grad_norm': 0.4600832164287567, 'learning_rate': 7.505000000000001e-06, 'epoch': 17.0}
{'eval_loss': 0.44356223940849304, 'eval_accuracy': 0.9395, 'eval_f1': 0.9390401661785286, 'eval_runtime': 0.8589, 'eval_samples_per_second': 2328.579, 'eval_steps_per_second': 73.35, 'epoch': 17.0}
{'loss': 0.0038, 'grad_norm': 0.403328537940979, 'learning_rate': 5.005e-06, 'epoch': 18.0}
{'eval_loss': 0.4338216483592987, 'eval_accuracy': 0.94, 'eval_f1': 0.9396158339140845, 'eval_runtime': 0.8727, 'eval_samples_per_second': 2291.662, 'eval_steps_per_second': 72.187, 'epoch': 18.0}
{'loss': 0.0039, 'grad_norm': 0.0005412243190221488, 'learning_rate': 2.505e-06, 'epoch': 19.0}
{'eval_loss': 0.4491298794746399, 'eval_accuracy': 0.9385, 'eval_f1': 0.9383454229841384, 'eval_runtime': 0.8613, 'eval_samples_per_second': 2321.983, 'eval_steps_per_second': 73.142, 'epoch': 19.0}
{'loss': 0.0035, 'grad_norm': 0.0006480952142737806, 'learning_rate': 5e-09, 'epoch': 20.0}
{'eval_loss': 0.4535338878631592, 'eval_accuracy': 0.94, 'eval_f1': 0.9397348250565596, 'eval_runtime': 0.8617, 'eval_samples_per_second': 2320.892, 'eval_steps_per_second': 73.108, 'epoch': 20.0}
{'train_runtime': 568.3914, 'train_samples_per_second': 562.992, 'train_steps_per_second': 17.594, 'train_loss': 0.05225664697885513, 'epoch': 20.0}

============================== Training BERT tiny student base model ==============================
{'loss': 0.9604, 'grad_norm': 5.338061332702637, 'learning_rate': 4.7505e-05, 'epoch': 1.0}
{'eval_loss': 0.4051775336265564, 'eval_accuracy': 0.8885, 'eval_f1': 0.8893693806273782, 'eval_runtime': 0.3447, 'eval_samples_per_second': 5801.965, 'eval_steps_per_second': 182.762, 'epoch': 1.0}
{'loss': 0.313, 'grad_norm': 18.878511428833008, 'learning_rate': 4.5005e-05, 'epoch': 2.0}
{'eval_loss': 0.21192562580108643, 'eval_accuracy': 0.9245, 'eval_f1': 0.9248521835651484, 'eval_runtime': 0.329, 'eval_samples_per_second': 6079.666, 'eval_steps_per_second': 191.509, 'epoch': 2.0}
{'loss': 0.1998, 'grad_norm': 6.364467144012451, 'learning_rate': 4.2505e-05, 'epoch': 3.0}
{'eval_loss': 0.18478494882583618, 'eval_accuracy': 0.9245, 'eval_f1': 0.9252028904695369, 'eval_runtime': 0.3283, 'eval_samples_per_second': 6091.923, 'eval_steps_per_second': 191.896, 'epoch': 3.0}
{'loss': 0.152, 'grad_norm': 9.993576049804688, 'learning_rate': 4.0005e-05, 'epoch': 4.0}
{'eval_loss': 0.1863655149936676, 'eval_accuracy': 0.936, 'eval_f1': 0.9367847082977516, 'eval_runtime': 0.3575, 'eval_samples_per_second': 5594.468, 'eval_steps_per_second': 176.226, 'epoch': 4.0}
{'loss': 0.1259, 'grad_norm': 1.3379358053207397, 'learning_rate': 3.7505e-05, 'epoch': 5.0}
{'eval_loss': 0.1842859536409378, 'eval_accuracy': 0.9295, 'eval_f1': 0.9297694533545428, 'eval_runtime': 0.3286, 'eval_samples_per_second': 6086.133, 'eval_steps_per_second': 191.713, 'epoch': 5.0}
{'loss': 0.1068, 'grad_norm': 5.068414211273193, 'learning_rate': 3.5005e-05, 'epoch': 6.0}
{'eval_loss': 0.18431571125984192, 'eval_accuracy': 0.9345, 'eval_f1': 0.9349771654835045, 'eval_runtime': 0.3656, 'eval_samples_per_second': 5470.337, 'eval_steps_per_second': 172.316, 'epoch': 6.0}
{'loss': 0.092, 'grad_norm': 2.0851125717163086, 'learning_rate': 3.2505e-05, 'epoch': 7.0}
{'eval_loss': 0.24497325718402863, 'eval_accuracy': 0.9285, 'eval_f1': 0.9274260926044064, 'eval_runtime': 0.3298, 'eval_samples_per_second': 6064.884, 'eval_steps_per_second': 191.044, 'epoch': 7.0}
{'loss': 0.0765, 'grad_norm': 3.089017629623413, 'learning_rate': 3.0004999999999998e-05, 'epoch': 8.0}
{'eval_loss': 0.23591560125350952, 'eval_accuracy': 0.9315, 'eval_f1': 0.9320821406561378, 'eval_runtime': 0.3286, 'eval_samples_per_second': 6086.336, 'eval_steps_per_second': 191.72, 'epoch': 8.0}
{'loss': 0.0653, 'grad_norm': 3.329291582107544, 'learning_rate': 2.7505000000000002e-05, 'epoch': 9.0}
{'eval_loss': 0.2523757815361023, 'eval_accuracy': 0.9305, 'eval_f1': 0.9305653556494659, 'eval_runtime': 0.3271, 'eval_samples_per_second': 6115.055, 'eval_steps_per_second': 192.624, 'epoch': 9.0}
{'loss': 0.052, 'grad_norm': 8.920989990234375, 'learning_rate': 2.5005000000000002e-05, 'epoch': 10.0}
{'eval_loss': 0.27419334650039673, 'eval_accuracy': 0.9285, 'eval_f1': 0.9289665105212186, 'eval_runtime': 0.3279, 'eval_samples_per_second': 6100.229, 'eval_steps_per_second': 192.157, 'epoch': 10.0}
{'loss': 0.0524, 'grad_norm': 0.02099750190973282, 'learning_rate': 2.2505000000000002e-05, 'epoch': 11.0}
{'eval_loss': 0.27518564462661743, 'eval_accuracy': 0.935, 'eval_f1': 0.9351456562810087, 'eval_runtime': 0.3295, 'eval_samples_per_second': 6069.088, 'eval_steps_per_second': 191.176, 'epoch': 11.0}
{'loss': 0.0412, 'grad_norm': 3.5204763412475586, 'learning_rate': 2.0005000000000002e-05, 'epoch': 12.0}
{'eval_loss': 0.2977859079837799, 'eval_accuracy': 0.932, 'eval_f1': 0.9324800901951038, 'eval_runtime': 0.3285, 'eval_samples_per_second': 6088.006, 'eval_steps_per_second': 191.772, 'epoch': 12.0}
{'loss': 0.0401, 'grad_norm': 0.12019055336713791, 'learning_rate': 1.7505000000000003e-05, 'epoch': 13.0}
{'eval_loss': 0.2964702248573303, 'eval_accuracy': 0.934, 'eval_f1': 0.9343822714096042, 'eval_runtime': 0.3271, 'eval_samples_per_second': 6113.968, 'eval_steps_per_second': 192.59, 'epoch': 13.0}
{'loss': 0.0295, 'grad_norm': 0.17637300491333008, 'learning_rate': 1.5005e-05, 'epoch': 14.0}
{'eval_loss': 0.33203044533729553, 'eval_accuracy': 0.932, 'eval_f1': 0.9325339969674852, 'eval_runtime': 0.3604, 'eval_samples_per_second': 5549.427, 'eval_steps_per_second': 174.807, 'epoch': 14.0}
{'loss': 0.0324, 'grad_norm': 1.7959914207458496, 'learning_rate': 1.2505e-05, 'epoch': 15.0}
{'eval_loss': 0.32678669691085815, 'eval_accuracy': 0.9295, 'eval_f1': 0.9297808496743, 'eval_runtime': 0.3278, 'eval_samples_per_second': 6101.383, 'eval_steps_per_second': 192.194, 'epoch': 15.0}
{'loss': 0.025, 'grad_norm': 1.263999104499817, 'learning_rate': 1.0005e-05, 'epoch': 16.0}
{'eval_loss': 0.33637040853500366, 'eval_accuracy': 0.9335, 'eval_f1': 0.9337522653867694, 'eval_runtime': 0.3276, 'eval_samples_per_second': 6105.504, 'eval_steps_per_second': 192.323, 'epoch': 16.0}
{'loss': 0.0282, 'grad_norm': 21.87179946899414, 'learning_rate': 7.505000000000001e-06, 'epoch': 17.0}
{'eval_loss': 0.3492310047149658, 'eval_accuracy': 0.931, 'eval_f1': 0.9313932297693347, 'eval_runtime': 0.352, 'eval_samples_per_second': 5682.342, 'eval_steps_per_second': 178.994, 'epoch': 17.0}
{'loss': 0.0233, 'grad_norm': 7.771381378173828, 'learning_rate': 5.005e-06, 'epoch': 18.0}
{'eval_loss': 0.34607431292533875, 'eval_accuracy': 0.9325, 'eval_f1': 0.9330069416140214, 'eval_runtime': 0.3389, 'eval_samples_per_second': 5901.822, 'eval_steps_per_second': 185.907, 'epoch': 18.0}
{'loss': 0.0204, 'grad_norm': 3.7181973457336426, 'learning_rate': 2.505e-06, 'epoch': 19.0}
{'eval_loss': 0.359012633562088, 'eval_accuracy': 0.935, 'eval_f1': 0.9352657057449568, 'eval_runtime': 0.3257, 'eval_samples_per_second': 6139.703, 'eval_steps_per_second': 193.401, 'epoch': 19.0}
{'loss': 0.018, 'grad_norm': 8.49055004119873, 'learning_rate': 5e-09, 'epoch': 20.0}
{'eval_loss': 0.35431361198425293, 'eval_accuracy': 0.931, 'eval_f1': 0.9311623424636927, 'eval_runtime': 0.3285, 'eval_samples_per_second': 6088.43, 'eval_steps_per_second': 191.786, 'epoch': 20.0}
{'train_runtime': 132.4688, 'train_samples_per_second': 2415.662, 'train_steps_per_second': 75.489, 'train_loss': 0.1227173357963562, 'epoch': 20.0}
Job finished at: Fri Dec 26 12:43:06 AM CET 2025
